Running server tests...
=== RUN   TestCacheService_PutObjectAndGet
{"level":"info","diskPath":"/var/folders/w5/nl65sjbn1ssb99yw7_w9y85w0000gn/T/TestCacheService_PutObjectAndGet1095370234/001","ttl":3600,"time":"2025-08-13T20:19:16-07:00","message":"creating metadata DB"}
{"level":"info","time":"2025-08-13T20:19:16-07:00","message":"metadata DB created"}
{"level":"info","segmentsPath":"/var/folders/w5/nl65sjbn1ssb99yw7_w9y85w0000gn/T/TestCacheService_PutObjectAndGet1095370234/001/segments","time":"2025-08-13T20:19:16-07:00","message":"creating segment manager"}
{"level":"info","path":"/var/folders/w5/nl65sjbn1ssb99yw7_w9y85w0000gn/T/TestCacheService_PutObjectAndGet1095370234/001/segments","time":"2025-08-13T20:19:16-07:00","message":"loading segments"}
{"level":"info","path":"/var/folders/w5/nl65sjbn1ssb99yw7_w9y85w0000gn/T/TestCacheService_PutObjectAndGet1095370234/001/segments","time":"2025-08-13T20:19:16-07:00","message":"finished loading segments"}
{"level":"info","path":"/var/folders/w5/nl65sjbn1ssb99yw7_w9y85w0000gn/T/TestCacheService_PutObjectAndGet1095370234/001/segments","time":"2025-08-13T20:19:16-07:00","message":"finished finalizing open segments"}
{"level":"info","time":"2025-08-13T20:19:16-07:00","message":"segment manager created"}
{"level":"info","filesPath":"/var/folders/w5/nl65sjbn1ssb99yw7_w9y85w0000gn/T/TestCacheService_PutObjectAndGet1095370234/001/files","time":"2025-08-13T20:19:16-07:00","message":"creating files manager"}
{"level":"info","time":"2025-08-13T20:19:16-07:00","message":"files.recovery: starting startup recovery"}
{"level":"info","time":"2025-08-13T20:19:16-07:00","message":"files.recovery: using streaming approach"}
{"level":"info","entries":0,"time":"2025-08-13T20:19:16-07:00","message":"files.recovery: finished streaming entries"}
{"level":"info","total":0,"valid":0,"corrupted":0,"stale":0,"orphaned":0,"missing":0,"duration":0.134917,"time":"2025-08-13T20:19:16-07:00","message":"files.recovery: completed"}
{"level":"info","batch_size":1000,"interval":1000,"prune_age":86400000,"time":"2025-08-13T20:19:16-07:00","message":"deletion queue: started"}
{"level":"info","time":"2025-08-13T20:19:16-07:00","message":"compactor: starting background compaction loop"}
{"level":"info","ttl_cleanup_interval":60000,"max_disk_usage":1073741824,"time":"2025-08-13T20:19:16-07:00","message":"storage: started background cleaner with TTL cleanup and LRU eviction"}
{"level":"info","buffer_size":10000,"batch_interval":100,"time":"2025-08-13T20:19:16-07:00","message":"storage: started async access updater for LRU tracking"}
{"level":"info","interval":30000,"kernel_sync_age":60000,"time":"2025-08-13T20:19:16-07:00","message":"files.monitor: started sync monitor"}
{"level":"info","time":"2025-08-13T20:19:16-07:00","message":"storage: started passive sync monitor"}
{"level":"info","time":"2025-08-13T20:19:16-07:00","message":"cleaner: starting background cleanup loop"}
{"level":"info","total_size":0,"time":"2025-08-13T20:19:16-07:00","message":"cleaner: calculated total storage size"}
{"level":"debug","key":"testkey","ttl":0,"data_len":11,"time":"2025-08-13T20:19:16-07:00","message":"PutObject called (unary for REST)"}
{"level":"debug","key":"testkey","time":"2025-08-13T20:19:16-07:00","message":"storage.putLow: storing in RocksDB"}
{"level":"debug","key":"testkey","start":0,"end":0,"time":"2025-08-13T20:19:16-07:00","message":"gRPC Get called"}
{"level":"debug","key":"testkey","time":"2025-08-13T20:19:16-07:00","message":"storage.Get: decoded proto ValueMessage"}
--- PASS: TestCacheService_PutObjectAndGet (0.05s)
=== RUN   TestCacheService_Delete
{"level":"info","segmentsPath":"/var/folders/w5/nl65sjbn1ssb99yw7_w9y85w0000gn/T/TestCacheService_Delete1747890747/001/segments","time":"2025-08-13T20:19:16-07:00","message":"creating segment manager"}
{"level":"info","path":"/var/folders/w5/nl65sjbn1ssb99yw7_w9y85w0000gn/T/TestCacheService_Delete1747890747/001/segments","time":"2025-08-13T20:19:16-07:00","message":"loading segments"}
{"level":"info","path":"/var/folders/w5/nl65sjbn1ssb99yw7_w9y85w0000gn/T/TestCacheService_Delete1747890747/001/segments","time":"2025-08-13T20:19:16-07:00","message":"finished loading segments"}
{"level":"info","path":"/var/folders/w5/nl65sjbn1ssb99yw7_w9y85w0000gn/T/TestCacheService_Delete1747890747/001/segments","time":"2025-08-13T20:19:16-07:00","message":"finished finalizing open segments"}
{"level":"info","time":"2025-08-13T20:19:16-07:00","message":"segment manager created"}
{"level":"info","filesPath":"/var/folders/w5/nl65sjbn1ssb99yw7_w9y85w0000gn/T/TestCacheService_Delete1747890747/001/files","time":"2025-08-13T20:19:16-07:00","message":"creating files manager"}
{"level":"info","time":"2025-08-13T20:19:16-07:00","message":"files.recovery: starting startup recovery"}
{"level":"info","time":"2025-08-13T20:19:16-07:00","message":"files.recovery: using streaming approach"}
{"level":"info","entries":0,"time":"2025-08-13T20:19:16-07:00","message":"files.recovery: finished streaming entries"}
{"level":"info","total":0,"valid":0,"corrupted":0,"stale":0,"orphaned":0,"missing":0,"duration":0.051125,"time":"2025-08-13T20:19:16-07:00","message":"files.recovery: completed"}
{"level":"info","batch_size":1000,"interval":1000,"prune_age":86400000,"time":"2025-08-13T20:19:16-07:00","message":"deletion queue: started"}
{"level":"info","ttl_cleanup_interval":60000,"max_disk_usage":1073741824,"time":"2025-08-13T20:19:16-07:00","message":"storage: started background cleaner with TTL cleanup and LRU eviction"}
{"level":"info","buffer_size":10000,"batch_interval":100,"time":"2025-08-13T20:19:16-07:00","message":"storage: started async access updater for LRU tracking"}
{"level":"info","interval":30000,"kernel_sync_age":60000,"time":"2025-08-13T20:19:16-07:00","message":"files.monitor: started sync monitor"}
{"level":"info","time":"2025-08-13T20:19:16-07:00","message":"storage: started passive sync monitor"}
{"level":"debug","key":"delkey","ttl":0,"data_len":3,"time":"2025-08-13T20:19:16-07:00","message":"PutObject called (unary for REST)"}
{"level":"debug","key":"delkey","time":"2025-08-13T20:19:16-07:00","message":"storage.putLow: storing in RocksDB"}
{"level":"debug","key":"delkey","time":"2025-08-13T20:19:16-07:00","message":"gRPC Delete called"}
{"level":"debug","key":"delkey","start":0,"end":0,"time":"2025-08-13T20:19:16-07:00","message":"gRPC Get called"}
{"level":"info","time":"2025-08-13T20:19:16-07:00","message":"compactor: starting background compaction loop"}
{"level":"info","time":"2025-08-13T20:19:16-07:00","message":"cleaner: starting background cleanup loop"}
{"level":"debug","key":"delkey","time":"2025-08-13T20:19:16-07:00","message":"storage.Get: not found in DB"}
{"level":"info","total_size":11,"time":"2025-08-13T20:19:16-07:00","message":"cleaner: calculated total storage size"}
--- PASS: TestCacheService_Delete (0.00s)
=== RUN   TestCacheService_List
{"level":"info","segmentsPath":"/var/folders/w5/nl65sjbn1ssb99yw7_w9y85w0000gn/T/TestCacheService_List2420892767/001/segments","time":"2025-08-13T20:19:16-07:00","message":"creating segment manager"}
{"level":"info","path":"/var/folders/w5/nl65sjbn1ssb99yw7_w9y85w0000gn/T/TestCacheService_List2420892767/001/segments","time":"2025-08-13T20:19:16-07:00","message":"loading segments"}
{"level":"info","path":"/var/folders/w5/nl65sjbn1ssb99yw7_w9y85w0000gn/T/TestCacheService_List2420892767/001/segments","time":"2025-08-13T20:19:16-07:00","message":"finished loading segments"}
{"level":"info","path":"/var/folders/w5/nl65sjbn1ssb99yw7_w9y85w0000gn/T/TestCacheService_List2420892767/001/segments","time":"2025-08-13T20:19:16-07:00","message":"finished finalizing open segments"}
{"level":"info","time":"2025-08-13T20:19:16-07:00","message":"segment manager created"}
{"level":"info","filesPath":"/var/folders/w5/nl65sjbn1ssb99yw7_w9y85w0000gn/T/TestCacheService_List2420892767/001/files","time":"2025-08-13T20:19:16-07:00","message":"creating files manager"}
{"level":"info","time":"2025-08-13T20:19:16-07:00","message":"files.recovery: starting startup recovery"}
{"level":"info","time":"2025-08-13T20:19:16-07:00","message":"files.recovery: using streaming approach"}
{"level":"info","entries":0,"time":"2025-08-13T20:19:16-07:00","message":"files.recovery: finished streaming entries"}
{"level":"info","total":0,"valid":0,"corrupted":0,"stale":0,"orphaned":0,"missing":0,"duration":0.189709,"time":"2025-08-13T20:19:16-07:00","message":"files.recovery: completed"}
{"level":"info","batch_size":1000,"interval":1000,"prune_age":86400000,"time":"2025-08-13T20:19:16-07:00","message":"deletion queue: started"}
{"level":"info","ttl_cleanup_interval":60000,"max_disk_usage":1073741824,"time":"2025-08-13T20:19:16-07:00","message":"storage: started background cleaner with TTL cleanup and LRU eviction"}
{"level":"info","time":"2025-08-13T20:19:16-07:00","message":"cleaner: starting background cleanup loop"}
{"level":"info","time":"2025-08-13T20:19:16-07:00","message":"compactor: starting background compaction loop"}
{"level":"info","buffer_size":10000,"batch_interval":100,"time":"2025-08-13T20:19:16-07:00","message":"storage: started async access updater for LRU tracking"}
{"level":"info","interval":30000,"kernel_sync_age":60000,"time":"2025-08-13T20:19:16-07:00","message":"files.monitor: started sync monitor"}
{"level":"info","time":"2025-08-13T20:19:16-07:00","message":"storage: started passive sync monitor"}
{"level":"debug","key":"a","ttl":0,"data_len":1,"time":"2025-08-13T20:19:16-07:00","message":"PutObject called (unary for REST)"}
{"level":"debug","key":"a","time":"2025-08-13T20:19:16-07:00","message":"storage.putLow: storing in RocksDB"}
{"level":"info","total_size":11,"time":"2025-08-13T20:19:16-07:00","message":"cleaner: calculated total storage size"}
{"level":"debug","key":"b","ttl":0,"data_len":1,"time":"2025-08-13T20:19:16-07:00","message":"PutObject called (unary for REST)"}
{"level":"debug","key":"b","time":"2025-08-13T20:19:16-07:00","message":"storage.putLow: storing in RocksDB"}
{"level":"debug","key":"c","ttl":0,"data_len":1,"time":"2025-08-13T20:19:16-07:00","message":"PutObject called (unary for REST)"}
{"level":"debug","key":"c","time":"2025-08-13T20:19:16-07:00","message":"storage.putLow: storing in RocksDB"}
{"level":"debug","time":"2025-08-13T20:19:16-07:00","message":"gRPC List called"}
--- PASS: TestCacheService_List (0.00s)
=== RUN   TestCacheService_Put_TTL
{"level":"info","segmentsPath":"/var/folders/w5/nl65sjbn1ssb99yw7_w9y85w0000gn/T/TestCacheService_Put_TTL9950351/001/segments","time":"2025-08-13T20:19:16-07:00","message":"creating segment manager"}
{"level":"info","path":"/var/folders/w5/nl65sjbn1ssb99yw7_w9y85w0000gn/T/TestCacheService_Put_TTL9950351/001/segments","time":"2025-08-13T20:19:16-07:00","message":"loading segments"}
{"level":"info","path":"/var/folders/w5/nl65sjbn1ssb99yw7_w9y85w0000gn/T/TestCacheService_Put_TTL9950351/001/segments","time":"2025-08-13T20:19:16-07:00","message":"finished loading segments"}
{"level":"info","path":"/var/folders/w5/nl65sjbn1ssb99yw7_w9y85w0000gn/T/TestCacheService_Put_TTL9950351/001/segments","time":"2025-08-13T20:19:16-07:00","message":"finished finalizing open segments"}
{"level":"info","time":"2025-08-13T20:19:16-07:00","message":"segment manager created"}
{"level":"info","filesPath":"/var/folders/w5/nl65sjbn1ssb99yw7_w9y85w0000gn/T/TestCacheService_Put_TTL9950351/001/files","time":"2025-08-13T20:19:16-07:00","message":"creating files manager"}
{"level":"info","time":"2025-08-13T20:19:16-07:00","message":"files.recovery: starting startup recovery"}
{"level":"info","time":"2025-08-13T20:19:16-07:00","message":"files.recovery: using streaming approach"}
{"level":"info","entries":0,"time":"2025-08-13T20:19:16-07:00","message":"files.recovery: finished streaming entries"}
{"level":"info","total":0,"valid":0,"corrupted":0,"stale":0,"orphaned":0,"missing":0,"duration":0.056333,"time":"2025-08-13T20:19:16-07:00","message":"files.recovery: completed"}
{"level":"info","batch_size":1000,"interval":1000,"prune_age":86400000,"time":"2025-08-13T20:19:16-07:00","message":"deletion queue: started"}
{"level":"info","ttl_cleanup_interval":60000,"max_disk_usage":1073741824,"time":"2025-08-13T20:19:16-07:00","message":"storage: started background cleaner with TTL cleanup and LRU eviction"}
{"level":"info","time":"2025-08-13T20:19:16-07:00","message":"compactor: starting background compaction loop"}
{"level":"info","time":"2025-08-13T20:19:16-07:00","message":"cleaner: starting background cleanup loop"}
{"level":"info","buffer_size":10000,"batch_interval":100,"time":"2025-08-13T20:19:16-07:00","message":"storage: started async access updater for LRU tracking"}
{"level":"info","interval":30000,"kernel_sync_age":60000,"time":"2025-08-13T20:19:16-07:00","message":"files.monitor: started sync monitor"}
{"level":"info","time":"2025-08-13T20:19:16-07:00","message":"storage: started passive sync monitor"}
{"level":"debug","key":"ttlkey","ttl":1,"data_len":8,"time":"2025-08-13T20:19:16-07:00","message":"PutObject called (unary for REST)"}
{"level":"info","total_size":14,"time":"2025-08-13T20:19:16-07:00","message":"cleaner: calculated total storage size"}
{"level":"debug","key":"ttlkey","ttl":1,"expiry":1755141557,"time":"2025-08-13T20:19:16-07:00","message":"storage.Put: setting TTL"}
{"level":"debug","key":"ttlkey","time":"2025-08-13T20:19:16-07:00","message":"storage.putLow: storing in RocksDB"}
{"level":"debug","key":"ttlkey","start":0,"end":0,"time":"2025-08-13T20:19:16-07:00","message":"gRPC Get called"}
{"level":"debug","key":"ttlkey","time":"2025-08-13T20:19:16-07:00","message":"storage.Get: decoded proto ValueMessage"}
{"level":"debug","key":"ttlkey","start":0,"end":0,"time":"2025-08-13T20:19:18-07:00","message":"gRPC Get called"}
{"level":"debug","key":"ttlkey","time":"2025-08-13T20:19:18-07:00","message":"storage.Get: decoded proto ValueMessage"}
{"level":"debug","key":"ttlkey","time":"2025-08-13T20:19:18-07:00","message":"storage.Get: key has expired, returning not found"}
--- PASS: TestCacheService_Put_TTL (2.01s)
PASS
ok  	github.com/tigrisdata/ocache/server	(cached)
=== RUN   TestCompactorStartClose
{"level":"info","diskPath":"/var/folders/w5/nl65sjbn1ssb99yw7_w9y85w0000gn/T/compactor-test-2380362892","ttl":0,"time":"2025-08-13T20:22:52-07:00","message":"creating metadata DB"}
{"level":"info","time":"2025-08-13T20:22:52-07:00","message":"metadata DB created"}
{"level":"info","filesPath":"/var/folders/w5/nl65sjbn1ssb99yw7_w9y85w0000gn/T/compactor-test-2380362892/files","time":"2025-08-13T20:22:52-07:00","message":"creating files manager"}
{"level":"info","segmentsPath":"/var/folders/w5/nl65sjbn1ssb99yw7_w9y85w0000gn/T/compactor-test-2380362892/segments","time":"2025-08-13T20:22:52-07:00","message":"creating segment manager"}
{"level":"info","path":"/var/folders/w5/nl65sjbn1ssb99yw7_w9y85w0000gn/T/compactor-test-2380362892/segments","time":"2025-08-13T20:22:52-07:00","message":"loading segments"}
{"level":"info","path":"/var/folders/w5/nl65sjbn1ssb99yw7_w9y85w0000gn/T/compactor-test-2380362892/segments","time":"2025-08-13T20:22:52-07:00","message":"finished loading segments"}
{"level":"info","path":"/var/folders/w5/nl65sjbn1ssb99yw7_w9y85w0000gn/T/compactor-test-2380362892/segments","time":"2025-08-13T20:22:52-07:00","message":"finished finalizing open segments"}
{"level":"info","time":"2025-08-13T20:22:52-07:00","message":"segment manager created"}
{"level":"info","time":"2025-08-13T20:22:52-07:00","message":"compactor: starting background compaction loop"}
{"level":"info","time":"2025-08-13T20:22:52-07:00","message":"compactor: background loop stopping"}
{"level":"info","time":"2025-08-13T20:22:52-07:00","message":"compactor: shutdown completed"}
{"level":"info","time":"2025-08-13T20:22:52-07:00","message":"closing metadata DB"}
{"level":"info","time":"2025-08-13T20:22:52-07:00","message":"metadata DB closed"}
--- PASS: TestCompactorStartClose (0.10s)
=== RUN   TestPrepareEntryForCompaction
--- PASS: TestPrepareEntryForCompaction (0.00s)
=== RUN   TestParseFileIndexRow
=== RUN   TestParseFileIndexRow/valid_row
=== RUN   TestParseFileIndexRow/missing_pipe_separator
=== RUN   TestParseFileIndexRow/pipe_at_start
=== RUN   TestParseFileIndexRow/empty_key_after_pipe
--- PASS: TestParseFileIndexRow (0.00s)
    --- PASS: TestParseFileIndexRow/valid_row (0.00s)
    --- PASS: TestParseFileIndexRow/missing_pipe_separator (0.00s)
    --- PASS: TestParseFileIndexRow/pipe_at_start (0.00s)
    --- PASS: TestParseFileIndexRow/empty_key_after_pipe (0.00s)
=== RUN   TestEnsureCapacity
{"level":"info","diskPath":"/var/folders/w5/nl65sjbn1ssb99yw7_w9y85w0000gn/T/compactor-test-1881516376","ttl":0,"time":"2025-08-13T20:22:52-07:00","message":"creating metadata DB"}
{"level":"info","time":"2025-08-13T20:22:52-07:00","message":"metadata DB created"}
{"level":"info","filesPath":"/var/folders/w5/nl65sjbn1ssb99yw7_w9y85w0000gn/T/compactor-test-1881516376/files","time":"2025-08-13T20:22:52-07:00","message":"creating files manager"}
{"level":"info","segmentsPath":"/var/folders/w5/nl65sjbn1ssb99yw7_w9y85w0000gn/T/compactor-test-1881516376/segments","time":"2025-08-13T20:22:52-07:00","message":"creating segment manager"}
{"level":"info","path":"/var/folders/w5/nl65sjbn1ssb99yw7_w9y85w0000gn/T/compactor-test-1881516376/segments","time":"2025-08-13T20:22:52-07:00","message":"loading segments"}
{"level":"info","path":"/var/folders/w5/nl65sjbn1ssb99yw7_w9y85w0000gn/T/compactor-test-1881516376/segments","time":"2025-08-13T20:22:52-07:00","message":"finished loading segments"}
{"level":"info","path":"/var/folders/w5/nl65sjbn1ssb99yw7_w9y85w0000gn/T/compactor-test-1881516376/segments","time":"2025-08-13T20:22:52-07:00","message":"finished finalizing open segments"}
{"level":"info","time":"2025-08-13T20:22:52-07:00","message":"segment manager created"}
{"level":"info","path":"/var/folders/w5/nl65sjbn1ssb99yw7_w9y85w0000gn/T/compactor-test-1881516376/segments/segment_1755141772487965000.seg","time":"2025-08-13T20:22:52-07:00","message":"creating new segment"}
{"level":"info","path":"/var/folders/w5/nl65sjbn1ssb99yw7_w9y85w0000gn/T/compactor-test-1881516376/segments/segment_1755141772487965000.seg","time":"2025-08-13T20:22:52-07:00","message":"finalizing segment"}
{"level":"info","path":"/var/folders/w5/nl65sjbn1ssb99yw7_w9y85w0000gn/T/compactor-test-1881516376/segments/segment_1755141772487965000.seg","time":"2025-08-13T20:22:52-07:00","message":"finished finalizing segment"}
{"level":"info","path":"/var/folders/w5/nl65sjbn1ssb99yw7_w9y85w0000gn/T/compactor-test-1881516376/segments/segment_1755141772492527000.seg","time":"2025-08-13T20:22:52-07:00","message":"creating new segment"}
{"level":"info","time":"2025-08-13T20:22:52-07:00","message":"closing metadata DB"}
{"level":"info","time":"2025-08-13T20:22:52-07:00","message":"metadata DB closed"}
--- PASS: TestEnsureCapacity (0.06s)
=== RUN   TestCopyFileIntoSegment
{"level":"info","diskPath":"/var/folders/w5/nl65sjbn1ssb99yw7_w9y85w0000gn/T/compactor-test-692248628","ttl":0,"time":"2025-08-13T20:22:52-07:00","message":"creating metadata DB"}
{"level":"info","time":"2025-08-13T20:22:52-07:00","message":"metadata DB created"}
{"level":"info","filesPath":"/var/folders/w5/nl65sjbn1ssb99yw7_w9y85w0000gn/T/compactor-test-692248628/files","time":"2025-08-13T20:22:52-07:00","message":"creating files manager"}
{"level":"info","segmentsPath":"/var/folders/w5/nl65sjbn1ssb99yw7_w9y85w0000gn/T/compactor-test-692248628/segments","time":"2025-08-13T20:22:52-07:00","message":"creating segment manager"}
{"level":"info","path":"/var/folders/w5/nl65sjbn1ssb99yw7_w9y85w0000gn/T/compactor-test-692248628/segments","time":"2025-08-13T20:22:52-07:00","message":"loading segments"}
{"level":"info","path":"/var/folders/w5/nl65sjbn1ssb99yw7_w9y85w0000gn/T/compactor-test-692248628/segments","time":"2025-08-13T20:22:52-07:00","message":"finished loading segments"}
{"level":"info","path":"/var/folders/w5/nl65sjbn1ssb99yw7_w9y85w0000gn/T/compactor-test-692248628/segments","time":"2025-08-13T20:22:52-07:00","message":"finished finalizing open segments"}
{"level":"info","time":"2025-08-13T20:22:52-07:00","message":"segment manager created"}
{"level":"info","path":"/var/folders/w5/nl65sjbn1ssb99yw7_w9y85w0000gn/T/compactor-test-692248628/segments/segment_1755141772544568000.seg","time":"2025-08-13T20:22:52-07:00","message":"creating new segment"}
{"level":"debug","key":"test-key","valueLength":17,"segment":"/var/folders/w5/nl65sjbn1ssb99yw7_w9y85w0000gn/T/compactor-test-692248628/segments/segment_1755141772544568000.seg","time":"2025-08-13T20:22:52-07:00","message":"writing entry to segment"}
{"level":"debug","key":"test-key","bytesWritten":17,"segmentSize":43,"time":"2025-08-13T20:22:52-07:00","message":"successfully wrote entry to segment"}
{"level":"info","time":"2025-08-13T20:22:52-07:00","message":"closing metadata DB"}
{"level":"info","time":"2025-08-13T20:22:52-07:00","message":"metadata DB closed"}
--- PASS: TestCopyFileIntoSegment (0.05s)
=== RUN   TestCommit
{"level":"info","diskPath":"/var/folders/w5/nl65sjbn1ssb99yw7_w9y85w0000gn/T/compactor-test-3738442645","ttl":0,"time":"2025-08-13T20:22:52-07:00","message":"creating metadata DB"}
{"level":"info","time":"2025-08-13T20:22:52-07:00","message":"metadata DB created"}
{"level":"info","filesPath":"/var/folders/w5/nl65sjbn1ssb99yw7_w9y85w0000gn/T/compactor-test-3738442645/files","time":"2025-08-13T20:22:52-07:00","message":"creating files manager"}
{"level":"info","segmentsPath":"/var/folders/w5/nl65sjbn1ssb99yw7_w9y85w0000gn/T/compactor-test-3738442645/segments","time":"2025-08-13T20:22:52-07:00","message":"creating segment manager"}
{"level":"info","path":"/var/folders/w5/nl65sjbn1ssb99yw7_w9y85w0000gn/T/compactor-test-3738442645/segments","time":"2025-08-13T20:22:52-07:00","message":"loading segments"}
{"level":"info","path":"/var/folders/w5/nl65sjbn1ssb99yw7_w9y85w0000gn/T/compactor-test-3738442645/segments","time":"2025-08-13T20:22:52-07:00","message":"finished loading segments"}
{"level":"info","path":"/var/folders/w5/nl65sjbn1ssb99yw7_w9y85w0000gn/T/compactor-test-3738442645/segments","time":"2025-08-13T20:22:52-07:00","message":"finished finalizing open segments"}
{"level":"info","time":"2025-08-13T20:22:52-07:00","message":"segment manager created"}
{"level":"info","path":"/var/folders/w5/nl65sjbn1ssb99yw7_w9y85w0000gn/T/compactor-test-3738442645/segments/segment_1755141772597263000.seg","time":"2025-08-13T20:22:52-07:00","message":"creating new segment"}
    compactor_test.go:256: 
        	Error Trace:	/Users/ovaistariq/code/go/src/github.com/tigrisdata/ocache/.conductor/wellington/server/compaction/compactor_test.go:256
        	Error:      	Should be true
        	Test:       	TestCommit
    compactor_test.go:256: 
        	Error Trace:	/Users/ovaistariq/code/go/src/github.com/tigrisdata/ocache/.conductor/wellington/server/compaction/compactor_test.go:256
        	Error:      	Should be true
        	Test:       	TestCommit
{"level":"info","time":"2025-08-13T20:22:52-07:00","message":"closing metadata DB"}
{"level":"info","time":"2025-08-13T20:22:52-07:00","message":"metadata DB closed"}
--- FAIL: TestCommit (0.06s)
=== RUN   TestCompactFiles
{"level":"info","diskPath":"/var/folders/w5/nl65sjbn1ssb99yw7_w9y85w0000gn/T/compactor-test-1570362200","ttl":0,"time":"2025-08-13T20:22:52-07:00","message":"creating metadata DB"}
{"level":"info","time":"2025-08-13T20:22:52-07:00","message":"metadata DB created"}
{"level":"info","filesPath":"/var/folders/w5/nl65sjbn1ssb99yw7_w9y85w0000gn/T/compactor-test-1570362200/files","time":"2025-08-13T20:22:52-07:00","message":"creating files manager"}
{"level":"info","segmentsPath":"/var/folders/w5/nl65sjbn1ssb99yw7_w9y85w0000gn/T/compactor-test-1570362200/segments","time":"2025-08-13T20:22:52-07:00","message":"creating segment manager"}
{"level":"info","path":"/var/folders/w5/nl65sjbn1ssb99yw7_w9y85w0000gn/T/compactor-test-1570362200/segments","time":"2025-08-13T20:22:52-07:00","message":"loading segments"}
{"level":"info","path":"/var/folders/w5/nl65sjbn1ssb99yw7_w9y85w0000gn/T/compactor-test-1570362200/segments","time":"2025-08-13T20:22:52-07:00","message":"finished loading segments"}
{"level":"info","path":"/var/folders/w5/nl65sjbn1ssb99yw7_w9y85w0000gn/T/compactor-test-1570362200/segments","time":"2025-08-13T20:22:52-07:00","message":"finished finalizing open segments"}
{"level":"info","time":"2025-08-13T20:22:52-07:00","message":"segment manager created"}
{"level":"info","maxBytes":1048576,"time":"2025-08-13T20:22:52-07:00","message":"compactor: starting file compaction"}
{"level":"info","path":"/var/folders/w5/nl65sjbn1ssb99yw7_w9y85w0000gn/T/compactor-test-1570362200/segments/segment_1755141772706641000.seg","time":"2025-08-13T20:22:52-07:00","message":"creating new segment"}
{"level":"debug","iteration":1,"userKey":"key1","filePath":"/var/folders/w5/nl65sjbn1ssb99yw7_w9y85w0000gn/T/compactor-test-1570362200/files/file1.dat","time":"2025-08-13T20:22:52-07:00","message":"compactor: processing entry"}
{"level":"debug","key":"key1","filePath":"/var/folders/w5/nl65sjbn1ssb99yw7_w9y85w0000gn/T/compactor-test-1570362200/files/file1.dat","size":11,"time":"2025-08-13T20:22:52-07:00","message":"compactor: opening file for compaction"}
{"level":"debug","key":"key1","time":"2025-08-13T20:22:52-07:00","message":"compactor: copying file to segment"}
{"level":"debug","key":"key1","valueLength":11,"segment":"/var/folders/w5/nl65sjbn1ssb99yw7_w9y85w0000gn/T/compactor-test-1570362200/segments/segment_1755141772706641000.seg","time":"2025-08-13T20:22:52-07:00","message":"writing entry to segment"}
{"level":"debug","key":"key1","bytesWritten":11,"segmentSize":33,"time":"2025-08-13T20:22:52-07:00","message":"successfully wrote entry to segment"}
{"level":"debug","key":"key1","time":"2025-08-13T20:22:52-07:00","message":"compactor: successfully copied file to segment"}
{"level":"debug","filepath":"/var/folders/w5/nl65sjbn1ssb99yw7_w9y85w0000gn/T/compactor-test-1570362200/files/file1.dat","time":"2025-08-13T20:22:52-07:00","message":"deletion queue: added entry"}
{"level":"debug","iteration":2,"userKey":"key2","filePath":"/var/folders/w5/nl65sjbn1ssb99yw7_w9y85w0000gn/T/compactor-test-1570362200/files/file2.dat","time":"2025-08-13T20:22:52-07:00","message":"compactor: processing entry"}
{"level":"debug","key":"key2","filePath":"/var/folders/w5/nl65sjbn1ssb99yw7_w9y85w0000gn/T/compactor-test-1570362200/files/file2.dat","size":11,"time":"2025-08-13T20:22:52-07:00","message":"compactor: opening file for compaction"}
{"level":"debug","key":"key2","time":"2025-08-13T20:22:52-07:00","message":"compactor: copying file to segment"}
{"level":"debug","key":"key2","valueLength":11,"segment":"/var/folders/w5/nl65sjbn1ssb99yw7_w9y85w0000gn/T/compactor-test-1570362200/segments/segment_1755141772706641000.seg","time":"2025-08-13T20:22:52-07:00","message":"writing entry to segment"}
{"level":"debug","key":"key2","bytesWritten":11,"segmentSize":66,"time":"2025-08-13T20:22:52-07:00","message":"successfully wrote entry to segment"}
{"level":"debug","key":"key2","time":"2025-08-13T20:22:52-07:00","message":"compactor: successfully copied file to segment"}
{"level":"debug","filepath":"/var/folders/w5/nl65sjbn1ssb99yw7_w9y85w0000gn/T/compactor-test-1570362200/files/file2.dat","time":"2025-08-13T20:22:52-07:00","message":"deletion queue: added entry"}
{"level":"info","migrated":2,"bytes":22,"time":"2025-08-13T20:22:52-07:00","message":"compactor: finished file compaction"}
    compactor_test.go:346: 
        	Error Trace:	/Users/ovaistariq/code/go/src/github.com/tigrisdata/ocache/.conductor/wellington/server/compaction/compactor_test.go:346
        	Error:      	Should be true
        	Test:       	TestCompactFiles
    compactor_test.go:348: 
        	Error Trace:	/Users/ovaistariq/code/go/src/github.com/tigrisdata/ocache/.conductor/wellington/server/compaction/compactor_test.go:348
        	Error:      	Should be true
        	Test:       	TestCompactFiles
{"level":"info","time":"2025-08-13T20:22:52-07:00","message":"closing metadata DB"}
{"level":"info","time":"2025-08-13T20:22:52-07:00","message":"metadata DB closed"}
--- FAIL: TestCompactFiles (0.16s)
=== RUN   TestCompactFilesWithMissingFile
{"level":"info","diskPath":"/var/folders/w5/nl65sjbn1ssb99yw7_w9y85w0000gn/T/compactor-test-2586989362","ttl":0,"time":"2025-08-13T20:22:52-07:00","message":"creating metadata DB"}
{"level":"info","time":"2025-08-13T20:22:52-07:00","message":"metadata DB created"}
{"level":"info","filesPath":"/var/folders/w5/nl65sjbn1ssb99yw7_w9y85w0000gn/T/compactor-test-2586989362/files","time":"2025-08-13T20:22:52-07:00","message":"creating files manager"}
{"level":"info","segmentsPath":"/var/folders/w5/nl65sjbn1ssb99yw7_w9y85w0000gn/T/compactor-test-2586989362/segments","time":"2025-08-13T20:22:52-07:00","message":"creating segment manager"}
{"level":"info","path":"/var/folders/w5/nl65sjbn1ssb99yw7_w9y85w0000gn/T/compactor-test-2586989362/segments","time":"2025-08-13T20:22:52-07:00","message":"loading segments"}
{"level":"info","path":"/var/folders/w5/nl65sjbn1ssb99yw7_w9y85w0000gn/T/compactor-test-2586989362/segments","time":"2025-08-13T20:22:52-07:00","message":"finished loading segments"}
{"level":"info","path":"/var/folders/w5/nl65sjbn1ssb99yw7_w9y85w0000gn/T/compactor-test-2586989362/segments","time":"2025-08-13T20:22:52-07:00","message":"finished finalizing open segments"}
{"level":"info","time":"2025-08-13T20:22:52-07:00","message":"segment manager created"}
{"level":"info","maxBytes":1048576,"time":"2025-08-13T20:22:52-07:00","message":"compactor: starting file compaction"}
{"level":"info","path":"/var/folders/w5/nl65sjbn1ssb99yw7_w9y85w0000gn/T/compactor-test-2586989362/segments/segment_1755141772853728000.seg","time":"2025-08-13T20:22:52-07:00","message":"creating new segment"}
{"level":"debug","iteration":1,"userKey":"key1","filePath":"/non/existent/file","time":"2025-08-13T20:22:52-07:00","message":"compactor: processing entry"}
{"level":"info","migrated":0,"bytes":0,"time":"2025-08-13T20:22:52-07:00","message":"compactor: finished file compaction"}
{"level":"info","time":"2025-08-13T20:22:52-07:00","message":"closing metadata DB"}
{"level":"info","time":"2025-08-13T20:22:52-07:00","message":"metadata DB closed"}
--- PASS: TestCompactFilesWithMissingFile (0.17s)
=== RUN   TestCompactFilesWithMissingMetadata
{"level":"info","diskPath":"/var/folders/w5/nl65sjbn1ssb99yw7_w9y85w0000gn/T/compactor-test-2212962812","ttl":0,"time":"2025-08-13T20:22:52-07:00","message":"creating metadata DB"}
{"level":"info","time":"2025-08-13T20:22:53-07:00","message":"metadata DB created"}
{"level":"info","filesPath":"/var/folders/w5/nl65sjbn1ssb99yw7_w9y85w0000gn/T/compactor-test-2212962812/files","time":"2025-08-13T20:22:53-07:00","message":"creating files manager"}
{"level":"info","segmentsPath":"/var/folders/w5/nl65sjbn1ssb99yw7_w9y85w0000gn/T/compactor-test-2212962812/segments","time":"2025-08-13T20:22:53-07:00","message":"creating segment manager"}
{"level":"info","path":"/var/folders/w5/nl65sjbn1ssb99yw7_w9y85w0000gn/T/compactor-test-2212962812/segments","time":"2025-08-13T20:22:53-07:00","message":"loading segments"}
{"level":"info","path":"/var/folders/w5/nl65sjbn1ssb99yw7_w9y85w0000gn/T/compactor-test-2212962812/segments","time":"2025-08-13T20:22:53-07:00","message":"finished loading segments"}
{"level":"info","path":"/var/folders/w5/nl65sjbn1ssb99yw7_w9y85w0000gn/T/compactor-test-2212962812/segments","time":"2025-08-13T20:22:53-07:00","message":"finished finalizing open segments"}
{"level":"info","time":"2025-08-13T20:22:53-07:00","message":"segment manager created"}
{"level":"info","maxBytes":1048576,"time":"2025-08-13T20:22:53-07:00","message":"compactor: starting file compaction"}
{"level":"info","path":"/var/folders/w5/nl65sjbn1ssb99yw7_w9y85w0000gn/T/compactor-test-2212962812/segments/segment_1755141773027654000.seg","time":"2025-08-13T20:22:53-07:00","message":"creating new segment"}
{"level":"debug","iteration":1,"userKey":"key1","filePath":"/var/folders/w5/nl65sjbn1ssb99yw7_w9y85w0000gn/T/compactor-test-2212962812/files/file.dat","time":"2025-08-13T20:22:53-07:00","message":"compactor: processing entry"}
{"level":"debug","filepath":"/var/folders/w5/nl65sjbn1ssb99yw7_w9y85w0000gn/T/compactor-test-2212962812/files/file.dat","time":"2025-08-13T20:22:53-07:00","message":"deletion queue: added entry"}
{"level":"info","migrated":0,"bytes":0,"time":"2025-08-13T20:22:53-07:00","message":"compactor: finished file compaction"}
    compactor_test.go:405: 
        	Error Trace:	/Users/ovaistariq/code/go/src/github.com/tigrisdata/ocache/.conductor/wellington/server/compaction/compactor_test.go:405
        	Error:      	Should be true
        	Test:       	TestCompactFilesWithMissingMetadata
{"level":"info","time":"2025-08-13T20:22:53-07:00","message":"closing metadata DB"}
{"level":"info","time":"2025-08-13T20:22:53-07:00","message":"metadata DB closed"}
--- FAIL: TestCompactFilesWithMissingMetadata (0.13s)
=== RUN   TestCompactFilesWithMaxBytesLimit
{"level":"info","diskPath":"/var/folders/w5/nl65sjbn1ssb99yw7_w9y85w0000gn/T/compactor-test-3702906917","ttl":0,"time":"2025-08-13T20:22:53-07:00","message":"creating metadata DB"}
{"level":"info","time":"2025-08-13T20:22:53-07:00","message":"metadata DB created"}
{"level":"info","filesPath":"/var/folders/w5/nl65sjbn1ssb99yw7_w9y85w0000gn/T/compactor-test-3702906917/files","time":"2025-08-13T20:22:53-07:00","message":"creating files manager"}
{"level":"info","segmentsPath":"/var/folders/w5/nl65sjbn1ssb99yw7_w9y85w0000gn/T/compactor-test-3702906917/segments","time":"2025-08-13T20:22:53-07:00","message":"creating segment manager"}
{"level":"info","path":"/var/folders/w5/nl65sjbn1ssb99yw7_w9y85w0000gn/T/compactor-test-3702906917/segments","time":"2025-08-13T20:22:53-07:00","message":"loading segments"}
{"level":"info","path":"/var/folders/w5/nl65sjbn1ssb99yw7_w9y85w0000gn/T/compactor-test-3702906917/segments","time":"2025-08-13T20:22:53-07:00","message":"finished loading segments"}
{"level":"info","path":"/var/folders/w5/nl65sjbn1ssb99yw7_w9y85w0000gn/T/compactor-test-3702906917/segments","time":"2025-08-13T20:22:53-07:00","message":"finished finalizing open segments"}
{"level":"info","time":"2025-08-13T20:22:53-07:00","message":"segment manager created"}
{"level":"info","maxBytes":150,"time":"2025-08-13T20:22:53-07:00","message":"compactor: starting file compaction"}
{"level":"info","path":"/var/folders/w5/nl65sjbn1ssb99yw7_w9y85w0000gn/T/compactor-test-3702906917/segments/segment_1755141773166953000.seg","time":"2025-08-13T20:22:53-07:00","message":"creating new segment"}
{"level":"debug","iteration":1,"userKey":"key0","filePath":"/var/folders/w5/nl65sjbn1ssb99yw7_w9y85w0000gn/T/compactor-test-3702906917/files/file0.dat","time":"2025-08-13T20:22:53-07:00","message":"compactor: processing entry"}
{"level":"debug","key":"key0","filePath":"/var/folders/w5/nl65sjbn1ssb99yw7_w9y85w0000gn/T/compactor-test-3702906917/files/file0.dat","size":100,"time":"2025-08-13T20:22:53-07:00","message":"compactor: opening file for compaction"}
{"level":"debug","key":"key0","time":"2025-08-13T20:22:53-07:00","message":"compactor: copying file to segment"}
{"level":"debug","key":"key0","valueLength":100,"segment":"/var/folders/w5/nl65sjbn1ssb99yw7_w9y85w0000gn/T/compactor-test-3702906917/segments/segment_1755141773166953000.seg","time":"2025-08-13T20:22:53-07:00","message":"writing entry to segment"}
{"level":"debug","key":"key0","bytesWritten":100,"segmentSize":122,"time":"2025-08-13T20:22:53-07:00","message":"successfully wrote entry to segment"}
{"level":"debug","key":"key0","time":"2025-08-13T20:22:53-07:00","message":"compactor: successfully copied file to segment"}
{"level":"debug","filepath":"/var/folders/w5/nl65sjbn1ssb99yw7_w9y85w0000gn/T/compactor-test-3702906917/files/file0.dat","time":"2025-08-13T20:22:53-07:00","message":"deletion queue: added entry"}
{"level":"debug","iteration":2,"userKey":"key1","filePath":"/var/folders/w5/nl65sjbn1ssb99yw7_w9y85w0000gn/T/compactor-test-3702906917/files/file1.dat","time":"2025-08-13T20:22:53-07:00","message":"compactor: processing entry"}
{"level":"debug","key":"key1","filePath":"/var/folders/w5/nl65sjbn1ssb99yw7_w9y85w0000gn/T/compactor-test-3702906917/files/file1.dat","size":100,"time":"2025-08-13T20:22:53-07:00","message":"compactor: opening file for compaction"}
{"level":"debug","key":"key1","time":"2025-08-13T20:22:53-07:00","message":"compactor: copying file to segment"}
{"level":"debug","key":"key1","valueLength":100,"segment":"/var/folders/w5/nl65sjbn1ssb99yw7_w9y85w0000gn/T/compactor-test-3702906917/segments/segment_1755141773166953000.seg","time":"2025-08-13T20:22:53-07:00","message":"writing entry to segment"}
{"level":"debug","key":"key1","bytesWritten":100,"segmentSize":244,"time":"2025-08-13T20:22:53-07:00","message":"successfully wrote entry to segment"}
{"level":"debug","key":"key1","time":"2025-08-13T20:22:53-07:00","message":"compactor: successfully copied file to segment"}
{"level":"debug","filepath":"/var/folders/w5/nl65sjbn1ssb99yw7_w9y85w0000gn/T/compactor-test-3702906917/files/file1.dat","time":"2025-08-13T20:22:53-07:00","message":"deletion queue: added entry"}
{"level":"debug","iteration":3,"userKey":"key2","filePath":"/var/folders/w5/nl65sjbn1ssb99yw7_w9y85w0000gn/T/compactor-test-3702906917/files/file2.dat","time":"2025-08-13T20:22:53-07:00","message":"compactor: processing entry"}
{"level":"debug","key":"key2","filePath":"/var/folders/w5/nl65sjbn1ssb99yw7_w9y85w0000gn/T/compactor-test-3702906917/files/file2.dat","size":100,"time":"2025-08-13T20:22:53-07:00","message":"compactor: opening file for compaction"}
{"level":"debug","key":"key2","time":"2025-08-13T20:22:53-07:00","message":"compactor: copying file to segment"}
{"level":"debug","key":"key2","valueLength":100,"segment":"/var/folders/w5/nl65sjbn1ssb99yw7_w9y85w0000gn/T/compactor-test-3702906917/segments/segment_1755141773166953000.seg","time":"2025-08-13T20:22:53-07:00","message":"writing entry to segment"}
{"level":"debug","key":"key2","bytesWritten":100,"segmentSize":366,"time":"2025-08-13T20:22:53-07:00","message":"successfully wrote entry to segment"}
{"level":"debug","key":"key2","time":"2025-08-13T20:22:53-07:00","message":"compactor: successfully copied file to segment"}
{"level":"debug","filepath":"/var/folders/w5/nl65sjbn1ssb99yw7_w9y85w0000gn/T/compactor-test-3702906917/files/file2.dat","time":"2025-08-13T20:22:53-07:00","message":"deletion queue: added entry"}
{"level":"info","migrated":3,"bytes":300,"time":"2025-08-13T20:22:53-07:00","message":"compactor: finished file compaction"}
{"level":"info","time":"2025-08-13T20:22:53-07:00","message":"closing metadata DB"}
{"level":"info","time":"2025-08-13T20:22:53-07:00","message":"metadata DB closed"}
--- PASS: TestCompactFilesWithMaxBytesLimit (0.16s)
=== RUN   TestCompactionLoopConcurrency
{"level":"info","diskPath":"/var/folders/w5/nl65sjbn1ssb99yw7_w9y85w0000gn/T/compactor-test-3918247427","ttl":0,"time":"2025-08-13T20:22:53-07:00","message":"creating metadata DB"}
{"level":"info","time":"2025-08-13T20:22:53-07:00","message":"metadata DB created"}
{"level":"info","filesPath":"/var/folders/w5/nl65sjbn1ssb99yw7_w9y85w0000gn/T/compactor-test-3918247427/files","time":"2025-08-13T20:22:53-07:00","message":"creating files manager"}
{"level":"info","segmentsPath":"/var/folders/w5/nl65sjbn1ssb99yw7_w9y85w0000gn/T/compactor-test-3918247427/segments","time":"2025-08-13T20:22:53-07:00","message":"creating segment manager"}
{"level":"info","path":"/var/folders/w5/nl65sjbn1ssb99yw7_w9y85w0000gn/T/compactor-test-3918247427/segments","time":"2025-08-13T20:22:53-07:00","message":"loading segments"}
{"level":"info","path":"/var/folders/w5/nl65sjbn1ssb99yw7_w9y85w0000gn/T/compactor-test-3918247427/segments","time":"2025-08-13T20:22:53-07:00","message":"finished loading segments"}
{"level":"info","path":"/var/folders/w5/nl65sjbn1ssb99yw7_w9y85w0000gn/T/compactor-test-3918247427/segments","time":"2025-08-13T20:22:53-07:00","message":"finished finalizing open segments"}
{"level":"info","time":"2025-08-13T20:22:53-07:00","message":"segment manager created"}
{"level":"info","time":"2025-08-13T20:22:53-07:00","message":"compactor: starting background compaction loop"}
{"level":"info","time":"2025-08-13T20:22:53-07:00","message":"compactor: starting background compaction loop"}
{"level":"info","time":"2025-08-13T20:22:53-07:00","message":"compactor: starting background compaction loop"}
{"level":"info","time":"2025-08-13T20:22:53-07:00","message":"compactor: background loop stopping"}
{"level":"info","time":"2025-08-13T20:22:53-07:00","message":"compactor: background loop stopping"}
{"level":"info","time":"2025-08-13T20:22:53-07:00","message":"compactor: background loop stopping"}
{"level":"info","time":"2025-08-13T20:22:53-07:00","message":"compactor: shutdown completed"}
{"level":"info","time":"2025-08-13T20:22:53-07:00","message":"closing metadata DB"}
{"level":"info","time":"2025-08-13T20:22:53-07:00","message":"metadata DB closed"}
--- PASS: TestCompactionLoopConcurrency (0.13s)
=== RUN   TestCompactFilesWithBadMetadata
{"level":"info","diskPath":"/var/folders/w5/nl65sjbn1ssb99yw7_w9y85w0000gn/T/compactor-test-2462736146","ttl":0,"time":"2025-08-13T20:22:53-07:00","message":"creating metadata DB"}
{"level":"info","time":"2025-08-13T20:22:53-07:00","message":"metadata DB created"}
{"level":"info","filesPath":"/var/folders/w5/nl65sjbn1ssb99yw7_w9y85w0000gn/T/compactor-test-2462736146/files","time":"2025-08-13T20:22:53-07:00","message":"creating files manager"}
{"level":"info","segmentsPath":"/var/folders/w5/nl65sjbn1ssb99yw7_w9y85w0000gn/T/compactor-test-2462736146/segments","time":"2025-08-13T20:22:53-07:00","message":"creating segment manager"}
{"level":"info","path":"/var/folders/w5/nl65sjbn1ssb99yw7_w9y85w0000gn/T/compactor-test-2462736146/segments","time":"2025-08-13T20:22:53-07:00","message":"loading segments"}
{"level":"info","path":"/var/folders/w5/nl65sjbn1ssb99yw7_w9y85w0000gn/T/compactor-test-2462736146/segments","time":"2025-08-13T20:22:53-07:00","message":"finished loading segments"}
{"level":"info","path":"/var/folders/w5/nl65sjbn1ssb99yw7_w9y85w0000gn/T/compactor-test-2462736146/segments","time":"2025-08-13T20:22:53-07:00","message":"finished finalizing open segments"}
{"level":"info","time":"2025-08-13T20:22:53-07:00","message":"segment manager created"}
{"level":"info","maxBytes":1048576,"time":"2025-08-13T20:22:53-07:00","message":"compactor: starting file compaction"}
{"level":"info","path":"/var/folders/w5/nl65sjbn1ssb99yw7_w9y85w0000gn/T/compactor-test-2462736146/segments/segment_1755141773456339000.seg","time":"2025-08-13T20:22:53-07:00","message":"creating new segment"}
{"level":"debug","iteration":1,"userKey":"key1","filePath":"/var/folders/w5/nl65sjbn1ssb99yw7_w9y85w0000gn/T/compactor-test-2462736146/files/file.dat","time":"2025-08-13T20:22:53-07:00","message":"compactor: processing entry"}
{"level":"error","error":"proto: cannot parse invalid wire-format data","key":"key1","time":"2025-08-13T20:22:53-07:00","message":"compactor: bad metadata"}
{"level":"info","migrated":0,"bytes":0,"time":"2025-08-13T20:22:53-07:00","message":"compactor: finished file compaction"}
{"level":"info","time":"2025-08-13T20:22:53-07:00","message":"closing metadata DB"}
{"level":"info","time":"2025-08-13T20:22:53-07:00","message":"metadata DB closed"}
--- PASS: TestCompactFilesWithBadMetadata (0.11s)
=== RUN   TestSegmentRotationOnlyWhenFull
{"level":"info","diskPath":"/var/folders/w5/nl65sjbn1ssb99yw7_w9y85w0000gn/T/compactor-test-3619741259","ttl":0,"time":"2025-08-13T20:22:53-07:00","message":"creating metadata DB"}
{"level":"info","time":"2025-08-13T20:22:53-07:00","message":"metadata DB created"}
{"level":"info","filesPath":"/var/folders/w5/nl65sjbn1ssb99yw7_w9y85w0000gn/T/compactor-test-3619741259/files","time":"2025-08-13T20:22:53-07:00","message":"creating files manager"}
{"level":"info","segmentsPath":"/var/folders/w5/nl65sjbn1ssb99yw7_w9y85w0000gn/T/compactor-test-3619741259/segments","time":"2025-08-13T20:22:53-07:00","message":"creating segment manager"}
{"level":"info","path":"/var/folders/w5/nl65sjbn1ssb99yw7_w9y85w0000gn/T/compactor-test-3619741259/segments","time":"2025-08-13T20:22:53-07:00","message":"loading segments"}
{"level":"info","path":"/var/folders/w5/nl65sjbn1ssb99yw7_w9y85w0000gn/T/compactor-test-3619741259/segments","time":"2025-08-13T20:22:53-07:00","message":"finished loading segments"}
{"level":"info","path":"/var/folders/w5/nl65sjbn1ssb99yw7_w9y85w0000gn/T/compactor-test-3619741259/segments","time":"2025-08-13T20:22:53-07:00","message":"finished finalizing open segments"}
{"level":"info","time":"2025-08-13T20:22:53-07:00","message":"segment manager created"}
{"level":"info","segmentsPath":"/var/folders/w5/nl65sjbn1ssb99yw7_w9y85w0000gn/T/compactor-test-3619741259/segments","time":"2025-08-13T20:22:53-07:00","message":"creating segment manager"}
{"level":"info","path":"/var/folders/w5/nl65sjbn1ssb99yw7_w9y85w0000gn/T/compactor-test-3619741259/segments","time":"2025-08-13T20:22:53-07:00","message":"loading segments"}
{"level":"info","path":"/var/folders/w5/nl65sjbn1ssb99yw7_w9y85w0000gn/T/compactor-test-3619741259/segments","time":"2025-08-13T20:22:53-07:00","message":"finished loading segments"}
{"level":"info","path":"/var/folders/w5/nl65sjbn1ssb99yw7_w9y85w0000gn/T/compactor-test-3619741259/segments","time":"2025-08-13T20:22:53-07:00","message":"finished finalizing open segments"}
{"level":"info","time":"2025-08-13T20:22:53-07:00","message":"segment manager created"}
{"level":"info","maxBytes":10485760,"time":"2025-08-13T20:22:53-07:00","message":"compactor: starting file compaction"}
{"level":"info","path":"/var/folders/w5/nl65sjbn1ssb99yw7_w9y85w0000gn/T/compactor-test-3619741259/segments/segment_1755141773519433000.seg","time":"2025-08-13T20:22:53-07:00","message":"creating new segment"}
{"level":"debug","iteration":1,"userKey":"test-key-with-reasonable-length-0","filePath":"/var/folders/w5/nl65sjbn1ssb99yw7_w9y85w0000gn/T/compactor-test-3619741259/files/file0.dat","time":"2025-08-13T20:22:53-07:00","message":"compactor: processing entry"}
{"level":"debug","key":"test-key-with-reasonable-length-0","filePath":"/var/folders/w5/nl65sjbn1ssb99yw7_w9y85w0000gn/T/compactor-test-3619741259/files/file0.dat","size":102400,"time":"2025-08-13T20:22:53-07:00","message":"compactor: opening file for compaction"}
{"level":"debug","key":"test-key-with-reasonable-length-0","time":"2025-08-13T20:22:53-07:00","message":"compactor: copying file to segment"}
{"level":"debug","key":"test-key-with-reasonable-length-0","valueLength":102400,"segment":"/var/folders/w5/nl65sjbn1ssb99yw7_w9y85w0000gn/T/compactor-test-3619741259/segments/segment_1755141773519433000.seg","time":"2025-08-13T20:22:53-07:00","message":"writing entry to segment"}
{"level":"debug","key":"test-key-with-reasonable-length-0","bytesWritten":102400,"segmentSize":102451,"time":"2025-08-13T20:22:53-07:00","message":"successfully wrote entry to segment"}
{"level":"debug","key":"test-key-with-reasonable-length-0","time":"2025-08-13T20:22:53-07:00","message":"compactor: successfully copied file to segment"}
{"level":"debug","filepath":"/var/folders/w5/nl65sjbn1ssb99yw7_w9y85w0000gn/T/compactor-test-3619741259/files/file0.dat","time":"2025-08-13T20:22:53-07:00","message":"deletion queue: added entry"}
{"level":"debug","iteration":2,"userKey":"test-key-with-reasonable-length-1","filePath":"/var/folders/w5/nl65sjbn1ssb99yw7_w9y85w0000gn/T/compactor-test-3619741259/files/file1.dat","time":"2025-08-13T20:22:53-07:00","message":"compactor: processing entry"}
{"level":"debug","key":"test-key-with-reasonable-length-1","filePath":"/var/folders/w5/nl65sjbn1ssb99yw7_w9y85w0000gn/T/compactor-test-3619741259/files/file1.dat","size":102400,"time":"2025-08-13T20:22:53-07:00","message":"compactor: opening file for compaction"}
{"level":"debug","key":"test-key-with-reasonable-length-1","time":"2025-08-13T20:22:53-07:00","message":"compactor: copying file to segment"}
{"level":"debug","key":"test-key-with-reasonable-length-1","valueLength":102400,"segment":"/var/folders/w5/nl65sjbn1ssb99yw7_w9y85w0000gn/T/compactor-test-3619741259/segments/segment_1755141773519433000.seg","time":"2025-08-13T20:22:53-07:00","message":"writing entry to segment"}
{"level":"debug","key":"test-key-with-reasonable-length-1","bytesWritten":102400,"segmentSize":204902,"time":"2025-08-13T20:22:53-07:00","message":"successfully wrote entry to segment"}
{"level":"debug","key":"test-key-with-reasonable-length-1","time":"2025-08-13T20:22:53-07:00","message":"compactor: successfully copied file to segment"}
{"level":"debug","filepath":"/var/folders/w5/nl65sjbn1ssb99yw7_w9y85w0000gn/T/compactor-test-3619741259/files/file1.dat","time":"2025-08-13T20:22:53-07:00","message":"deletion queue: added entry"}
{"level":"debug","iteration":3,"userKey":"test-key-with-reasonable-length-2","filePath":"/var/folders/w5/nl65sjbn1ssb99yw7_w9y85w0000gn/T/compactor-test-3619741259/files/file2.dat","time":"2025-08-13T20:22:53-07:00","message":"compactor: processing entry"}
{"level":"debug","key":"test-key-with-reasonable-length-2","filePath":"/var/folders/w5/nl65sjbn1ssb99yw7_w9y85w0000gn/T/compactor-test-3619741259/files/file2.dat","size":102400,"time":"2025-08-13T20:22:53-07:00","message":"compactor: opening file for compaction"}
{"level":"debug","key":"test-key-with-reasonable-length-2","time":"2025-08-13T20:22:53-07:00","message":"compactor: copying file to segment"}
{"level":"debug","key":"test-key-with-reasonable-length-2","valueLength":102400,"segment":"/var/folders/w5/nl65sjbn1ssb99yw7_w9y85w0000gn/T/compactor-test-3619741259/segments/segment_1755141773519433000.seg","time":"2025-08-13T20:22:53-07:00","message":"writing entry to segment"}
{"level":"debug","key":"test-key-with-reasonable-length-2","bytesWritten":102400,"segmentSize":307353,"time":"2025-08-13T20:22:53-07:00","message":"successfully wrote entry to segment"}
{"level":"debug","key":"test-key-with-reasonable-length-2","time":"2025-08-13T20:22:53-07:00","message":"compactor: successfully copied file to segment"}
{"level":"debug","filepath":"/var/folders/w5/nl65sjbn1ssb99yw7_w9y85w0000gn/T/compactor-test-3619741259/files/file2.dat","time":"2025-08-13T20:22:53-07:00","message":"deletion queue: added entry"}
{"level":"debug","iteration":4,"userKey":"test-key-with-reasonable-length-3","filePath":"/var/folders/w5/nl65sjbn1ssb99yw7_w9y85w0000gn/T/compactor-test-3619741259/files/file3.dat","time":"2025-08-13T20:22:53-07:00","message":"compactor: processing entry"}
{"level":"debug","key":"test-key-with-reasonable-length-3","filePath":"/var/folders/w5/nl65sjbn1ssb99yw7_w9y85w0000gn/T/compactor-test-3619741259/files/file3.dat","size":102400,"time":"2025-08-13T20:22:53-07:00","message":"compactor: opening file for compaction"}
{"level":"debug","key":"test-key-with-reasonable-length-3","time":"2025-08-13T20:22:53-07:00","message":"compactor: copying file to segment"}
{"level":"debug","key":"test-key-with-reasonable-length-3","valueLength":102400,"segment":"/var/folders/w5/nl65sjbn1ssb99yw7_w9y85w0000gn/T/compactor-test-3619741259/segments/segment_1755141773519433000.seg","time":"2025-08-13T20:22:53-07:00","message":"writing entry to segment"}
{"level":"debug","key":"test-key-with-reasonable-length-3","bytesWritten":102400,"segmentSize":409804,"time":"2025-08-13T20:22:53-07:00","message":"successfully wrote entry to segment"}
{"level":"debug","key":"test-key-with-reasonable-length-3","time":"2025-08-13T20:22:53-07:00","message":"compactor: successfully copied file to segment"}
{"level":"debug","filepath":"/var/folders/w5/nl65sjbn1ssb99yw7_w9y85w0000gn/T/compactor-test-3619741259/files/file3.dat","time":"2025-08-13T20:22:53-07:00","message":"deletion queue: added entry"}
{"level":"debug","iteration":5,"userKey":"test-key-with-reasonable-length-4","filePath":"/var/folders/w5/nl65sjbn1ssb99yw7_w9y85w0000gn/T/compactor-test-3619741259/files/file4.dat","time":"2025-08-13T20:22:53-07:00","message":"compactor: processing entry"}
{"level":"debug","key":"test-key-with-reasonable-length-4","filePath":"/var/folders/w5/nl65sjbn1ssb99yw7_w9y85w0000gn/T/compactor-test-3619741259/files/file4.dat","size":102400,"time":"2025-08-13T20:22:53-07:00","message":"compactor: opening file for compaction"}
{"level":"debug","key":"test-key-with-reasonable-length-4","time":"2025-08-13T20:22:53-07:00","message":"compactor: copying file to segment"}
{"level":"debug","key":"test-key-with-reasonable-length-4","valueLength":102400,"segment":"/var/folders/w5/nl65sjbn1ssb99yw7_w9y85w0000gn/T/compactor-test-3619741259/segments/segment_1755141773519433000.seg","time":"2025-08-13T20:22:53-07:00","message":"writing entry to segment"}
{"level":"debug","key":"test-key-with-reasonable-length-4","bytesWritten":102400,"segmentSize":512255,"time":"2025-08-13T20:22:53-07:00","message":"successfully wrote entry to segment"}
{"level":"debug","key":"test-key-with-reasonable-length-4","time":"2025-08-13T20:22:53-07:00","message":"compactor: successfully copied file to segment"}
{"level":"debug","filepath":"/var/folders/w5/nl65sjbn1ssb99yw7_w9y85w0000gn/T/compactor-test-3619741259/files/file4.dat","time":"2025-08-13T20:22:53-07:00","message":"deletion queue: added entry"}
{"level":"debug","iteration":6,"userKey":"test-key-with-reasonable-length-5","filePath":"/var/folders/w5/nl65sjbn1ssb99yw7_w9y85w0000gn/T/compactor-test-3619741259/files/file5.dat","time":"2025-08-13T20:22:53-07:00","message":"compactor: processing entry"}
{"level":"debug","key":"test-key-with-reasonable-length-5","filePath":"/var/folders/w5/nl65sjbn1ssb99yw7_w9y85w0000gn/T/compactor-test-3619741259/files/file5.dat","size":102400,"time":"2025-08-13T20:22:53-07:00","message":"compactor: opening file for compaction"}
{"level":"debug","key":"test-key-with-reasonable-length-5","time":"2025-08-13T20:22:53-07:00","message":"compactor: copying file to segment"}
{"level":"debug","key":"test-key-with-reasonable-length-5","valueLength":102400,"segment":"/var/folders/w5/nl65sjbn1ssb99yw7_w9y85w0000gn/T/compactor-test-3619741259/segments/segment_1755141773519433000.seg","time":"2025-08-13T20:22:53-07:00","message":"writing entry to segment"}
{"level":"debug","key":"test-key-with-reasonable-length-5","bytesWritten":102400,"segmentSize":614706,"time":"2025-08-13T20:22:53-07:00","message":"successfully wrote entry to segment"}
{"level":"debug","key":"test-key-with-reasonable-length-5","time":"2025-08-13T20:22:53-07:00","message":"compactor: successfully copied file to segment"}
{"level":"debug","filepath":"/var/folders/w5/nl65sjbn1ssb99yw7_w9y85w0000gn/T/compactor-test-3619741259/files/file5.dat","time":"2025-08-13T20:22:53-07:00","message":"deletion queue: added entry"}
{"level":"debug","iteration":7,"userKey":"test-key-with-reasonable-length-6","filePath":"/var/folders/w5/nl65sjbn1ssb99yw7_w9y85w0000gn/T/compactor-test-3619741259/files/file6.dat","time":"2025-08-13T20:22:53-07:00","message":"compactor: processing entry"}
{"level":"debug","key":"test-key-with-reasonable-length-6","filePath":"/var/folders/w5/nl65sjbn1ssb99yw7_w9y85w0000gn/T/compactor-test-3619741259/files/file6.dat","size":102400,"time":"2025-08-13T20:22:53-07:00","message":"compactor: opening file for compaction"}
{"level":"debug","key":"test-key-with-reasonable-length-6","time":"2025-08-13T20:22:53-07:00","message":"compactor: copying file to segment"}
{"level":"debug","key":"test-key-with-reasonable-length-6","valueLength":102400,"segment":"/var/folders/w5/nl65sjbn1ssb99yw7_w9y85w0000gn/T/compactor-test-3619741259/segments/segment_1755141773519433000.seg","time":"2025-08-13T20:22:53-07:00","message":"writing entry to segment"}
{"level":"debug","key":"test-key-with-reasonable-length-6","bytesWritten":102400,"segmentSize":717157,"time":"2025-08-13T20:22:53-07:00","message":"successfully wrote entry to segment"}
{"level":"debug","key":"test-key-with-reasonable-length-6","time":"2025-08-13T20:22:53-07:00","message":"compactor: successfully copied file to segment"}
{"level":"debug","filepath":"/var/folders/w5/nl65sjbn1ssb99yw7_w9y85w0000gn/T/compactor-test-3619741259/files/file6.dat","time":"2025-08-13T20:22:53-07:00","message":"deletion queue: added entry"}
{"level":"debug","iteration":8,"userKey":"test-key-with-reasonable-length-7","filePath":"/var/folders/w5/nl65sjbn1ssb99yw7_w9y85w0000gn/T/compactor-test-3619741259/files/file7.dat","time":"2025-08-13T20:22:53-07:00","message":"compactor: processing entry"}
{"level":"debug","key":"test-key-with-reasonable-length-7","filePath":"/var/folders/w5/nl65sjbn1ssb99yw7_w9y85w0000gn/T/compactor-test-3619741259/files/file7.dat","size":102400,"time":"2025-08-13T20:22:53-07:00","message":"compactor: opening file for compaction"}
{"level":"debug","key":"test-key-with-reasonable-length-7","time":"2025-08-13T20:22:53-07:00","message":"compactor: copying file to segment"}
{"level":"debug","key":"test-key-with-reasonable-length-7","valueLength":102400,"segment":"/var/folders/w5/nl65sjbn1ssb99yw7_w9y85w0000gn/T/compactor-test-3619741259/segments/segment_1755141773519433000.seg","time":"2025-08-13T20:22:53-07:00","message":"writing entry to segment"}
{"level":"debug","key":"test-key-with-reasonable-length-7","bytesWritten":102400,"segmentSize":819608,"time":"2025-08-13T20:22:53-07:00","message":"successfully wrote entry to segment"}
{"level":"debug","key":"test-key-with-reasonable-length-7","time":"2025-08-13T20:22:53-07:00","message":"compactor: successfully copied file to segment"}
{"level":"debug","filepath":"/var/folders/w5/nl65sjbn1ssb99yw7_w9y85w0000gn/T/compactor-test-3619741259/files/file7.dat","time":"2025-08-13T20:22:53-07:00","message":"deletion queue: added entry"}
{"level":"debug","iteration":9,"userKey":"test-key-with-reasonable-length-8","filePath":"/var/folders/w5/nl65sjbn1ssb99yw7_w9y85w0000gn/T/compactor-test-3619741259/files/file8.dat","time":"2025-08-13T20:22:53-07:00","message":"compactor: processing entry"}
{"level":"debug","key":"test-key-with-reasonable-length-8","filePath":"/var/folders/w5/nl65sjbn1ssb99yw7_w9y85w0000gn/T/compactor-test-3619741259/files/file8.dat","size":102400,"time":"2025-08-13T20:22:53-07:00","message":"compactor: opening file for compaction"}
{"level":"debug","key":"test-key-with-reasonable-length-8","time":"2025-08-13T20:22:53-07:00","message":"compactor: copying file to segment"}
{"level":"debug","key":"test-key-with-reasonable-length-8","valueLength":102400,"segment":"/var/folders/w5/nl65sjbn1ssb99yw7_w9y85w0000gn/T/compactor-test-3619741259/segments/segment_1755141773519433000.seg","time":"2025-08-13T20:22:53-07:00","message":"writing entry to segment"}
{"level":"debug","key":"test-key-with-reasonable-length-8","bytesWritten":102400,"segmentSize":922059,"time":"2025-08-13T20:22:53-07:00","message":"successfully wrote entry to segment"}
{"level":"debug","key":"test-key-with-reasonable-length-8","time":"2025-08-13T20:22:53-07:00","message":"compactor: successfully copied file to segment"}
{"level":"debug","filepath":"/var/folders/w5/nl65sjbn1ssb99yw7_w9y85w0000gn/T/compactor-test-3619741259/files/file8.dat","time":"2025-08-13T20:22:53-07:00","message":"deletion queue: added entry"}
{"level":"debug","iteration":10,"userKey":"test-key-with-reasonable-length-9","filePath":"/var/folders/w5/nl65sjbn1ssb99yw7_w9y85w0000gn/T/compactor-test-3619741259/files/file9.dat","time":"2025-08-13T20:22:53-07:00","message":"compactor: processing entry"}
{"level":"debug","key":"test-key-with-reasonable-length-9","filePath":"/var/folders/w5/nl65sjbn1ssb99yw7_w9y85w0000gn/T/compactor-test-3619741259/files/file9.dat","size":102400,"time":"2025-08-13T20:22:53-07:00","message":"compactor: opening file for compaction"}
{"level":"debug","key":"test-key-with-reasonable-length-9","time":"2025-08-13T20:22:53-07:00","message":"compactor: copying file to segment"}
{"level":"debug","key":"test-key-with-reasonable-length-9","valueLength":102400,"segment":"/var/folders/w5/nl65sjbn1ssb99yw7_w9y85w0000gn/T/compactor-test-3619741259/segments/segment_1755141773519433000.seg","time":"2025-08-13T20:22:53-07:00","message":"writing entry to segment"}
{"level":"debug","key":"test-key-with-reasonable-length-9","bytesWritten":102400,"segmentSize":1024510,"time":"2025-08-13T20:22:53-07:00","message":"successfully wrote entry to segment"}
{"level":"debug","key":"test-key-with-reasonable-length-9","time":"2025-08-13T20:22:53-07:00","message":"compactor: successfully copied file to segment"}
{"level":"debug","filepath":"/var/folders/w5/nl65sjbn1ssb99yw7_w9y85w0000gn/T/compactor-test-3619741259/files/file9.dat","time":"2025-08-13T20:22:53-07:00","message":"deletion queue: added entry"}
{"level":"info","path":"/var/folders/w5/nl65sjbn1ssb99yw7_w9y85w0000gn/T/compactor-test-3619741259/segments/segment_1755141773519433000.seg","time":"2025-08-13T20:22:53-07:00","message":"finalizing segment"}
{"level":"info","path":"/var/folders/w5/nl65sjbn1ssb99yw7_w9y85w0000gn/T/compactor-test-3619741259/segments/segment_1755141773519433000.seg","time":"2025-08-13T20:22:53-07:00","message":"finished finalizing segment"}
{"level":"info","path":"/var/folders/w5/nl65sjbn1ssb99yw7_w9y85w0000gn/T/compactor-test-3619741259/segments/segment_1755141773547433000.seg","time":"2025-08-13T20:22:53-07:00","message":"creating new segment"}
{"level":"debug","key":"test-key-with-reasonable-length-10","filePath":"/var/folders/w5/nl65sjbn1ssb99yw7_w9y85w0000gn/T/compactor-test-3619741259/files/file10.dat","size":102400,"time":"2025-08-13T20:22:53-07:00","message":"compactor: opening file for compaction"}
{"level":"debug","key":"test-key-with-reasonable-length-10","time":"2025-08-13T20:22:53-07:00","message":"compactor: copying file to segment"}
{"level":"debug","key":"test-key-with-reasonable-length-10","valueLength":102400,"segment":"/var/folders/w5/nl65sjbn1ssb99yw7_w9y85w0000gn/T/compactor-test-3619741259/segments/segment_1755141773547433000.seg","time":"2025-08-13T20:22:53-07:00","message":"writing entry to segment"}
{"level":"debug","key":"test-key-with-reasonable-length-10","bytesWritten":102400,"segmentSize":102452,"time":"2025-08-13T20:22:53-07:00","message":"successfully wrote entry to segment"}
{"level":"debug","key":"test-key-with-reasonable-length-10","time":"2025-08-13T20:22:53-07:00","message":"compactor: successfully copied file to segment"}
{"level":"debug","filepath":"/var/folders/w5/nl65sjbn1ssb99yw7_w9y85w0000gn/T/compactor-test-3619741259/files/file10.dat","time":"2025-08-13T20:22:53-07:00","message":"deletion queue: added entry"}
{"level":"debug","key":"test-key-with-reasonable-length-11","filePath":"/var/folders/w5/nl65sjbn1ssb99yw7_w9y85w0000gn/T/compactor-test-3619741259/files/file11.dat","size":102400,"time":"2025-08-13T20:22:53-07:00","message":"compactor: opening file for compaction"}
{"level":"debug","key":"test-key-with-reasonable-length-11","time":"2025-08-13T20:22:53-07:00","message":"compactor: copying file to segment"}
{"level":"debug","key":"test-key-with-reasonable-length-11","valueLength":102400,"segment":"/var/folders/w5/nl65sjbn1ssb99yw7_w9y85w0000gn/T/compactor-test-3619741259/segments/segment_1755141773547433000.seg","time":"2025-08-13T20:22:53-07:00","message":"writing entry to segment"}
{"level":"debug","key":"test-key-with-reasonable-length-11","bytesWritten":102400,"segmentSize":204904,"time":"2025-08-13T20:22:53-07:00","message":"successfully wrote entry to segment"}
{"level":"debug","key":"test-key-with-reasonable-length-11","time":"2025-08-13T20:22:53-07:00","message":"compactor: successfully copied file to segment"}
{"level":"debug","filepath":"/var/folders/w5/nl65sjbn1ssb99yw7_w9y85w0000gn/T/compactor-test-3619741259/files/file11.dat","time":"2025-08-13T20:22:53-07:00","message":"deletion queue: added entry"}
{"level":"info","migrated":12,"bytes":1228800,"time":"2025-08-13T20:22:53-07:00","message":"compactor: finished file compaction"}
{"level":"info","time":"2025-08-13T20:22:53-07:00","message":"closing metadata DB"}
{"level":"info","time":"2025-08-13T20:22:53-07:00","message":"metadata DB closed"}
--- PASS: TestSegmentRotationOnlyWhenFull (0.12s)
=== RUN   TestSegmentRotationWithMixedSizes
{"level":"info","diskPath":"/var/folders/w5/nl65sjbn1ssb99yw7_w9y85w0000gn/T/compactor-test-2549964812","ttl":0,"time":"2025-08-13T20:22:53-07:00","message":"creating metadata DB"}
{"level":"info","time":"2025-08-13T20:22:53-07:00","message":"metadata DB created"}
{"level":"info","filesPath":"/var/folders/w5/nl65sjbn1ssb99yw7_w9y85w0000gn/T/compactor-test-2549964812/files","time":"2025-08-13T20:22:53-07:00","message":"creating files manager"}
{"level":"info","segmentsPath":"/var/folders/w5/nl65sjbn1ssb99yw7_w9y85w0000gn/T/compactor-test-2549964812/segments","time":"2025-08-13T20:22:53-07:00","message":"creating segment manager"}
{"level":"info","path":"/var/folders/w5/nl65sjbn1ssb99yw7_w9y85w0000gn/T/compactor-test-2549964812/segments","time":"2025-08-13T20:22:53-07:00","message":"loading segments"}
{"level":"info","path":"/var/folders/w5/nl65sjbn1ssb99yw7_w9y85w0000gn/T/compactor-test-2549964812/segments","time":"2025-08-13T20:22:53-07:00","message":"finished loading segments"}
{"level":"info","path":"/var/folders/w5/nl65sjbn1ssb99yw7_w9y85w0000gn/T/compactor-test-2549964812/segments","time":"2025-08-13T20:22:53-07:00","message":"finished finalizing open segments"}
{"level":"info","time":"2025-08-13T20:22:53-07:00","message":"segment manager created"}
{"level":"info","segmentsPath":"/var/folders/w5/nl65sjbn1ssb99yw7_w9y85w0000gn/T/compactor-test-2549964812/segments","time":"2025-08-13T20:22:53-07:00","message":"creating segment manager"}
{"level":"info","path":"/var/folders/w5/nl65sjbn1ssb99yw7_w9y85w0000gn/T/compactor-test-2549964812/segments","time":"2025-08-13T20:22:53-07:00","message":"loading segments"}
{"level":"info","path":"/var/folders/w5/nl65sjbn1ssb99yw7_w9y85w0000gn/T/compactor-test-2549964812/segments","time":"2025-08-13T20:22:53-07:00","message":"finished loading segments"}
{"level":"info","path":"/var/folders/w5/nl65sjbn1ssb99yw7_w9y85w0000gn/T/compactor-test-2549964812/segments","time":"2025-08-13T20:22:53-07:00","message":"finished finalizing open segments"}
{"level":"info","time":"2025-08-13T20:22:53-07:00","message":"segment manager created"}
{"level":"info","maxBytes":10485760,"time":"2025-08-13T20:22:53-07:00","message":"compactor: starting file compaction"}
{"level":"info","path":"/var/folders/w5/nl65sjbn1ssb99yw7_w9y85w0000gn/T/compactor-test-2549964812/segments/segment_1755141773668477000.seg","time":"2025-08-13T20:22:53-07:00","message":"creating new segment"}
{"level":"debug","iteration":1,"userKey":"mixed-key-0","filePath":"/var/folders/w5/nl65sjbn1ssb99yw7_w9y85w0000gn/T/compactor-test-2549964812/files/mixed0.dat","time":"2025-08-13T20:22:53-07:00","message":"compactor: processing entry"}
{"level":"debug","key":"mixed-key-0","filePath":"/var/folders/w5/nl65sjbn1ssb99yw7_w9y85w0000gn/T/compactor-test-2549964812/files/mixed0.dat","size":51200,"time":"2025-08-13T20:22:53-07:00","message":"compactor: opening file for compaction"}
{"level":"debug","key":"mixed-key-0","time":"2025-08-13T20:22:53-07:00","message":"compactor: copying file to segment"}
{"level":"debug","key":"mixed-key-0","valueLength":51200,"segment":"/var/folders/w5/nl65sjbn1ssb99yw7_w9y85w0000gn/T/compactor-test-2549964812/segments/segment_1755141773668477000.seg","time":"2025-08-13T20:22:53-07:00","message":"writing entry to segment"}
{"level":"debug","key":"mixed-key-0","bytesWritten":51200,"segmentSize":51229,"time":"2025-08-13T20:22:53-07:00","message":"successfully wrote entry to segment"}
{"level":"debug","key":"mixed-key-0","time":"2025-08-13T20:22:53-07:00","message":"compactor: successfully copied file to segment"}
{"level":"debug","filepath":"/var/folders/w5/nl65sjbn1ssb99yw7_w9y85w0000gn/T/compactor-test-2549964812/files/mixed0.dat","time":"2025-08-13T20:22:53-07:00","message":"deletion queue: added entry"}
{"level":"debug","iteration":2,"userKey":"mixed-key-1","filePath":"/var/folders/w5/nl65sjbn1ssb99yw7_w9y85w0000gn/T/compactor-test-2549964812/files/mixed1.dat","time":"2025-08-13T20:22:53-07:00","message":"compactor: processing entry"}
{"level":"debug","key":"mixed-key-1","filePath":"/var/folders/w5/nl65sjbn1ssb99yw7_w9y85w0000gn/T/compactor-test-2549964812/files/mixed1.dat","size":102400,"time":"2025-08-13T20:22:53-07:00","message":"compactor: opening file for compaction"}
{"level":"debug","key":"mixed-key-1","time":"2025-08-13T20:22:53-07:00","message":"compactor: copying file to segment"}
{"level":"debug","key":"mixed-key-1","valueLength":102400,"segment":"/var/folders/w5/nl65sjbn1ssb99yw7_w9y85w0000gn/T/compactor-test-2549964812/segments/segment_1755141773668477000.seg","time":"2025-08-13T20:22:53-07:00","message":"writing entry to segment"}
{"level":"debug","key":"mixed-key-1","bytesWritten":102400,"segmentSize":153658,"time":"2025-08-13T20:22:53-07:00","message":"successfully wrote entry to segment"}
{"level":"debug","key":"mixed-key-1","time":"2025-08-13T20:22:53-07:00","message":"compactor: successfully copied file to segment"}
{"level":"debug","filepath":"/var/folders/w5/nl65sjbn1ssb99yw7_w9y85w0000gn/T/compactor-test-2549964812/files/mixed1.dat","time":"2025-08-13T20:22:53-07:00","message":"deletion queue: added entry"}
{"level":"debug","iteration":3,"userKey":"mixed-key-2","filePath":"/var/folders/w5/nl65sjbn1ssb99yw7_w9y85w0000gn/T/compactor-test-2549964812/files/mixed2.dat","time":"2025-08-13T20:22:53-07:00","message":"compactor: processing entry"}
{"level":"debug","key":"mixed-key-2","filePath":"/var/folders/w5/nl65sjbn1ssb99yw7_w9y85w0000gn/T/compactor-test-2549964812/files/mixed2.dat","size":76800,"time":"2025-08-13T20:22:53-07:00","message":"compactor: opening file for compaction"}
{"level":"debug","key":"mixed-key-2","time":"2025-08-13T20:22:53-07:00","message":"compactor: copying file to segment"}
{"level":"debug","key":"mixed-key-2","valueLength":76800,"segment":"/var/folders/w5/nl65sjbn1ssb99yw7_w9y85w0000gn/T/compactor-test-2549964812/segments/segment_1755141773668477000.seg","time":"2025-08-13T20:22:53-07:00","message":"writing entry to segment"}
{"level":"debug","key":"mixed-key-2","bytesWritten":76800,"segmentSize":230487,"time":"2025-08-13T20:22:53-07:00","message":"successfully wrote entry to segment"}
{"level":"debug","key":"mixed-key-2","time":"2025-08-13T20:22:53-07:00","message":"compactor: successfully copied file to segment"}
{"level":"debug","filepath":"/var/folders/w5/nl65sjbn1ssb99yw7_w9y85w0000gn/T/compactor-test-2549964812/files/mixed2.dat","time":"2025-08-13T20:22:53-07:00","message":"deletion queue: added entry"}
{"level":"debug","iteration":4,"userKey":"mixed-key-3","filePath":"/var/folders/w5/nl65sjbn1ssb99yw7_w9y85w0000gn/T/compactor-test-2549964812/files/mixed3.dat","time":"2025-08-13T20:22:53-07:00","message":"compactor: processing entry"}
{"level":"debug","key":"mixed-key-3","filePath":"/var/folders/w5/nl65sjbn1ssb99yw7_w9y85w0000gn/T/compactor-test-2549964812/files/mixed3.dat","size":153600,"time":"2025-08-13T20:22:53-07:00","message":"compactor: opening file for compaction"}
{"level":"debug","key":"mixed-key-3","time":"2025-08-13T20:22:53-07:00","message":"compactor: copying file to segment"}
{"level":"debug","key":"mixed-key-3","valueLength":153600,"segment":"/var/folders/w5/nl65sjbn1ssb99yw7_w9y85w0000gn/T/compactor-test-2549964812/segments/segment_1755141773668477000.seg","time":"2025-08-13T20:22:53-07:00","message":"writing entry to segment"}
{"level":"debug","key":"mixed-key-3","bytesWritten":153600,"segmentSize":384116,"time":"2025-08-13T20:22:53-07:00","message":"successfully wrote entry to segment"}
{"level":"debug","key":"mixed-key-3","time":"2025-08-13T20:22:53-07:00","message":"compactor: successfully copied file to segment"}
{"level":"debug","filepath":"/var/folders/w5/nl65sjbn1ssb99yw7_w9y85w0000gn/T/compactor-test-2549964812/files/mixed3.dat","time":"2025-08-13T20:22:53-07:00","message":"deletion queue: added entry"}
{"level":"debug","iteration":5,"userKey":"mixed-key-4","filePath":"/var/folders/w5/nl65sjbn1ssb99yw7_w9y85w0000gn/T/compactor-test-2549964812/files/mixed4.dat","time":"2025-08-13T20:22:53-07:00","message":"compactor: processing entry"}
{"level":"debug","key":"mixed-key-4","filePath":"/var/folders/w5/nl65sjbn1ssb99yw7_w9y85w0000gn/T/compactor-test-2549964812/files/mixed4.dat","size":81920,"time":"2025-08-13T20:22:53-07:00","message":"compactor: opening file for compaction"}
{"level":"debug","key":"mixed-key-4","time":"2025-08-13T20:22:53-07:00","message":"compactor: copying file to segment"}
{"level":"debug","key":"mixed-key-4","valueLength":81920,"segment":"/var/folders/w5/nl65sjbn1ssb99yw7_w9y85w0000gn/T/compactor-test-2549964812/segments/segment_1755141773668477000.seg","time":"2025-08-13T20:22:53-07:00","message":"writing entry to segment"}
{"level":"debug","key":"mixed-key-4","bytesWritten":81920,"segmentSize":466065,"time":"2025-08-13T20:22:53-07:00","message":"successfully wrote entry to segment"}
{"level":"debug","key":"mixed-key-4","time":"2025-08-13T20:22:53-07:00","message":"compactor: successfully copied file to segment"}
{"level":"debug","filepath":"/var/folders/w5/nl65sjbn1ssb99yw7_w9y85w0000gn/T/compactor-test-2549964812/files/mixed4.dat","time":"2025-08-13T20:22:53-07:00","message":"deletion queue: added entry"}
{"level":"debug","iteration":6,"userKey":"mixed-key-5","filePath":"/var/folders/w5/nl65sjbn1ssb99yw7_w9y85w0000gn/T/compactor-test-2549964812/files/mixed5.dat","time":"2025-08-13T20:22:53-07:00","message":"compactor: processing entry"}
{"level":"info","path":"/var/folders/w5/nl65sjbn1ssb99yw7_w9y85w0000gn/T/compactor-test-2549964812/segments/segment_1755141773668477000.seg","time":"2025-08-13T20:22:53-07:00","message":"finalizing segment"}
{"level":"info","path":"/var/folders/w5/nl65sjbn1ssb99yw7_w9y85w0000gn/T/compactor-test-2549964812/segments/segment_1755141773668477000.seg","time":"2025-08-13T20:22:53-07:00","message":"finished finalizing segment"}
{"level":"info","path":"/var/folders/w5/nl65sjbn1ssb99yw7_w9y85w0000gn/T/compactor-test-2549964812/segments/segment_1755141773674427000.seg","time":"2025-08-13T20:22:53-07:00","message":"creating new segment"}
{"level":"debug","key":"mixed-key-5","filePath":"/var/folders/w5/nl65sjbn1ssb99yw7_w9y85w0000gn/T/compactor-test-2549964812/files/mixed5.dat","size":61440,"time":"2025-08-13T20:22:53-07:00","message":"compactor: opening file for compaction"}
{"level":"debug","key":"mixed-key-5","time":"2025-08-13T20:22:53-07:00","message":"compactor: copying file to segment"}
{"level":"debug","key":"mixed-key-5","valueLength":61440,"segment":"/var/folders/w5/nl65sjbn1ssb99yw7_w9y85w0000gn/T/compactor-test-2549964812/segments/segment_1755141773674427000.seg","time":"2025-08-13T20:22:53-07:00","message":"writing entry to segment"}
{"level":"debug","key":"mixed-key-5","bytesWritten":61440,"segmentSize":61469,"time":"2025-08-13T20:22:53-07:00","message":"successfully wrote entry to segment"}
{"level":"debug","key":"mixed-key-5","time":"2025-08-13T20:22:53-07:00","message":"compactor: successfully copied file to segment"}
{"level":"debug","filepath":"/var/folders/w5/nl65sjbn1ssb99yw7_w9y85w0000gn/T/compactor-test-2549964812/files/mixed5.dat","time":"2025-08-13T20:22:53-07:00","message":"deletion queue: added entry"}
{"level":"info","migrated":6,"bytes":527360,"time":"2025-08-13T20:22:53-07:00","message":"compactor: finished file compaction"}
{"level":"info","time":"2025-08-13T20:22:53-07:00","message":"closing metadata DB"}
{"level":"info","time":"2025-08-13T20:22:53-07:00","message":"metadata DB closed"}
--- PASS: TestSegmentRotationWithMixedSizes (0.13s)
=== RUN   TestCopyFileIntoSegmentError
{"level":"info","diskPath":"/var/folders/w5/nl65sjbn1ssb99yw7_w9y85w0000gn/T/compactor-test-1781442318","ttl":0,"time":"2025-08-13T20:22:53-07:00","message":"creating metadata DB"}
{"level":"info","time":"2025-08-13T20:22:53-07:00","message":"metadata DB created"}
{"level":"info","filesPath":"/var/folders/w5/nl65sjbn1ssb99yw7_w9y85w0000gn/T/compactor-test-1781442318/files","time":"2025-08-13T20:22:53-07:00","message":"creating files manager"}
{"level":"info","segmentsPath":"/var/folders/w5/nl65sjbn1ssb99yw7_w9y85w0000gn/T/compactor-test-1781442318/segments","time":"2025-08-13T20:22:53-07:00","message":"creating segment manager"}
{"level":"info","path":"/var/folders/w5/nl65sjbn1ssb99yw7_w9y85w0000gn/T/compactor-test-1781442318/segments","time":"2025-08-13T20:22:53-07:00","message":"loading segments"}
{"level":"info","path":"/var/folders/w5/nl65sjbn1ssb99yw7_w9y85w0000gn/T/compactor-test-1781442318/segments","time":"2025-08-13T20:22:53-07:00","message":"finished loading segments"}
{"level":"info","path":"/var/folders/w5/nl65sjbn1ssb99yw7_w9y85w0000gn/T/compactor-test-1781442318/segments","time":"2025-08-13T20:22:53-07:00","message":"finished finalizing open segments"}
{"level":"info","time":"2025-08-13T20:22:53-07:00","message":"segment manager created"}
{"level":"info","time":"2025-08-13T20:22:53-07:00","message":"closing metadata DB"}
{"level":"info","time":"2025-08-13T20:22:53-07:00","message":"metadata DB closed"}
--- PASS: TestCopyFileIntoSegmentError (0.09s)
=== RUN   TestCompactFilesWithCorruptedFile
{"level":"info","diskPath":"/var/folders/w5/nl65sjbn1ssb99yw7_w9y85w0000gn/T/compactor-test-865968863","ttl":0,"time":"2025-08-13T20:22:53-07:00","message":"creating metadata DB"}
{"level":"info","time":"2025-08-13T20:22:53-07:00","message":"metadata DB created"}
{"level":"info","filesPath":"/var/folders/w5/nl65sjbn1ssb99yw7_w9y85w0000gn/T/compactor-test-865968863/files","time":"2025-08-13T20:22:53-07:00","message":"creating files manager"}
{"level":"info","segmentsPath":"/var/folders/w5/nl65sjbn1ssb99yw7_w9y85w0000gn/T/compactor-test-865968863/segments","time":"2025-08-13T20:22:53-07:00","message":"creating segment manager"}
{"level":"info","path":"/var/folders/w5/nl65sjbn1ssb99yw7_w9y85w0000gn/T/compactor-test-865968863/segments","time":"2025-08-13T20:22:53-07:00","message":"loading segments"}
{"level":"info","path":"/var/folders/w5/nl65sjbn1ssb99yw7_w9y85w0000gn/T/compactor-test-865968863/segments","time":"2025-08-13T20:22:53-07:00","message":"finished loading segments"}
{"level":"info","path":"/var/folders/w5/nl65sjbn1ssb99yw7_w9y85w0000gn/T/compactor-test-865968863/segments","time":"2025-08-13T20:22:53-07:00","message":"finished finalizing open segments"}
{"level":"info","time":"2025-08-13T20:22:53-07:00","message":"segment manager created"}
{"level":"info","maxBytes":1048576,"time":"2025-08-13T20:22:53-07:00","message":"compactor: starting file compaction"}
{"level":"info","path":"/var/folders/w5/nl65sjbn1ssb99yw7_w9y85w0000gn/T/compactor-test-865968863/segments/segment_1755141773911267000.seg","time":"2025-08-13T20:22:53-07:00","message":"creating new segment"}
{"level":"debug","iteration":1,"userKey":"corrupted-key","filePath":"/var/folders/w5/nl65sjbn1ssb99yw7_w9y85w0000gn/T/compactor-test-865968863/files/corrupted.dat","time":"2025-08-13T20:22:53-07:00","message":"compactor: processing entry"}
{"level":"error","key":"corrupted-key","filePath":"/var/folders/w5/nl65sjbn1ssb99yw7_w9y85w0000gn/T/compactor-test-865968863/files/corrupted.dat","actualSize":19,"expectedSize":119,"time":"2025-08-13T20:22:53-07:00","message":"compactor: file size mismatch - possible corruption"}
{"level":"debug","filepath":"/var/folders/w5/nl65sjbn1ssb99yw7_w9y85w0000gn/T/compactor-test-865968863/files/corrupted.dat","time":"2025-08-13T20:22:53-07:00","message":"deletion queue: added entry"}
{"level":"warn","key":"corrupted-key","file":"/var/folders/w5/nl65sjbn1ssb99yw7_w9y85w0000gn/T/compactor-test-865968863/files/corrupted.dat","actualSize":19,"expectedSize":119,"time":"2025-08-13T20:22:53-07:00","message":"compactor: skipping corrupted file"}
{"level":"info","migrated":0,"bytes":0,"time":"2025-08-13T20:22:53-07:00","message":"compactor: finished file compaction"}
{"level":"info","time":"2025-08-13T20:22:53-07:00","message":"closing metadata DB"}
{"level":"info","time":"2025-08-13T20:22:53-07:00","message":"metadata DB closed"}
--- PASS: TestCompactFilesWithCorruptedFile (0.14s)
=== RUN   TestCompactFilesWithMultipleCorruptions
{"level":"info","diskPath":"/var/folders/w5/nl65sjbn1ssb99yw7_w9y85w0000gn/T/compactor-test-3746101107","ttl":0,"time":"2025-08-13T20:22:53-07:00","message":"creating metadata DB"}
{"level":"info","time":"2025-08-13T20:22:54-07:00","message":"metadata DB created"}
{"level":"info","filesPath":"/var/folders/w5/nl65sjbn1ssb99yw7_w9y85w0000gn/T/compactor-test-3746101107/files","time":"2025-08-13T20:22:54-07:00","message":"creating files manager"}
{"level":"info","segmentsPath":"/var/folders/w5/nl65sjbn1ssb99yw7_w9y85w0000gn/T/compactor-test-3746101107/segments","time":"2025-08-13T20:22:54-07:00","message":"creating segment manager"}
{"level":"info","path":"/var/folders/w5/nl65sjbn1ssb99yw7_w9y85w0000gn/T/compactor-test-3746101107/segments","time":"2025-08-13T20:22:54-07:00","message":"loading segments"}
{"level":"info","path":"/var/folders/w5/nl65sjbn1ssb99yw7_w9y85w0000gn/T/compactor-test-3746101107/segments","time":"2025-08-13T20:22:54-07:00","message":"finished loading segments"}
{"level":"info","path":"/var/folders/w5/nl65sjbn1ssb99yw7_w9y85w0000gn/T/compactor-test-3746101107/segments","time":"2025-08-13T20:22:54-07:00","message":"finished finalizing open segments"}
{"level":"info","time":"2025-08-13T20:22:54-07:00","message":"segment manager created"}
{"level":"info","maxBytes":1048576,"time":"2025-08-13T20:22:54-07:00","message":"compactor: starting file compaction"}
{"level":"info","path":"/var/folders/w5/nl65sjbn1ssb99yw7_w9y85w0000gn/T/compactor-test-3746101107/segments/segment_1755141774046791000.seg","time":"2025-08-13T20:22:54-07:00","message":"creating new segment"}
{"level":"debug","iteration":1,"userKey":"valid-key","filePath":"/var/folders/w5/nl65sjbn1ssb99yw7_w9y85w0000gn/T/compactor-test-3746101107/files/valid.dat","time":"2025-08-13T20:22:54-07:00","message":"compactor: processing entry"}
{"level":"debug","key":"valid-key","filePath":"/var/folders/w5/nl65sjbn1ssb99yw7_w9y85w0000gn/T/compactor-test-3746101107/files/valid.dat","size":18,"time":"2025-08-13T20:22:54-07:00","message":"compactor: opening file for compaction"}
{"level":"debug","key":"valid-key","time":"2025-08-13T20:22:54-07:00","message":"compactor: copying file to segment"}
{"level":"debug","key":"valid-key","valueLength":18,"segment":"/var/folders/w5/nl65sjbn1ssb99yw7_w9y85w0000gn/T/compactor-test-3746101107/segments/segment_1755141774046791000.seg","time":"2025-08-13T20:22:54-07:00","message":"writing entry to segment"}
{"level":"debug","key":"valid-key","bytesWritten":18,"segmentSize":45,"time":"2025-08-13T20:22:54-07:00","message":"successfully wrote entry to segment"}
{"level":"debug","key":"valid-key","time":"2025-08-13T20:22:54-07:00","message":"compactor: successfully copied file to segment"}
{"level":"debug","filepath":"/var/folders/w5/nl65sjbn1ssb99yw7_w9y85w0000gn/T/compactor-test-3746101107/files/valid.dat","time":"2025-08-13T20:22:54-07:00","message":"deletion queue: added entry"}
{"level":"debug","iteration":2,"userKey":"corrupt-key","filePath":"/var/folders/w5/nl65sjbn1ssb99yw7_w9y85w0000gn/T/compactor-test-3746101107/files/corrupt.dat","time":"2025-08-13T20:22:54-07:00","message":"compactor: processing entry"}
{"level":"error","key":"corrupt-key","filePath":"/var/folders/w5/nl65sjbn1ssb99yw7_w9y85w0000gn/T/compactor-test-3746101107/files/corrupt.dat","actualSize":7,"expectedSize":1000,"time":"2025-08-13T20:22:54-07:00","message":"compactor: file size mismatch - possible corruption"}
{"level":"debug","filepath":"/var/folders/w5/nl65sjbn1ssb99yw7_w9y85w0000gn/T/compactor-test-3746101107/files/corrupt.dat","time":"2025-08-13T20:22:54-07:00","message":"deletion queue: added entry"}
{"level":"warn","key":"corrupt-key","file":"/var/folders/w5/nl65sjbn1ssb99yw7_w9y85w0000gn/T/compactor-test-3746101107/files/corrupt.dat","actualSize":7,"expectedSize":1000,"time":"2025-08-13T20:22:54-07:00","message":"compactor: skipping corrupted file"}
{"level":"info","migrated":1,"bytes":18,"time":"2025-08-13T20:22:54-07:00","message":"compactor: finished file compaction"}
    compactor_test.go:857: 
        	Error Trace:	/Users/ovaistariq/code/go/src/github.com/tigrisdata/ocache/.conductor/wellington/server/compaction/compactor_test.go:857
        	Error:      	Should be true
        	Test:       	TestCompactFilesWithMultipleCorruptions
        	Messages:   	Valid file should be deleted after compaction
{"level":"info","time":"2025-08-13T20:22:54-07:00","message":"closing metadata DB"}
{"level":"info","time":"2025-08-13T20:22:54-07:00","message":"metadata DB closed"}
--- FAIL: TestCompactFilesWithMultipleCorruptions (0.13s)
FAIL
FAIL	github.com/tigrisdata/ocache/server/compaction	1.995s
=== RUN   TestTTLCleanup
{"level":"info","diskPath":"/var/folders/w5/nl65sjbn1ssb99yw7_w9y85w0000gn/T/cleaner-test-2773521412","ttl":0,"time":"2025-08-13T20:22:52-07:00","message":"creating metadata DB"}
{"level":"info","time":"2025-08-13T20:22:52-07:00","message":"metadata DB created"}
{"level":"info","segmentsPath":"/var/folders/w5/nl65sjbn1ssb99yw7_w9y85w0000gn/T/cleaner-test-2773521412/segments","time":"2025-08-13T20:22:52-07:00","message":"creating segment manager"}
{"level":"info","path":"/var/folders/w5/nl65sjbn1ssb99yw7_w9y85w0000gn/T/cleaner-test-2773521412/segments","time":"2025-08-13T20:22:52-07:00","message":"loading segments"}
{"level":"info","path":"/var/folders/w5/nl65sjbn1ssb99yw7_w9y85w0000gn/T/cleaner-test-2773521412/segments","time":"2025-08-13T20:22:52-07:00","message":"finished loading segments"}
{"level":"info","path":"/var/folders/w5/nl65sjbn1ssb99yw7_w9y85w0000gn/T/cleaner-test-2773521412/segments","time":"2025-08-13T20:22:52-07:00","message":"finished finalizing open segments"}
{"level":"info","time":"2025-08-13T20:22:52-07:00","message":"segment manager created"}
{"level":"info","filesPath":"/var/folders/w5/nl65sjbn1ssb99yw7_w9y85w0000gn/T/cleaner-test-2773521412/files","time":"2025-08-13T20:22:52-07:00","message":"creating files manager"}
{"level":"info","time":"2025-08-13T20:22:52-07:00","message":"files.recovery: starting startup recovery"}
{"level":"info","time":"2025-08-13T20:22:52-07:00","message":"files.recovery: using streaming approach"}
{"level":"info","entries":0,"time":"2025-08-13T20:22:52-07:00","message":"files.recovery: finished streaming entries"}
{"level":"info","total":0,"valid":0,"corrupted":0,"stale":0,"orphaned":0,"missing":0,"duration":0.22475,"time":"2025-08-13T20:22:52-07:00","message":"files.recovery: completed"}
{"level":"info","batch_size":1000,"interval":1000,"prune_age":86400000,"time":"2025-08-13T20:22:52-07:00","message":"deletion queue: started"}
{"level":"info","ttl_cleanup_interval":100,"max_disk_usage":0,"time":"2025-08-13T20:22:52-07:00","message":"storage: started background cleaner with TTL cleanup and LRU eviction"}
{"level":"info","interval":30000,"kernel_sync_age":60000,"time":"2025-08-13T20:22:52-07:00","message":"files.monitor: started sync monitor"}
{"level":"info","time":"2025-08-13T20:22:52-07:00","message":"storage: started passive sync monitor"}
{"level":"info","time":"2025-08-13T20:22:52-07:00","message":"compactor: starting background compaction loop"}
{"level":"debug","key":"ttl-key-0","ttl":1,"expiry":1755141773,"time":"2025-08-13T20:22:52-07:00","message":"storage.Put: setting TTL"}
{"level":"info","time":"2025-08-13T20:22:52-07:00","message":"cleaner: starting background cleanup loop"}
{"level":"info","total_size":0,"time":"2025-08-13T20:22:52-07:00","message":"cleaner: calculated total storage size"}
{"level":"debug","key":"ttl-key-0","time":"2025-08-13T20:22:52-07:00","message":"storage.putLow: storing in RocksDB"}
{"level":"debug","key":"ttl-key-1","ttl":1,"expiry":1755141773,"time":"2025-08-13T20:22:52-07:00","message":"storage.Put: setting TTL"}
{"level":"debug","key":"ttl-key-1","time":"2025-08-13T20:22:52-07:00","message":"storage.putLow: storing in RocksDB"}
{"level":"debug","key":"ttl-key-2","ttl":1,"expiry":1755141773,"time":"2025-08-13T20:22:52-07:00","message":"storage.Put: setting TTL"}
{"level":"debug","key":"ttl-key-2","time":"2025-08-13T20:22:52-07:00","message":"storage.putLow: storing in RocksDB"}
{"level":"debug","key":"ttl-key-3","ttl":1,"expiry":1755141773,"time":"2025-08-13T20:22:52-07:00","message":"storage.Put: setting TTL"}
{"level":"debug","key":"ttl-key-3","time":"2025-08-13T20:22:52-07:00","message":"storage.putLow: storing in RocksDB"}
{"level":"debug","key":"ttl-key-4","ttl":1,"expiry":1755141773,"time":"2025-08-13T20:22:52-07:00","message":"storage.Put: setting TTL"}
{"level":"debug","key":"ttl-key-4","time":"2025-08-13T20:22:52-07:00","message":"storage.putLow: storing in RocksDB"}
{"level":"debug","key":"no-ttl-key-0","time":"2025-08-13T20:22:52-07:00","message":"storage.putLow: storing in RocksDB"}
{"level":"debug","key":"no-ttl-key-1","time":"2025-08-13T20:22:52-07:00","message":"storage.putLow: storing in RocksDB"}
{"level":"debug","key":"no-ttl-key-2","time":"2025-08-13T20:22:52-07:00","message":"storage.putLow: storing in RocksDB"}
{"level":"debug","key":"no-ttl-key-3","time":"2025-08-13T20:22:52-07:00","message":"storage.putLow: storing in RocksDB"}
{"level":"debug","key":"no-ttl-key-4","time":"2025-08-13T20:22:52-07:00","message":"storage.putLow: storing in RocksDB"}
{"level":"debug","key":"ttl-key-0","expiry":1755141773,"now":1755141773,"expired":true,"time":"2025-08-13T20:22:53-07:00","message":"cleaner: checking expiry"}
{"level":"debug","key":"ttl-key-0","expiry":1755141773,"now":1755141773,"time":"2025-08-13T20:22:53-07:00","message":"cleaner: deleting expired key"}
{"level":"debug","key":"ttl-key-1","expiry":1755141773,"now":1755141773,"expired":true,"time":"2025-08-13T20:22:53-07:00","message":"cleaner: checking expiry"}
{"level":"debug","key":"ttl-key-1","expiry":1755141773,"now":1755141773,"time":"2025-08-13T20:22:53-07:00","message":"cleaner: deleting expired key"}
{"level":"debug","key":"ttl-key-2","expiry":1755141773,"now":1755141773,"expired":true,"time":"2025-08-13T20:22:53-07:00","message":"cleaner: checking expiry"}
{"level":"debug","key":"ttl-key-2","expiry":1755141773,"now":1755141773,"time":"2025-08-13T20:22:53-07:00","message":"cleaner: deleting expired key"}
{"level":"debug","key":"ttl-key-3","expiry":1755141773,"now":1755141773,"expired":true,"time":"2025-08-13T20:22:53-07:00","message":"cleaner: checking expiry"}
{"level":"debug","key":"ttl-key-3","expiry":1755141773,"now":1755141773,"time":"2025-08-13T20:22:53-07:00","message":"cleaner: deleting expired key"}
{"level":"debug","key":"ttl-key-4","expiry":1755141773,"now":1755141773,"expired":true,"time":"2025-08-13T20:22:53-07:00","message":"cleaner: checking expiry"}
{"level":"debug","key":"ttl-key-4","expiry":1755141773,"now":1755141773,"time":"2025-08-13T20:22:53-07:00","message":"cleaner: deleting expired key"}
{"level":"info","cleaned":5,"duration":1.037542,"time":"2025-08-13T20:22:53-07:00","message":"cleaner: TTL cleanup completed"}
{"level":"info","cleaned":0,"duration":0.043667,"time":"2025-08-13T20:22:53-07:00","message":"cleaner: TTL cleanup completed"}
{"level":"info","cleaned":0,"duration":0.059791,"time":"2025-08-13T20:22:53-07:00","message":"cleaner: TTL cleanup completed"}
{"level":"info","cleaned":0,"duration":0.068208,"time":"2025-08-13T20:22:53-07:00","message":"cleaner: TTL cleanup completed"}
{"level":"info","cleaned":0,"duration":0.064791,"time":"2025-08-13T20:22:53-07:00","message":"cleaner: TTL cleanup completed"}
{"level":"info","cleaned":0,"duration":0.122834,"time":"2025-08-13T20:22:53-07:00","message":"cleaner: TTL cleanup completed"}
{"level":"info","cleaned":0,"duration":0.043083,"time":"2025-08-13T20:22:53-07:00","message":"cleaner: TTL cleanup completed"}
{"level":"info","cleaned":0,"duration":0.080209,"time":"2025-08-13T20:22:53-07:00","message":"cleaner: TTL cleanup completed"}
{"level":"info","cleaned":0,"duration":0.048834,"time":"2025-08-13T20:22:53-07:00","message":"cleaner: TTL cleanup completed"}
{"level":"info","cleaned":0,"duration":0.071833,"time":"2025-08-13T20:22:53-07:00","message":"cleaner: TTL cleanup completed"}
{"level":"info","cleaned":0,"duration":0.076,"time":"2025-08-13T20:22:54-07:00","message":"cleaner: TTL cleanup completed"}
{"level":"info","cleaned":0,"duration":0.052167,"time":"2025-08-13T20:22:54-07:00","message":"cleaner: TTL cleanup completed"}
{"level":"info","cleaned":0,"duration":0.053125,"time":"2025-08-13T20:22:54-07:00","message":"cleaner: TTL cleanup completed"}
{"level":"info","cleaned":0,"duration":0.083541,"time":"2025-08-13T20:22:54-07:00","message":"cleaner: TTL cleanup completed"}
{"level":"info","cleaned":0,"duration":0.069375,"time":"2025-08-13T20:22:54-07:00","message":"cleaner: TTL cleanup completed"}
{"level":"info","cleaned":0,"duration":0.05175,"time":"2025-08-13T20:22:54-07:00","message":"cleaner: TTL cleanup completed"}
{"level":"info","cleaned":0,"duration":0.0425,"time":"2025-08-13T20:22:54-07:00","message":"cleaner: TTL cleanup completed"}
{"level":"info","cleaned":0,"duration":0.060916,"time":"2025-08-13T20:22:54-07:00","message":"cleaner: TTL cleanup completed"}
{"level":"info","cleaned":0,"duration":0.043584,"time":"2025-08-13T20:22:54-07:00","message":"cleaner: TTL cleanup completed"}
{"level":"info","cleaned":0,"duration":0.065375,"time":"2025-08-13T20:22:54-07:00","message":"cleaner: TTL cleanup completed"}
{"level":"info","time":"2025-08-13T20:22:54-07:00","message":"files.monitor: stopping sync monitor"}
{"level":"info","time":"2025-08-13T20:22:54-07:00","message":"files.monitor: sync monitor stopped"}
{"level":"info","time":"2025-08-13T20:22:54-07:00","message":"cleaner: background loop stopping"}
{"level":"info","time":"2025-08-13T20:22:54-07:00","message":"cleaner: shutdown completed"}
{"level":"info","time":"2025-08-13T20:22:54-07:00","message":"compactor: background loop stopping"}
{"level":"info","time":"2025-08-13T20:22:54-07:00","message":"compactor: shutdown completed"}
{"level":"info","time":"2025-08-13T20:22:54-07:00","message":"deletion queue: stopping"}
{"level":"info","processed":0,"failed":0,"pruned":0,"time":"2025-08-13T20:22:54-07:00","message":"deletion queue: stopped"}
{"level":"info","time":"2025-08-13T20:22:54-07:00","message":"closing segment manager"}
{"level":"info","time":"2025-08-13T20:22:54-07:00","message":"segment manager closed"}
{"level":"info","time":"2025-08-13T20:22:54-07:00","message":"closing metadata DB"}
{"level":"info","time":"2025-08-13T20:22:54-07:00","message":"metadata DB closed"}
--- PASS: TestTTLCleanup (2.16s)
=== RUN   TestLRUEviction
{"level":"info","diskPath":"/var/folders/w5/nl65sjbn1ssb99yw7_w9y85w0000gn/T/lru-test-462148968","ttl":0,"time":"2025-08-13T20:22:54-07:00","message":"creating metadata DB"}
{"level":"info","time":"2025-08-13T20:22:55-07:00","message":"metadata DB created"}
{"level":"info","segmentsPath":"/var/folders/w5/nl65sjbn1ssb99yw7_w9y85w0000gn/T/lru-test-462148968/segments","time":"2025-08-13T20:22:55-07:00","message":"creating segment manager"}
{"level":"info","path":"/var/folders/w5/nl65sjbn1ssb99yw7_w9y85w0000gn/T/lru-test-462148968/segments","time":"2025-08-13T20:22:55-07:00","message":"loading segments"}
{"level":"info","path":"/var/folders/w5/nl65sjbn1ssb99yw7_w9y85w0000gn/T/lru-test-462148968/segments","time":"2025-08-13T20:22:55-07:00","message":"finished loading segments"}
{"level":"info","path":"/var/folders/w5/nl65sjbn1ssb99yw7_w9y85w0000gn/T/lru-test-462148968/segments","time":"2025-08-13T20:22:55-07:00","message":"finished finalizing open segments"}
{"level":"info","time":"2025-08-13T20:22:55-07:00","message":"segment manager created"}
{"level":"info","filesPath":"/var/folders/w5/nl65sjbn1ssb99yw7_w9y85w0000gn/T/lru-test-462148968/files","time":"2025-08-13T20:22:55-07:00","message":"creating files manager"}
{"level":"info","time":"2025-08-13T20:22:55-07:00","message":"files.recovery: starting startup recovery"}
{"level":"info","time":"2025-08-13T20:22:55-07:00","message":"files.recovery: using streaming approach"}
{"level":"info","entries":0,"time":"2025-08-13T20:22:55-07:00","message":"files.recovery: finished streaming entries"}
{"level":"info","total":0,"valid":0,"corrupted":0,"stale":0,"orphaned":0,"missing":0,"duration":0.065,"time":"2025-08-13T20:22:55-07:00","message":"files.recovery: completed"}
{"level":"info","batch_size":1000,"interval":1000,"prune_age":86400000,"time":"2025-08-13T20:22:55-07:00","message":"deletion queue: started"}
{"level":"info","ttl_cleanup_interval":100,"max_disk_usage":1000,"time":"2025-08-13T20:22:55-07:00","message":"storage: started background cleaner with TTL cleanup and LRU eviction"}
{"level":"info","time":"2025-08-13T20:22:55-07:00","message":"compactor: starting background compaction loop"}
{"level":"info","time":"2025-08-13T20:22:55-07:00","message":"cleaner: starting background cleanup loop"}
{"level":"info","buffer_size":10000,"batch_interval":100,"time":"2025-08-13T20:22:55-07:00","message":"storage: started async access updater for LRU tracking"}
{"level":"info","interval":30000,"kernel_sync_age":60000,"time":"2025-08-13T20:22:55-07:00","message":"files.monitor: started sync monitor"}
{"level":"info","time":"2025-08-13T20:22:55-07:00","message":"storage: started passive sync monitor"}
{"level":"info","total_size":0,"time":"2025-08-13T20:22:55-07:00","message":"cleaner: calculated total storage size"}
{"level":"debug","key":"old-key-0","time":"2025-08-13T20:22:55-07:00","message":"storage.putLow: storing in RocksDB"}
{"level":"debug","key":"old-key-1","time":"2025-08-13T20:22:55-07:00","message":"storage.putLow: storing in RocksDB"}
{"level":"debug","key":"old-key-2","time":"2025-08-13T20:22:55-07:00","message":"storage.putLow: storing in RocksDB"}
{"level":"debug","key":"old-key-3","time":"2025-08-13T20:22:55-07:00","message":"storage.putLow: storing in RocksDB"}
{"level":"debug","key":"old-key-4","time":"2025-08-13T20:22:55-07:00","message":"storage.putLow: storing in RocksDB"}
{"level":"debug","key":"old-key-5","time":"2025-08-13T20:22:55-07:00","message":"storage.putLow: storing in RocksDB"}
{"level":"debug","key":"old-key-6","time":"2025-08-13T20:22:55-07:00","message":"storage.putLow: storing in RocksDB"}
{"level":"debug","key":"old-key-7","time":"2025-08-13T20:22:55-07:00","message":"storage.putLow: storing in RocksDB"}
{"level":"debug","key":"old-key-8","time":"2025-08-13T20:22:55-07:00","message":"storage.putLow: storing in RocksDB"}
{"level":"debug","key":"old-key-9","time":"2025-08-13T20:22:55-07:00","message":"storage.putLow: storing in RocksDB"}
{"level":"info","cleaned":0,"duration":0.07025,"time":"2025-08-13T20:22:55-07:00","message":"cleaner: TTL cleanup completed"}
{"level":"debug","key":"new-key-0","time":"2025-08-13T20:22:55-07:00","message":"storage.putLow: storing in RocksDB"}
{"level":"info","cleaned":0,"duration":0.085166,"time":"2025-08-13T20:22:55-07:00","message":"cleaner: TTL cleanup completed"}
{"level":"debug","key":"new-key-1","time":"2025-08-13T20:22:55-07:00","message":"storage.putLow: storing in RocksDB"}
{"level":"debug","key":"new-key-2","time":"2025-08-13T20:22:55-07:00","message":"storage.putLow: storing in RocksDB"}
{"level":"debug","key":"new-key-3","time":"2025-08-13T20:22:55-07:00","message":"storage.putLow: storing in RocksDB"}
{"level":"debug","key":"new-key-4","time":"2025-08-13T20:22:55-07:00","message":"storage.putLow: storing in RocksDB"}
{"level":"info","cleaned":0,"duration":0.102208,"time":"2025-08-13T20:22:55-07:00","message":"cleaner: TTL cleanup completed"}
{"level":"info","current":1500,"max":1000,"need_to_evict":600,"time":"2025-08-13T20:22:55-07:00","message":"cleaner: enforcing disk usage limit with LRU eviction"}
{"level":"debug","key":"old-key-0","lastAccess":1755141675,"size":100,"time":"2025-08-13T20:22:55-07:00","message":"LRU: considering for eviction"}
{"level":"debug","key":"old-key-1","lastAccess":1755141676,"size":100,"time":"2025-08-13T20:22:55-07:00","message":"LRU: considering for eviction"}
{"level":"debug","key":"old-key-2","lastAccess":1755141677,"size":100,"time":"2025-08-13T20:22:55-07:00","message":"LRU: considering for eviction"}
{"level":"debug","key":"old-key-3","lastAccess":1755141678,"size":100,"time":"2025-08-13T20:22:55-07:00","message":"LRU: considering for eviction"}
{"level":"debug","key":"old-key-4","lastAccess":1755141679,"size":100,"time":"2025-08-13T20:22:55-07:00","message":"LRU: considering for eviction"}
{"level":"debug","key":"old-key-5","lastAccess":1755141680,"size":100,"time":"2025-08-13T20:22:55-07:00","message":"LRU: considering for eviction"}
{"level":"info","count":6,"bytes":600,"duration":0.15575,"time":"2025-08-13T20:22:55-07:00","message":"cleaner: LRU eviction completed"}
{"level":"info","cleaned":0,"duration":0.060333,"time":"2025-08-13T20:22:55-07:00","message":"cleaner: TTL cleanup completed"}
{"level":"info","cleaned":0,"duration":0.080125,"time":"2025-08-13T20:22:55-07:00","message":"cleaner: TTL cleanup completed"}
{"level":"info","cleaned":0,"duration":0.098667,"time":"2025-08-13T20:22:55-07:00","message":"cleaner: TTL cleanup completed"}
{"level":"info","cleaned":0,"duration":0.086917,"time":"2025-08-13T20:22:55-07:00","message":"cleaner: TTL cleanup completed"}
{"level":"info","cleaned":0,"duration":0.145125,"time":"2025-08-13T20:22:55-07:00","message":"cleaner: TTL cleanup completed"}
{"level":"info","cleaned":0,"duration":0.129875,"time":"2025-08-13T20:22:55-07:00","message":"cleaner: TTL cleanup completed"}
{"level":"info","cleaned":0,"duration":0.085291,"time":"2025-08-13T20:22:56-07:00","message":"cleaner: TTL cleanup completed"}
{"level":"info","cleaned":0,"duration":0.049042,"time":"2025-08-13T20:22:56-07:00","message":"cleaner: TTL cleanup completed"}
{"level":"info","cleaned":0,"duration":0.051,"time":"2025-08-13T20:22:56-07:00","message":"cleaner: TTL cleanup completed"}
{"level":"info","time":"2025-08-13T20:22:56-07:00","message":"files.monitor: stopping sync monitor"}
{"level":"info","time":"2025-08-13T20:22:56-07:00","message":"files.monitor: sync monitor stopped"}
{"level":"info","time":"2025-08-13T20:22:56-07:00","message":"cleaner: background loop stopping"}
{"level":"info","time":"2025-08-13T20:22:56-07:00","message":"cleaner: shutdown completed"}
{"level":"info","time":"2025-08-13T20:22:56-07:00","message":"compactor: background loop stopping"}
{"level":"info","time":"2025-08-13T20:22:56-07:00","message":"compactor: shutdown completed"}
{"level":"info","time":"2025-08-13T20:22:56-07:00","message":"deletion queue: stopping"}
{"level":"info","processed":0,"failed":0,"pruned":0,"time":"2025-08-13T20:22:56-07:00","message":"deletion queue: stopped"}
{"level":"info","time":"2025-08-13T20:22:56-07:00","message":"closing segment manager"}
{"level":"info","time":"2025-08-13T20:22:56-07:00","message":"segment manager closed"}
{"level":"info","time":"2025-08-13T20:22:56-07:00","message":"closing metadata DB"}
{"level":"info","time":"2025-08-13T20:22:56-07:00","message":"metadata DB closed"}
--- PASS: TestLRUEviction (1.25s)
=== RUN   TestDiskUsageTracking
{"level":"info","diskPath":"/var/folders/w5/nl65sjbn1ssb99yw7_w9y85w0000gn/T/disk-usage-test-2313799480","ttl":0,"time":"2025-08-13T20:22:56-07:00","message":"creating metadata DB"}
{"level":"info","time":"2025-08-13T20:22:56-07:00","message":"metadata DB created"}
{"level":"info","segmentsPath":"/var/folders/w5/nl65sjbn1ssb99yw7_w9y85w0000gn/T/disk-usage-test-2313799480/segments","time":"2025-08-13T20:22:56-07:00","message":"creating segment manager"}
{"level":"info","path":"/var/folders/w5/nl65sjbn1ssb99yw7_w9y85w0000gn/T/disk-usage-test-2313799480/segments","time":"2025-08-13T20:22:56-07:00","message":"loading segments"}
{"level":"info","path":"/var/folders/w5/nl65sjbn1ssb99yw7_w9y85w0000gn/T/disk-usage-test-2313799480/segments","time":"2025-08-13T20:22:56-07:00","message":"finished loading segments"}
{"level":"info","path":"/var/folders/w5/nl65sjbn1ssb99yw7_w9y85w0000gn/T/disk-usage-test-2313799480/segments","time":"2025-08-13T20:22:56-07:00","message":"finished finalizing open segments"}
{"level":"info","time":"2025-08-13T20:22:56-07:00","message":"segment manager created"}
{"level":"info","filesPath":"/var/folders/w5/nl65sjbn1ssb99yw7_w9y85w0000gn/T/disk-usage-test-2313799480/files","time":"2025-08-13T20:22:56-07:00","message":"creating files manager"}
{"level":"info","time":"2025-08-13T20:22:56-07:00","message":"files.recovery: starting startup recovery"}
{"level":"info","time":"2025-08-13T20:22:56-07:00","message":"files.recovery: using streaming approach"}
{"level":"info","entries":0,"time":"2025-08-13T20:22:56-07:00","message":"files.recovery: finished streaming entries"}
{"level":"info","total":0,"valid":0,"corrupted":0,"stale":0,"orphaned":0,"missing":0,"duration":4.63825,"time":"2025-08-13T20:22:56-07:00","message":"files.recovery: completed"}
{"level":"info","batch_size":1000,"interval":1000,"prune_age":86400000,"time":"2025-08-13T20:22:56-07:00","message":"deletion queue: started"}
{"level":"info","ttl_cleanup_interval":100,"max_disk_usage":0,"time":"2025-08-13T20:22:56-07:00","message":"storage: started background cleaner with TTL cleanup and LRU eviction"}
{"level":"info","interval":30000,"kernel_sync_age":60000,"time":"2025-08-13T20:22:56-07:00","message":"files.monitor: started sync monitor"}
{"level":"info","time":"2025-08-13T20:22:56-07:00","message":"storage: started passive sync monitor"}
{"level":"info","time":"2025-08-13T20:22:56-07:00","message":"compactor: starting background compaction loop"}
{"level":"info","time":"2025-08-13T20:22:56-07:00","message":"cleaner: starting background cleanup loop"}
{"level":"info","total_size":0,"time":"2025-08-13T20:22:56-07:00","message":"cleaner: calculated total storage size"}
{"level":"debug","key":"key-0","time":"2025-08-13T20:22:56-07:00","message":"storage.putLow: storing in RocksDB"}
{"level":"debug","key":"key-1","path":"/var/folders/w5/nl65sjbn1ssb99yw7_w9y85w0000gn/T/disk-usage-test-2313799480/files/8e1b9c53-ad23-41bb-91d5-ba7c251a93d3","bytes":150,"time":"2025-08-13T20:22:56-07:00","message":"fileManager: completed write"}
{"level":"debug","key":"key-1","time":"2025-08-13T20:22:56-07:00","message":"storage.putLow: storing in RocksDB"}
{"level":"debug","key":"key-2","path":"/var/folders/w5/nl65sjbn1ssb99yw7_w9y85w0000gn/T/disk-usage-test-2313799480/files/c40cb602-ee8c-45a9-9deb-6fe387fed541","bytes":200,"time":"2025-08-13T20:22:56-07:00","message":"fileManager: completed write"}
{"level":"debug","key":"key-2","time":"2025-08-13T20:22:56-07:00","message":"storage.putLow: storing in RocksDB"}
{"level":"debug","key":"key-3","path":"/var/folders/w5/nl65sjbn1ssb99yw7_w9y85w0000gn/T/disk-usage-test-2313799480/files/7b4ddaf0-44a8-4509-82dd-99581b03d4a3","bytes":250,"time":"2025-08-13T20:22:56-07:00","message":"fileManager: completed write"}
{"level":"debug","key":"key-3","time":"2025-08-13T20:22:56-07:00","message":"storage.putLow: storing in RocksDB"}
{"level":"debug","key":"key-4","path":"/var/folders/w5/nl65sjbn1ssb99yw7_w9y85w0000gn/T/disk-usage-test-2313799480/files/462f97c9-b52c-4dd8-ac4e-b11cc91b7191","bytes":300,"time":"2025-08-13T20:22:56-07:00","message":"fileManager: completed write"}
{"level":"debug","key":"key-4","time":"2025-08-13T20:22:56-07:00","message":"storage.putLow: storing in RocksDB"}
{"level":"info","cleaned":0,"duration":0.071958,"time":"2025-08-13T20:22:56-07:00","message":"cleaner: TTL cleanup completed"}
{"level":"debug","path":"/var/folders/w5/nl65sjbn1ssb99yw7_w9y85w0000gn/T/disk-usage-test-2313799480/files/c40cb602-ee8c-45a9-9deb-6fe387fed541","time":"2025-08-13T20:22:56-07:00","message":"fileManager: deleted file"}
{"level":"info","cleaned":0,"duration":0.065042,"time":"2025-08-13T20:22:56-07:00","message":"cleaner: TTL cleanup completed"}
{"level":"info","time":"2025-08-13T20:22:56-07:00","message":"files.monitor: stopping sync monitor"}
{"level":"info","time":"2025-08-13T20:22:56-07:00","message":"files.monitor: sync monitor stopped"}
{"level":"info","time":"2025-08-13T20:22:56-07:00","message":"cleaner: background loop stopping"}
{"level":"info","time":"2025-08-13T20:22:56-07:00","message":"cleaner: shutdown completed"}
{"level":"info","time":"2025-08-13T20:22:56-07:00","message":"compactor: background loop stopping"}
{"level":"info","time":"2025-08-13T20:22:56-07:00","message":"compactor: shutdown completed"}
{"level":"info","time":"2025-08-13T20:22:56-07:00","message":"deletion queue: stopping"}
{"level":"info","processed":0,"failed":0,"pruned":0,"time":"2025-08-13T20:22:56-07:00","message":"deletion queue: stopped"}
{"level":"info","time":"2025-08-13T20:22:56-07:00","message":"closing segment manager"}
{"level":"info","time":"2025-08-13T20:22:56-07:00","message":"segment manager closed"}
{"level":"info","time":"2025-08-13T20:22:56-07:00","message":"closing metadata DB"}
{"level":"info","time":"2025-08-13T20:22:56-07:00","message":"metadata DB closed"}
--- PASS: TestDiskUsageTracking (0.27s)
=== RUN   TestStorage_PutGetDelete_SmallObject
{"level":"info","diskPath":"/var/folders/w5/nl65sjbn1ssb99yw7_w9y85w0000gn/T/TestStorage_PutGetDelete_SmallObject1014797345/001","ttl":3600,"time":"2025-08-13T20:22:56-07:00","message":"creating metadata DB"}
{"level":"info","time":"2025-08-13T20:22:56-07:00","message":"metadata DB created"}
{"level":"info","segmentsPath":"/var/folders/w5/nl65sjbn1ssb99yw7_w9y85w0000gn/T/TestStorage_PutGetDelete_SmallObject1014797345/001/segments","time":"2025-08-13T20:22:56-07:00","message":"creating segment manager"}
{"level":"info","path":"/var/folders/w5/nl65sjbn1ssb99yw7_w9y85w0000gn/T/TestStorage_PutGetDelete_SmallObject1014797345/001/segments","time":"2025-08-13T20:22:56-07:00","message":"loading segments"}
{"level":"info","path":"/var/folders/w5/nl65sjbn1ssb99yw7_w9y85w0000gn/T/TestStorage_PutGetDelete_SmallObject1014797345/001/segments","time":"2025-08-13T20:22:56-07:00","message":"finished loading segments"}
{"level":"info","path":"/var/folders/w5/nl65sjbn1ssb99yw7_w9y85w0000gn/T/TestStorage_PutGetDelete_SmallObject1014797345/001/segments","time":"2025-08-13T20:22:56-07:00","message":"finished finalizing open segments"}
{"level":"info","time":"2025-08-13T20:22:56-07:00","message":"segment manager created"}
{"level":"info","filesPath":"/var/folders/w5/nl65sjbn1ssb99yw7_w9y85w0000gn/T/TestStorage_PutGetDelete_SmallObject1014797345/001/files","time":"2025-08-13T20:22:56-07:00","message":"creating files manager"}
{"level":"info","time":"2025-08-13T20:22:56-07:00","message":"files.recovery: starting startup recovery"}
{"level":"info","time":"2025-08-13T20:22:56-07:00","message":"files.recovery: using streaming approach"}
{"level":"info","entries":0,"time":"2025-08-13T20:22:56-07:00","message":"files.recovery: finished streaming entries"}
{"level":"info","total":0,"valid":0,"corrupted":0,"stale":0,"orphaned":0,"missing":0,"duration":0.053625,"time":"2025-08-13T20:22:56-07:00","message":"files.recovery: completed"}
{"level":"info","batch_size":1000,"interval":1000,"prune_age":86400000,"time":"2025-08-13T20:22:56-07:00","message":"deletion queue: started"}
{"level":"info","ttl_cleanup_interval":60000,"max_disk_usage":1048576,"time":"2025-08-13T20:22:56-07:00","message":"storage: started background cleaner with TTL cleanup and LRU eviction"}
{"level":"info","time":"2025-08-13T20:22:56-07:00","message":"compactor: starting background compaction loop"}
{"level":"info","time":"2025-08-13T20:22:56-07:00","message":"cleaner: starting background cleanup loop"}
{"level":"info","buffer_size":10000,"batch_interval":100,"time":"2025-08-13T20:22:56-07:00","message":"storage: started async access updater for LRU tracking"}
{"level":"info","interval":30000,"kernel_sync_age":60000,"time":"2025-08-13T20:22:56-07:00","message":"files.monitor: started sync monitor"}
{"level":"info","time":"2025-08-13T20:22:56-07:00","message":"storage: started passive sync monitor"}
{"level":"debug","key":"testkey","time":"2025-08-13T20:22:56-07:00","message":"storage.putLow: storing in RocksDB"}
{"level":"info","total_size":0,"time":"2025-08-13T20:22:56-07:00","message":"cleaner: calculated total storage size"}
{"level":"debug","key":"testkey","time":"2025-08-13T20:22:56-07:00","message":"storage.Get: decoded proto ValueMessage"}
{"level":"debug","key":"testkey","time":"2025-08-13T20:22:56-07:00","message":"storage.Get: not found in DB"}
{"level":"info","time":"2025-08-13T20:22:56-07:00","message":"files.monitor: stopping sync monitor"}
{"level":"info","time":"2025-08-13T20:22:56-07:00","message":"files.monitor: sync monitor stopped"}
{"level":"info","time":"2025-08-13T20:22:56-07:00","message":"cleaner: background loop stopping"}
{"level":"info","time":"2025-08-13T20:22:56-07:00","message":"cleaner: shutdown completed"}
{"level":"info","time":"2025-08-13T20:22:56-07:00","message":"compactor: background loop stopping"}
{"level":"info","time":"2025-08-13T20:22:56-07:00","message":"compactor: shutdown completed"}
{"level":"info","time":"2025-08-13T20:22:56-07:00","message":"closing segment manager"}
{"level":"info","time":"2025-08-13T20:22:56-07:00","message":"segment manager closed"}
{"level":"info","time":"2025-08-13T20:22:56-07:00","message":"closing metadata DB"}
{"level":"info","time":"2025-08-13T20:22:56-07:00","message":"metadata DB closed"}
--- PASS: TestStorage_PutGetDelete_SmallObject (0.05s)
=== RUN   TestStorage_PutGetDelete_LargeObject
{"level":"info","diskPath":"/var/folders/w5/nl65sjbn1ssb99yw7_w9y85w0000gn/T/TestStorage_PutGetDelete_LargeObject1843078088/001","ttl":3600,"time":"2025-08-13T20:22:56-07:00","message":"creating metadata DB"}
{"level":"info","time":"2025-08-13T20:22:56-07:00","message":"metadata DB created"}
{"level":"info","segmentsPath":"/var/folders/w5/nl65sjbn1ssb99yw7_w9y85w0000gn/T/TestStorage_PutGetDelete_LargeObject1843078088/001/segments","time":"2025-08-13T20:22:56-07:00","message":"creating segment manager"}
{"level":"info","path":"/var/folders/w5/nl65sjbn1ssb99yw7_w9y85w0000gn/T/TestStorage_PutGetDelete_LargeObject1843078088/001/segments","time":"2025-08-13T20:22:56-07:00","message":"loading segments"}
{"level":"info","path":"/var/folders/w5/nl65sjbn1ssb99yw7_w9y85w0000gn/T/TestStorage_PutGetDelete_LargeObject1843078088/001/segments","time":"2025-08-13T20:22:56-07:00","message":"finished loading segments"}
{"level":"info","path":"/var/folders/w5/nl65sjbn1ssb99yw7_w9y85w0000gn/T/TestStorage_PutGetDelete_LargeObject1843078088/001/segments","time":"2025-08-13T20:22:56-07:00","message":"finished finalizing open segments"}
{"level":"info","time":"2025-08-13T20:22:56-07:00","message":"segment manager created"}
{"level":"info","filesPath":"/var/folders/w5/nl65sjbn1ssb99yw7_w9y85w0000gn/T/TestStorage_PutGetDelete_LargeObject1843078088/001/files","time":"2025-08-13T20:22:56-07:00","message":"creating files manager"}
{"level":"info","time":"2025-08-13T20:22:56-07:00","message":"files.recovery: starting startup recovery"}
{"level":"info","time":"2025-08-13T20:22:56-07:00","message":"files.recovery: using streaming approach"}
{"level":"info","entries":0,"time":"2025-08-13T20:22:56-07:00","message":"files.recovery: finished streaming entries"}
{"level":"info","total":0,"valid":0,"corrupted":0,"stale":0,"orphaned":0,"missing":0,"duration":0.035833,"time":"2025-08-13T20:22:56-07:00","message":"files.recovery: completed"}
{"level":"info","batch_size":1000,"interval":1000,"prune_age":86400000,"time":"2025-08-13T20:22:56-07:00","message":"deletion queue: started"}
{"level":"info","ttl_cleanup_interval":60000,"max_disk_usage":1048576,"time":"2025-08-13T20:22:56-07:00","message":"storage: started background cleaner with TTL cleanup and LRU eviction"}
{"level":"info","time":"2025-08-13T20:22:56-07:00","message":"compactor: starting background compaction loop"}
{"level":"info","time":"2025-08-13T20:22:56-07:00","message":"cleaner: starting background cleanup loop"}
{"level":"info","buffer_size":10000,"batch_interval":100,"time":"2025-08-13T20:22:56-07:00","message":"storage: started async access updater for LRU tracking"}
{"level":"info","interval":30000,"kernel_sync_age":60000,"time":"2025-08-13T20:22:56-07:00","message":"files.monitor: started sync monitor"}
{"level":"info","time":"2025-08-13T20:22:56-07:00","message":"storage: started passive sync monitor"}
{"level":"info","total_size":0,"time":"2025-08-13T20:22:56-07:00","message":"cleaner: calculated total storage size"}
{"level":"debug","key":"largekey","path":"/var/folders/w5/nl65sjbn1ssb99yw7_w9y85w0000gn/T/TestStorage_PutGetDelete_LargeObject1843078088/001/files/3fdc34d0-e06c-40f5-9fa4-73ee7a9e90a4","bytes":47,"time":"2025-08-13T20:22:56-07:00","message":"fileManager: completed write"}
{"level":"debug","key":"largekey","time":"2025-08-13T20:22:56-07:00","message":"storage.putLow: storing in RocksDB"}
{"level":"debug","key":"largekey","time":"2025-08-13T20:22:56-07:00","message":"storage.Get: decoded proto ValueMessage"}
{"level":"debug","path":"/var/folders/w5/nl65sjbn1ssb99yw7_w9y85w0000gn/T/TestStorage_PutGetDelete_LargeObject1843078088/001/files/3fdc34d0-e06c-40f5-9fa4-73ee7a9e90a4","time":"2025-08-13T20:22:56-07:00","message":"fileManager: deleted file"}
{"level":"debug","key":"largekey","time":"2025-08-13T20:22:56-07:00","message":"storage.Get: not found in DB"}
{"level":"info","time":"2025-08-13T20:22:56-07:00","message":"files.monitor: stopping sync monitor"}
{"level":"info","time":"2025-08-13T20:22:56-07:00","message":"files.monitor: sync monitor stopped"}
{"level":"info","time":"2025-08-13T20:22:56-07:00","message":"cleaner: background loop stopping"}
{"level":"info","time":"2025-08-13T20:22:56-07:00","message":"cleaner: shutdown completed"}
{"level":"info","time":"2025-08-13T20:22:56-07:00","message":"compactor: background loop stopping"}
{"level":"info","time":"2025-08-13T20:22:56-07:00","message":"compactor: shutdown completed"}
{"level":"info","time":"2025-08-13T20:22:56-07:00","message":"closing segment manager"}
{"level":"info","time":"2025-08-13T20:22:56-07:00","message":"segment manager closed"}
{"level":"info","time":"2025-08-13T20:22:56-07:00","message":"closing metadata DB"}
{"level":"info","time":"2025-08-13T20:22:56-07:00","message":"metadata DB closed"}
--- PASS: TestStorage_PutGetDelete_LargeObject (0.05s)
=== RUN   TestStorage_ListKeys
{"level":"info","diskPath":"/var/folders/w5/nl65sjbn1ssb99yw7_w9y85w0000gn/T/TestStorage_ListKeys1296869493/001","ttl":3600,"time":"2025-08-13T20:22:56-07:00","message":"creating metadata DB"}
{"level":"info","time":"2025-08-13T20:22:56-07:00","message":"metadata DB created"}
{"level":"info","segmentsPath":"/var/folders/w5/nl65sjbn1ssb99yw7_w9y85w0000gn/T/TestStorage_ListKeys1296869493/001/segments","time":"2025-08-13T20:22:56-07:00","message":"creating segment manager"}
{"level":"info","path":"/var/folders/w5/nl65sjbn1ssb99yw7_w9y85w0000gn/T/TestStorage_ListKeys1296869493/001/segments","time":"2025-08-13T20:22:56-07:00","message":"loading segments"}
{"level":"info","path":"/var/folders/w5/nl65sjbn1ssb99yw7_w9y85w0000gn/T/TestStorage_ListKeys1296869493/001/segments","time":"2025-08-13T20:22:56-07:00","message":"finished loading segments"}
{"level":"info","path":"/var/folders/w5/nl65sjbn1ssb99yw7_w9y85w0000gn/T/TestStorage_ListKeys1296869493/001/segments","time":"2025-08-13T20:22:56-07:00","message":"finished finalizing open segments"}
{"level":"info","time":"2025-08-13T20:22:56-07:00","message":"segment manager created"}
{"level":"info","filesPath":"/var/folders/w5/nl65sjbn1ssb99yw7_w9y85w0000gn/T/TestStorage_ListKeys1296869493/001/files","time":"2025-08-13T20:22:56-07:00","message":"creating files manager"}
{"level":"info","time":"2025-08-13T20:22:56-07:00","message":"files.recovery: starting startup recovery"}
{"level":"info","time":"2025-08-13T20:22:56-07:00","message":"files.recovery: using streaming approach"}
{"level":"info","entries":0,"time":"2025-08-13T20:22:56-07:00","message":"files.recovery: finished streaming entries"}
{"level":"info","total":0,"valid":0,"corrupted":0,"stale":0,"orphaned":0,"missing":0,"duration":0.099042,"time":"2025-08-13T20:22:56-07:00","message":"files.recovery: completed"}
{"level":"info","batch_size":1000,"interval":1000,"prune_age":86400000,"time":"2025-08-13T20:22:56-07:00","message":"deletion queue: started"}
{"level":"info","ttl_cleanup_interval":60000,"max_disk_usage":1048576,"time":"2025-08-13T20:22:56-07:00","message":"storage: started background cleaner with TTL cleanup and LRU eviction"}
{"level":"info","time":"2025-08-13T20:22:56-07:00","message":"compactor: starting background compaction loop"}
{"level":"info","time":"2025-08-13T20:22:56-07:00","message":"cleaner: starting background cleanup loop"}
{"level":"info","buffer_size":10000,"batch_interval":100,"time":"2025-08-13T20:22:56-07:00","message":"storage: started async access updater for LRU tracking"}
{"level":"info","interval":30000,"kernel_sync_age":60000,"time":"2025-08-13T20:22:56-07:00","message":"files.monitor: started sync monitor"}
{"level":"info","time":"2025-08-13T20:22:56-07:00","message":"storage: started passive sync monitor"}
{"level":"debug","key":"k1","time":"2025-08-13T20:22:56-07:00","message":"storage.putLow: storing in RocksDB"}
{"level":"info","total_size":0,"time":"2025-08-13T20:22:56-07:00","message":"cleaner: calculated total storage size"}
{"level":"debug","key":"k2","time":"2025-08-13T20:22:56-07:00","message":"storage.putLow: storing in RocksDB"}
{"level":"debug","key":"k3","time":"2025-08-13T20:22:56-07:00","message":"storage.putLow: storing in RocksDB"}
{"level":"info","time":"2025-08-13T20:22:56-07:00","message":"files.monitor: stopping sync monitor"}
{"level":"info","time":"2025-08-13T20:22:56-07:00","message":"files.monitor: sync monitor stopped"}
{"level":"info","time":"2025-08-13T20:22:56-07:00","message":"cleaner: background loop stopping"}
{"level":"info","time":"2025-08-13T20:22:56-07:00","message":"cleaner: shutdown completed"}
{"level":"info","time":"2025-08-13T20:22:56-07:00","message":"compactor: background loop stopping"}
{"level":"info","time":"2025-08-13T20:22:56-07:00","message":"compactor: shutdown completed"}
{"level":"info","time":"2025-08-13T20:22:56-07:00","message":"closing segment manager"}
{"level":"info","time":"2025-08-13T20:22:56-07:00","message":"segment manager closed"}
{"level":"info","time":"2025-08-13T20:22:56-07:00","message":"closing metadata DB"}
{"level":"info","time":"2025-08-13T20:22:56-07:00","message":"metadata DB closed"}
--- PASS: TestStorage_ListKeys (0.05s)
=== RUN   TestStorage_PutGet_TTL
{"level":"info","diskPath":"/var/folders/w5/nl65sjbn1ssb99yw7_w9y85w0000gn/T/TestStorage_PutGet_TTL2793874734/001","ttl":3600,"time":"2025-08-13T20:22:56-07:00","message":"creating metadata DB"}
{"level":"info","time":"2025-08-13T20:22:56-07:00","message":"metadata DB created"}
{"level":"info","segmentsPath":"/var/folders/w5/nl65sjbn1ssb99yw7_w9y85w0000gn/T/TestStorage_PutGet_TTL2793874734/001/segments","time":"2025-08-13T20:22:56-07:00","message":"creating segment manager"}
{"level":"info","path":"/var/folders/w5/nl65sjbn1ssb99yw7_w9y85w0000gn/T/TestStorage_PutGet_TTL2793874734/001/segments","time":"2025-08-13T20:22:56-07:00","message":"loading segments"}
{"level":"info","path":"/var/folders/w5/nl65sjbn1ssb99yw7_w9y85w0000gn/T/TestStorage_PutGet_TTL2793874734/001/segments","time":"2025-08-13T20:22:56-07:00","message":"finished loading segments"}
{"level":"info","path":"/var/folders/w5/nl65sjbn1ssb99yw7_w9y85w0000gn/T/TestStorage_PutGet_TTL2793874734/001/segments","time":"2025-08-13T20:22:56-07:00","message":"finished finalizing open segments"}
{"level":"info","time":"2025-08-13T20:22:56-07:00","message":"segment manager created"}
{"level":"info","filesPath":"/var/folders/w5/nl65sjbn1ssb99yw7_w9y85w0000gn/T/TestStorage_PutGet_TTL2793874734/001/files","time":"2025-08-13T20:22:56-07:00","message":"creating files manager"}
{"level":"info","time":"2025-08-13T20:22:56-07:00","message":"files.recovery: starting startup recovery"}
{"level":"info","time":"2025-08-13T20:22:56-07:00","message":"files.recovery: using streaming approach"}
{"level":"info","entries":0,"time":"2025-08-13T20:22:56-07:00","message":"files.recovery: finished streaming entries"}
{"level":"info","total":0,"valid":0,"corrupted":0,"stale":0,"orphaned":0,"missing":0,"duration":0.057209,"time":"2025-08-13T20:22:56-07:00","message":"files.recovery: completed"}
{"level":"info","batch_size":1000,"interval":1000,"prune_age":86400000,"time":"2025-08-13T20:22:56-07:00","message":"deletion queue: started"}
{"level":"info","ttl_cleanup_interval":60000,"max_disk_usage":1048576,"time":"2025-08-13T20:22:56-07:00","message":"storage: started background cleaner with TTL cleanup and LRU eviction"}
{"level":"info","time":"2025-08-13T20:22:56-07:00","message":"compactor: starting background compaction loop"}
{"level":"info","buffer_size":10000,"batch_interval":100,"time":"2025-08-13T20:22:56-07:00","message":"storage: started async access updater for LRU tracking"}
{"level":"info","interval":30000,"kernel_sync_age":60000,"time":"2025-08-13T20:22:56-07:00","message":"files.monitor: started sync monitor"}
{"level":"info","time":"2025-08-13T20:22:56-07:00","message":"storage: started passive sync monitor"}
{"level":"info","time":"2025-08-13T20:22:56-07:00","message":"cleaner: starting background cleanup loop"}
{"level":"info","total_size":0,"time":"2025-08-13T20:22:56-07:00","message":"cleaner: calculated total storage size"}
{"level":"debug","key":"ttlkey","ttl":1,"expiry":1755141777,"time":"2025-08-13T20:22:56-07:00","message":"storage.Put: setting TTL"}
{"level":"debug","key":"ttlkey","time":"2025-08-13T20:22:56-07:00","message":"storage.putLow: storing in RocksDB"}
{"level":"debug","key":"ttlkey","time":"2025-08-13T20:22:56-07:00","message":"storage.Get: decoded proto ValueMessage"}
    storage_test.go:91: Waiting for TTL to expire...
SIGSEGV: segmentation violation
PC=0x1021ff2f8 m=8 sigcode=2 addr=0x0
signal arrived during cgo execution

goroutine 137 gp=0x1400039ee00 m=8 mp=0x140000a8808 [syscall]:
runtime.cgocall(0x100c0e6a0, 0x14000268ae8)
	/opt/homebrew/Cellar/go/1.24.2/libexec/src/runtime/cgocall.go:167 +0x44 fp=0x14000268aa0 sp=0x14000268a60 pc=0x10073fdd4
github.com/linxGnu/grocksdb._Cfunc_rocksdb_create_iterator(0x0, 0x600003e802d0)
	_cgo_gotypes.go:2257 +0x34 fp=0x14000268ae0 sp=0x14000268aa0 pc=0x1008a0ca4
github.com/linxGnu/grocksdb.(*DB).NewIterator.func1(...)
	/Users/ovaistariq/code/go/pkg/mod/github.com/linx!gnu/grocksdb@v1.10.1/db.go:1195
github.com/linxGnu/grocksdb.(*DB).NewIterator(0x600003e802d0?, 0x14000168310)
	/Users/ovaistariq/code/go/pkg/mod/github.com/linx!gnu/grocksdb@v1.10.1/db.go:1195 +0x80 fp=0x14000268b40 sp=0x14000268ae0 pc=0x1008bba90
github.com/tigrisdata/ocache/server/storage/deletion.(*Queue).ProcessBatch(0x140000be460)
	/Users/ovaistariq/code/go/src/github.com/tigrisdata/ocache/.conductor/wellington/server/storage/deletion/queue.go:159 +0x104 fp=0x14000268e80 sp=0x14000268b40 pc=0x100b79ba4
github.com/tigrisdata/ocache/server/storage/deletion.(*Queue).processingLoop(0x140000be460)
	/Users/ovaistariq/code/go/src/github.com/tigrisdata/ocache/.conductor/wellington/server/storage/deletion/queue.go:139 +0x1ac fp=0x14000268fb0 sp=0x14000268e80 pc=0x100b7985c
github.com/tigrisdata/ocache/server/storage/deletion.(*Queue).Start.gowrap1()
	/Users/ovaistariq/code/go/src/github.com/tigrisdata/ocache/.conductor/wellington/server/storage/deletion/queue.go:76 +0x28 fp=0x14000268fd0 sp=0x14000268fb0 pc=0x100b79208
runtime.goexit({})
	/opt/homebrew/Cellar/go/1.24.2/libexec/src/runtime/asm_arm64.s:1223 +0x4 fp=0x14000268fd0 sp=0x14000268fd0 pc=0x10074bc24
created by github.com/tigrisdata/ocache/server/storage/deletion.(*Queue).Start in goroutine 119
	/Users/ovaistariq/code/go/src/github.com/tigrisdata/ocache/.conductor/wellington/server/storage/deletion/queue.go:76 +0x6c

goroutine 1 gp=0x140000021c0 m=nil [chan receive]:
runtime.gopark(0x10074cb50?, 0x140001759b8?, 0x71?, 0xf8?, 0x148d40508?)
	/opt/homebrew/Cellar/go/1.24.2/libexec/src/runtime/proc.go:435 +0xc8 fp=0x14000175970 sp=0x14000175950 pc=0x1007433b8
runtime.chanrecv(0x140001183f0, 0x14000175a77, 0x1)
	/opt/homebrew/Cellar/go/1.24.2/libexec/src/runtime/chan.go:664 +0x42c fp=0x140001759f0 sp=0x14000175970 pc=0x1006dc30c
runtime.chanrecv1(0x1012fee40?, 0x100e871a0?)
	/opt/homebrew/Cellar/go/1.24.2/libexec/src/runtime/chan.go:506 +0x14 fp=0x14000175a20 sp=0x140001759f0 pc=0x1006dbea4
testing.(*T).Run(0x14000103340, {0x100c2f0ca?, 0x140001f3b38?}, 0x100e6fd98)
	/opt/homebrew/Cellar/go/1.24.2/libexec/src/testing/testing.go:1859 +0x388 fp=0x14000175b00 sp=0x14000175a20 pc=0x1008024b8
testing.runTests.func1(0x14000103340)
	/opt/homebrew/Cellar/go/1.24.2/libexec/src/testing/testing.go:2279 +0x40 fp=0x14000175b40 sp=0x14000175b00 pc=0x100804440
testing.tRunner(0x14000103340, 0x140001f3c68)
	/opt/homebrew/Cellar/go/1.24.2/libexec/src/testing/testing.go:1792 +0xe4 fp=0x14000175b90 sp=0x14000175b40 pc=0x100801754
testing.runTests(0x1400014c798, {0x1012f1480, 0x9, 0x9}, {0x14000128e20?, 0x7?, 0x1012ffaa0?})
	/opt/homebrew/Cellar/go/1.24.2/libexec/src/testing/testing.go:2277 +0x3ec fp=0x14000175c90 sp=0x14000175b90 pc=0x10080435c
testing.(*M).Run(0x1400021a460)
	/opt/homebrew/Cellar/go/1.24.2/libexec/src/testing/testing.go:2142 +0x588 fp=0x14000175ec0 sp=0x14000175c90 pc=0x1008030b8
main.main()
	_testmain.go:61 +0x90 fp=0x14000175f40 sp=0x14000175ec0 pc=0x100bc9c40
runtime.main()
	/opt/homebrew/Cellar/go/1.24.2/libexec/src/runtime/proc.go:283 +0x284 fp=0x14000175fd0 sp=0x14000175f40 pc=0x10070dae4
runtime.goexit({})
	/opt/homebrew/Cellar/go/1.24.2/libexec/src/runtime/asm_arm64.s:1223 +0x4 fp=0x14000175fd0 sp=0x14000175fd0 pc=0x10074bc24

goroutine 2 gp=0x14000002c40 m=nil [force gc (idle)]:
runtime.gopark(0x0?, 0x0?, 0x0?, 0x0?, 0x0?)
	/opt/homebrew/Cellar/go/1.24.2/libexec/src/runtime/proc.go:435 +0xc8 fp=0x14000074f90 sp=0x14000074f70 pc=0x1007433b8
runtime.goparkunlock(...)
	/opt/homebrew/Cellar/go/1.24.2/libexec/src/runtime/proc.go:441
runtime.forcegchelper()
	/opt/homebrew/Cellar/go/1.24.2/libexec/src/runtime/proc.go:348 +0xb8 fp=0x14000074fd0 sp=0x14000074f90 pc=0x10070de38
runtime.goexit({})
	/opt/homebrew/Cellar/go/1.24.2/libexec/src/runtime/asm_arm64.s:1223 +0x4 fp=0x14000074fd0 sp=0x14000074fd0 pc=0x10074bc24
created by runtime.init.7 in goroutine 1
	/opt/homebrew/Cellar/go/1.24.2/libexec/src/runtime/proc.go:336 +0x24

goroutine 18 gp=0x14000102380 m=nil [GC sweep wait]:
runtime.gopark(0x1?, 0x0?, 0x0?, 0x0?, 0x0?)
	/opt/homebrew/Cellar/go/1.24.2/libexec/src/runtime/proc.go:435 +0xc8 fp=0x14000070760 sp=0x14000070740 pc=0x1007433b8
runtime.goparkunlock(...)
	/opt/homebrew/Cellar/go/1.24.2/libexec/src/runtime/proc.go:441
runtime.bgsweep(0x14000110000)
	/opt/homebrew/Cellar/go/1.24.2/libexec/src/runtime/mgcsweep.go:316 +0x108 fp=0x140000707b0 sp=0x14000070760 pc=0x1006f6998
runtime.gcenable.gowrap1()
	/opt/homebrew/Cellar/go/1.24.2/libexec/src/runtime/mgc.go:204 +0x28 fp=0x140000707d0 sp=0x140000707b0 pc=0x1006ea7a8
runtime.goexit({})
	/opt/homebrew/Cellar/go/1.24.2/libexec/src/runtime/asm_arm64.s:1223 +0x4 fp=0x140000707d0 sp=0x140000707d0 pc=0x10074bc24
created by runtime.gcenable in goroutine 1
	/opt/homebrew/Cellar/go/1.24.2/libexec/src/runtime/mgc.go:204 +0x6c

goroutine 19 gp=0x14000102540 m=nil [GC scavenge wait]:
runtime.gopark(0x10000?, 0x100cfd230?, 0x0?, 0x0?, 0x0?)
	/opt/homebrew/Cellar/go/1.24.2/libexec/src/runtime/proc.go:435 +0xc8 fp=0x14000070f60 sp=0x14000070f40 pc=0x1007433b8
runtime.goparkunlock(...)
	/opt/homebrew/Cellar/go/1.24.2/libexec/src/runtime/proc.go:441
runtime.(*scavengerState).park(0x1012ffda0)
	/opt/homebrew/Cellar/go/1.24.2/libexec/src/runtime/mgcscavenge.go:425 +0x5c fp=0x14000070f90 sp=0x14000070f60 pc=0x1006f443c
runtime.bgscavenge(0x14000110000)
	/opt/homebrew/Cellar/go/1.24.2/libexec/src/runtime/mgcscavenge.go:658 +0xac fp=0x14000070fb0 sp=0x14000070f90 pc=0x1006f49dc
runtime.gcenable.gowrap2()
	/opt/homebrew/Cellar/go/1.24.2/libexec/src/runtime/mgc.go:205 +0x28 fp=0x14000070fd0 sp=0x14000070fb0 pc=0x1006ea748
runtime.goexit({})
	/opt/homebrew/Cellar/go/1.24.2/libexec/src/runtime/asm_arm64.s:1223 +0x4 fp=0x14000070fd0 sp=0x14000070fd0 pc=0x10074bc24
created by runtime.gcenable in goroutine 1
	/opt/homebrew/Cellar/go/1.24.2/libexec/src/runtime/mgc.go:205 +0xac

goroutine 20 gp=0x14000102a80 m=nil [finalizer wait]:
runtime.gopark(0x8?, 0x100d78dc0?, 0x1?, 0x45?, 0x10077f0d4?)
	/opt/homebrew/Cellar/go/1.24.2/libexec/src/runtime/proc.go:435 +0xc8 fp=0x14000074590 sp=0x14000074570 pc=0x1007433b8
runtime.runfinq()
	/opt/homebrew/Cellar/go/1.24.2/libexec/src/runtime/mfinal.go:196 +0x108 fp=0x140000747d0 sp=0x14000074590 pc=0x1006e97a8
runtime.goexit({})
	/opt/homebrew/Cellar/go/1.24.2/libexec/src/runtime/asm_arm64.s:1223 +0x4 fp=0x140000747d0 sp=0x140000747d0 pc=0x10074bc24
created by runtime.createfing in goroutine 1
	/opt/homebrew/Cellar/go/1.24.2/libexec/src/runtime/mfinal.go:166 +0x80

goroutine 21 gp=0x14000103180 m=nil [chan receive]:
runtime.gopark(0x14000126d20?, 0x140000d0ea0?, 0x48?, 0x17?, 0x1008d3be8?)
	/opt/homebrew/Cellar/go/1.24.2/libexec/src/runtime/proc.go:435 +0xc8 fp=0x140000716f0 sp=0x140000716d0 pc=0x1007433b8
runtime.chanrecv(0x14000118460, 0x0, 0x1)
	/opt/homebrew/Cellar/go/1.24.2/libexec/src/runtime/chan.go:664 +0x42c fp=0x14000071770 sp=0x140000716f0 pc=0x1006dc30c
runtime.chanrecv1(0x0?, 0x0?)
	/opt/homebrew/Cellar/go/1.24.2/libexec/src/runtime/chan.go:506 +0x14 fp=0x140000717a0 sp=0x14000071770 pc=0x1006dbea4
runtime.unique_runtime_registerUniqueMapCleanup.func2(...)
	/opt/homebrew/Cellar/go/1.24.2/libexec/src/runtime/mgc.go:1796
runtime.unique_runtime_registerUniqueMapCleanup.gowrap1()
	/opt/homebrew/Cellar/go/1.24.2/libexec/src/runtime/mgc.go:1799 +0x3c fp=0x140000717d0 sp=0x140000717a0 pc=0x1006ed9cc
runtime.goexit({})
	/opt/homebrew/Cellar/go/1.24.2/libexec/src/runtime/asm_arm64.s:1223 +0x4 fp=0x140000717d0 sp=0x140000717d0 pc=0x10074bc24
created by unique.runtime_registerUniqueMapCleanup in goroutine 1
	/opt/homebrew/Cellar/go/1.24.2/libexec/src/runtime/mgc.go:1794 +0x78

goroutine 198 gp=0x140001036c0 m=nil [sleep]:
runtime.gopark(0x11c02b284fb97?, 0x140000263a0?, 0x1d?, 0x0?, 0x3?)
	/opt/homebrew/Cellar/go/1.24.2/libexec/src/runtime/proc.go:435 +0xc8 fp=0x1400008fe40 sp=0x1400008fe20 pc=0x1007433b8
time.Sleep(0x77359400)
	/opt/homebrew/Cellar/go/1.24.2/libexec/src/runtime/time.go:338 +0x158 fp=0x1400008fea0 sp=0x1400008fe40 pc=0x100747d38
github.com/tigrisdata/ocache/server/storage.TestStorage_PutGet_TTL(0x1400032e000)
	/Users/ovaistariq/code/go/src/github.com/tigrisdata/ocache/.conductor/wellington/server/storage/storage_test.go:92 +0x2bc fp=0x1400008ff60 sp=0x1400008fea0 pc=0x100bc89dc
testing.tRunner(0x1400032e000, 0x100e6fd98)
	/opt/homebrew/Cellar/go/1.24.2/libexec/src/testing/testing.go:1792 +0xe4 fp=0x1400008ffb0 sp=0x1400008ff60 pc=0x100801754
testing.(*T).Run.gowrap1()
	/opt/homebrew/Cellar/go/1.24.2/libexec/src/testing/testing.go:1851 +0x2c fp=0x1400008ffd0 sp=0x1400008ffb0 pc=0x1008025dc
runtime.goexit({})
	/opt/homebrew/Cellar/go/1.24.2/libexec/src/runtime/asm_arm64.s:1223 +0x4 fp=0x1400008ffd0 sp=0x1400008ffd0 pc=0x10074bc24
created by testing.(*T).Run in goroutine 1
	/opt/homebrew/Cellar/go/1.24.2/libexec/src/testing/testing.go:1851 +0x374

goroutine 6 gp=0x14000103dc0 m=nil [GC worker (idle)]:
runtime.gopark(0x1400029a758?, 0x1008016a4?, 0xa4?, 0x16?, 0x1400029a750?)
	/opt/homebrew/Cellar/go/1.24.2/libexec/src/runtime/proc.go:435 +0xc8 fp=0x1400029a710 sp=0x1400029a6f0 pc=0x1007433b8
runtime.gcBgMarkWorker(0x14000037420)
	/opt/homebrew/Cellar/go/1.24.2/libexec/src/runtime/mgc.go:1423 +0xdc fp=0x1400029a7b0 sp=0x1400029a710 pc=0x1006ecc3c
runtime.gcBgMarkStartWorkers.gowrap1()
	/opt/homebrew/Cellar/go/1.24.2/libexec/src/runtime/mgc.go:1339 +0x28 fp=0x1400029a7d0 sp=0x1400029a7b0 pc=0x1006ecb28
runtime.goexit({})
	/opt/homebrew/Cellar/go/1.24.2/libexec/src/runtime/asm_arm64.s:1223 +0x4 fp=0x1400029a7d0 sp=0x1400029a7d0 pc=0x10074bc24
created by runtime.gcBgMarkStartWorkers in goroutine 83
	/opt/homebrew/Cellar/go/1.24.2/libexec/src/runtime/mgc.go:1339 +0x140

goroutine 161 gp=0x14000259340 m=nil [select]:
runtime.gopark(0x1400025b708?, 0x4?, 0x78?, 0xa?, 0x1400025b6d0?)
	/opt/homebrew/Cellar/go/1.24.2/libexec/src/runtime/proc.go:435 +0xc8 fp=0x14000265d50 sp=0x14000265d30 pc=0x1007433b8
runtime.selectgo(0x14000265f08, 0x1400025b6c8, 0x0?, 0x0, 0x0?, 0x1)
	/opt/homebrew/Cellar/go/1.24.2/libexec/src/runtime/select.go:351 +0x6c4 fp=0x14000265e80 sp=0x14000265d50 pc=0x1007215e4
github.com/tigrisdata/ocache/server/storage/deletion.(*Queue).processingLoop(0x140000becb0)
	/Users/ovaistariq/code/go/src/github.com/tigrisdata/ocache/.conductor/wellington/server/storage/deletion/queue.go:137 +0x184 fp=0x14000265fb0 sp=0x14000265e80 pc=0x100b79834
github.com/tigrisdata/ocache/server/storage/deletion.(*Queue).Start.gowrap1()
	/Users/ovaistariq/code/go/src/github.com/tigrisdata/ocache/.conductor/wellington/server/storage/deletion/queue.go:76 +0x28 fp=0x14000265fd0 sp=0x14000265fb0 pc=0x100b79208
runtime.goexit({})
	/opt/homebrew/Cellar/go/1.24.2/libexec/src/runtime/asm_arm64.s:1223 +0x4 fp=0x14000265fd0 sp=0x14000265fd0 pc=0x10074bc24
created by github.com/tigrisdata/ocache/server/storage/deletion.(*Queue).Start in goroutine 40
	/Users/ovaistariq/code/go/src/github.com/tigrisdata/ocache/.conductor/wellington/server/storage/deletion/queue.go:76 +0x6c

goroutine 5 gp=0x14000259500 m=nil [GC worker (idle)]:
runtime.gopark(0x29?, 0x100b7f4ac?, 0x0?, 0x0?, 0x0?)
	/opt/homebrew/Cellar/go/1.24.2/libexec/src/runtime/proc.go:435 +0xc8 fp=0x1400039a710 sp=0x1400039a6f0 pc=0x1007433b8
runtime.gcBgMarkWorker(0x14000037420)
	/opt/homebrew/Cellar/go/1.24.2/libexec/src/runtime/mgc.go:1423 +0xdc fp=0x1400039a7b0 sp=0x1400039a710 pc=0x1006ecc3c
runtime.gcBgMarkStartWorkers.gowrap1()
	/opt/homebrew/Cellar/go/1.24.2/libexec/src/runtime/mgc.go:1339 +0x28 fp=0x1400039a7d0 sp=0x1400039a7b0 pc=0x1006ecb28
runtime.goexit({})
	/opt/homebrew/Cellar/go/1.24.2/libexec/src/runtime/asm_arm64.s:1223 +0x4 fp=0x1400039a7d0 sp=0x1400039a7d0 pc=0x10074bc24
created by runtime.gcBgMarkStartWorkers in goroutine 83
	/opt/homebrew/Cellar/go/1.24.2/libexec/src/runtime/mgc.go:1339 +0x140

goroutine 8 gp=0x14000294000 m=nil [GC worker (idle)]:
runtime.gopark(0x0?, 0x0?, 0x0?, 0x0?, 0x0?)
	/opt/homebrew/Cellar/go/1.24.2/libexec/src/runtime/proc.go:435 +0xc8 fp=0x14000075710 sp=0x140000756f0 pc=0x1007433b8
runtime.gcBgMarkWorker(0x14000037420)
	/opt/homebrew/Cellar/go/1.24.2/libexec/src/runtime/mgc.go:1423 +0xdc fp=0x140000757b0 sp=0x14000075710 pc=0x1006ecc3c
runtime.gcBgMarkStartWorkers.gowrap1()
	/opt/homebrew/Cellar/go/1.24.2/libexec/src/runtime/mgc.go:1339 +0x28 fp=0x140000757d0 sp=0x140000757b0 pc=0x1006ecb28
runtime.goexit({})
	/opt/homebrew/Cellar/go/1.24.2/libexec/src/runtime/asm_arm64.s:1223 +0x4 fp=0x140000757d0 sp=0x140000757d0 pc=0x10074bc24
created by runtime.gcBgMarkStartWorkers in goroutine 83
	/opt/homebrew/Cellar/go/1.24.2/libexec/src/runtime/mgc.go:1339 +0x140

goroutine 7 gp=0x140002941c0 m=nil [GC worker (idle)]:
runtime.gopark(0x1400029af48?, 0x1006dbd10?, 0x0?, 0x0?, 0x0?)
	/opt/homebrew/Cellar/go/1.24.2/libexec/src/runtime/proc.go:435 +0xc8 fp=0x1400029af10 sp=0x1400029aef0 pc=0x1007433b8
runtime.gcBgMarkWorker(0x14000037420)
	/opt/homebrew/Cellar/go/1.24.2/libexec/src/runtime/mgc.go:1423 +0xdc fp=0x1400029afb0 sp=0x1400029af10 pc=0x1006ecc3c
runtime.gcBgMarkStartWorkers.gowrap1()
	/opt/homebrew/Cellar/go/1.24.2/libexec/src/runtime/mgc.go:1339 +0x28 fp=0x1400029afd0 sp=0x1400029afb0 pc=0x1006ecb28
runtime.goexit({})
	/opt/homebrew/Cellar/go/1.24.2/libexec/src/runtime/asm_arm64.s:1223 +0x4 fp=0x1400029afd0 sp=0x1400029afd0 pc=0x10074bc24
created by runtime.gcBgMarkStartWorkers in goroutine 83
	/opt/homebrew/Cellar/go/1.24.2/libexec/src/runtime/mgc.go:1339 +0x140

goroutine 109 gp=0x1400032ea80 m=nil [select]:
runtime.gopark(0x14000399768?, 0x2?, 0x8?, 0x88?, 0x14000399744?)
	/opt/homebrew/Cellar/go/1.24.2/libexec/src/runtime/proc.go:435 +0xc8 fp=0x140003995d0 sp=0x140003995b0 pc=0x1007433b8
runtime.selectgo(0x14000399768, 0x14000399740, 0x14000399748?, 0x0, 0x0?, 0x1)
	/opt/homebrew/Cellar/go/1.24.2/libexec/src/runtime/select.go:351 +0x6c4 fp=0x14000399700 sp=0x140003995d0 pc=0x1007215e4
github.com/tigrisdata/ocache/server/storage/files.(*SyncMonitor).run(0x14000020280)
	/Users/ovaistariq/code/go/src/github.com/tigrisdata/ocache/.conductor/wellington/server/storage/files/monitor.go:97 +0x124 fp=0x140003997b0 sp=0x14000399700 pc=0x100b7d994
github.com/tigrisdata/ocache/server/storage/files.(*SyncMonitor).Start.gowrap1()
	/Users/ovaistariq/code/go/src/github.com/tigrisdata/ocache/.conductor/wellington/server/storage/files/monitor.go:64 +0x28 fp=0x140003997d0 sp=0x140003997b0 pc=0x100b7d778
runtime.goexit({})
	/opt/homebrew/Cellar/go/1.24.2/libexec/src/runtime/asm_arm64.s:1223 +0x4 fp=0x140003997d0 sp=0x140003997d0 pc=0x10074bc24
created by github.com/tigrisdata/ocache/server/storage/files.(*SyncMonitor).Start in goroutine 198
	/Users/ovaistariq/code/go/src/github.com/tigrisdata/ocache/.conductor/wellington/server/storage/files/monitor.go:64 +0x6c

goroutine 108 gp=0x1400032ec40 m=nil [select]:
runtime.gopark(0x1400038de00?, 0x4?, 0x98?, 0xdc?, 0x1400038ddd8?)
	/opt/homebrew/Cellar/go/1.24.2/libexec/src/runtime/proc.go:435 +0xc8 fp=0x1400038dc60 sp=0x1400038dc40 pc=0x1007433b8
runtime.selectgo(0x1400038de00, 0x1400038ddd0, 0x100c22bf4?, 0x0, 0x0?, 0x1)
	/opt/homebrew/Cellar/go/1.24.2/libexec/src/runtime/select.go:351 +0x6c4 fp=0x1400038dd90 sp=0x1400038dc60 pc=0x1007215e4
github.com/tigrisdata/ocache/server/storage.(*accessUpdater).run(0x140002a6000)
	/Users/ovaistariq/code/go/src/github.com/tigrisdata/ocache/.conductor/wellington/server/storage/storage.go:130 +0x110 fp=0x1400038df90 sp=0x1400038dd90 pc=0x100bc3d40
github.com/tigrisdata/ocache/server/storage.(*accessUpdater).Start.func1()
	/Users/ovaistariq/code/go/src/github.com/tigrisdata/ocache/.conductor/wellington/server/storage/storage.go:89 +0x50 fp=0x1400038dfd0 sp=0x1400038df90 pc=0x100bc39d0
runtime.goexit({})
	/opt/homebrew/Cellar/go/1.24.2/libexec/src/runtime/asm_arm64.s:1223 +0x4 fp=0x1400038dfd0 sp=0x1400038dfd0 pc=0x10074bc24
created by github.com/tigrisdata/ocache/server/storage.(*accessUpdater).Start in goroutine 198
	/Users/ovaistariq/code/go/src/github.com/tigrisdata/ocache/.conductor/wellington/server/storage/storage.go:87 +0x6c

goroutine 107 gp=0x1400032ee00 m=nil [select]:
runtime.gopark(0x1400038ef58?, 0x2?, 0x28?, 0xee?, 0x1400038ef4c?)
	/opt/homebrew/Cellar/go/1.24.2/libexec/src/runtime/proc.go:435 +0xc8 fp=0x1400038edd0 sp=0x1400038edb0 pc=0x1007433b8
runtime.selectgo(0x1400038ef58, 0x1400038ef48, 0x29?, 0x0, 0x0?, 0x1)
	/opt/homebrew/Cellar/go/1.24.2/libexec/src/runtime/select.go:351 +0x6c4 fp=0x1400038ef00 sp=0x1400038edd0 pc=0x1007215e4
github.com/tigrisdata/ocache/server/storage.(*Cleaner).cleanupLoop(0x140000201e0)
	/Users/ovaistariq/code/go/src/github.com/tigrisdata/ocache/.conductor/wellington/server/storage/cleaner.go:84 +0x110 fp=0x1400038efb0 sp=0x1400038ef00 pc=0x100bc1760
github.com/tigrisdata/ocache/server/storage.(*Cleaner).Start.gowrap1()
	/Users/ovaistariq/code/go/src/github.com/tigrisdata/ocache/.conductor/wellington/server/storage/cleaner.go:45 +0x28 fp=0x1400038efd0 sp=0x1400038efb0 pc=0x100bc1458
runtime.goexit({})
	/opt/homebrew/Cellar/go/1.24.2/libexec/src/runtime/asm_arm64.s:1223 +0x4 fp=0x1400038efd0 sp=0x1400038efd0 pc=0x10074bc24
created by github.com/tigrisdata/ocache/server/storage.(*Cleaner).Start in goroutine 198
	/Users/ovaistariq/code/go/src/github.com/tigrisdata/ocache/.conductor/wellington/server/storage/cleaner.go:45 +0x6c

goroutine 106 gp=0x1400032f500 m=nil [select]:
runtime.gopark(0x14000272f58?, 0x2?, 0x8?, 0x1?, 0x14000272f44?)
	/opt/homebrew/Cellar/go/1.24.2/libexec/src/runtime/proc.go:435 +0xc8 fp=0x14000272dd0 sp=0x14000272db0 pc=0x1007433b8
runtime.selectgo(0x14000272f58, 0x14000272f40, 0x2e?, 0x0, 0x1008016a4?, 0x1)
	/opt/homebrew/Cellar/go/1.24.2/libexec/src/runtime/select.go:351 +0x6c4 fp=0x14000272f00 sp=0x14000272dd0 pc=0x1007215e4
github.com/tigrisdata/ocache/server/compaction.(*Compactor).compactionLoop(0x140003101e0)
	/Users/ovaistariq/code/go/src/github.com/tigrisdata/ocache/.conductor/wellington/server/compaction/compactor.go:119 +0x120 fp=0x14000272fb0 sp=0x14000272f00 pc=0x100b85910
github.com/tigrisdata/ocache/server/compaction.(*Compactor).Start.gowrap1()
	/Users/ovaistariq/code/go/src/github.com/tigrisdata/ocache/.conductor/wellington/server/compaction/compactor.go:92 +0x28 fp=0x14000272fd0 sp=0x14000272fb0 pc=0x100b856e8
runtime.goexit({})
	/opt/homebrew/Cellar/go/1.24.2/libexec/src/runtime/asm_arm64.s:1223 +0x4 fp=0x14000272fd0 sp=0x14000272fd0 pc=0x10074bc24
created by github.com/tigrisdata/ocache/server/compaction.(*Compactor).Start in goroutine 198
	/Users/ovaistariq/code/go/src/github.com/tigrisdata/ocache/.conductor/wellington/server/compaction/compactor.go:92 +0x6c

goroutine 9 gp=0x14000003dc0 m=nil [GC worker (idle)]:
runtime.gopark(0x0?, 0x0?, 0x0?, 0x0?, 0x0?)
	/opt/homebrew/Cellar/go/1.24.2/libexec/src/runtime/proc.go:435 +0xc8 fp=0x14000075f10 sp=0x14000075ef0 pc=0x1007433b8
runtime.gcBgMarkWorker(0x14000037420)
	/opt/homebrew/Cellar/go/1.24.2/libexec/src/runtime/mgc.go:1423 +0xdc fp=0x14000075fb0 sp=0x14000075f10 pc=0x1006ecc3c
runtime.gcBgMarkStartWorkers.gowrap1()
	/opt/homebrew/Cellar/go/1.24.2/libexec/src/runtime/mgc.go:1339 +0x28 fp=0x14000075fd0 sp=0x14000075fb0 pc=0x1006ecb28
runtime.goexit({})
	/opt/homebrew/Cellar/go/1.24.2/libexec/src/runtime/asm_arm64.s:1223 +0x4 fp=0x14000075fd0 sp=0x14000075fd0 pc=0x10074bc24
created by runtime.gcBgMarkStartWorkers in goroutine 83
	/opt/homebrew/Cellar/go/1.24.2/libexec/src/runtime/mgc.go:1339 +0x140

goroutine 10 gp=0x140000ec000 m=nil [GC worker (idle)]:
runtime.gopark(0x0?, 0x0?, 0x0?, 0x0?, 0x0?)
	/opt/homebrew/Cellar/go/1.24.2/libexec/src/runtime/proc.go:435 +0xc8 fp=0x14000076710 sp=0x140000766f0 pc=0x1007433b8
runtime.gcBgMarkWorker(0x14000037420)
	/opt/homebrew/Cellar/go/1.24.2/libexec/src/runtime/mgc.go:1423 +0xdc fp=0x140000767b0 sp=0x14000076710 pc=0x1006ecc3c
runtime.gcBgMarkStartWorkers.gowrap1()
	/opt/homebrew/Cellar/go/1.24.2/libexec/src/runtime/mgc.go:1339 +0x28 fp=0x140000767d0 sp=0x140000767b0 pc=0x1006ecb28
runtime.goexit({})
	/opt/homebrew/Cellar/go/1.24.2/libexec/src/runtime/asm_arm64.s:1223 +0x4 fp=0x140000767d0 sp=0x140000767d0 pc=0x10074bc24
created by runtime.gcBgMarkStartWorkers in goroutine 83
	/opt/homebrew/Cellar/go/1.24.2/libexec/src/runtime/mgc.go:1339 +0x140

goroutine 11 gp=0x140000ec1c0 m=nil [GC worker (idle)]:
runtime.gopark(0x0?, 0x0?, 0x0?, 0x0?, 0x0?)
	/opt/homebrew/Cellar/go/1.24.2/libexec/src/runtime/proc.go:435 +0xc8 fp=0x14000076f10 sp=0x14000076ef0 pc=0x1007433b8
runtime.gcBgMarkWorker(0x14000037420)
	/opt/homebrew/Cellar/go/1.24.2/libexec/src/runtime/mgc.go:1423 +0xdc fp=0x14000076fb0 sp=0x14000076f10 pc=0x1006ecc3c
runtime.gcBgMarkStartWorkers.gowrap1()
	/opt/homebrew/Cellar/go/1.24.2/libexec/src/runtime/mgc.go:1339 +0x28 fp=0x14000076fd0 sp=0x14000076fb0 pc=0x1006ecb28
runtime.goexit({})
	/opt/homebrew/Cellar/go/1.24.2/libexec/src/runtime/asm_arm64.s:1223 +0x4 fp=0x14000076fd0 sp=0x14000076fd0 pc=0x10074bc24
created by runtime.gcBgMarkStartWorkers in goroutine 83
	/opt/homebrew/Cellar/go/1.24.2/libexec/src/runtime/mgc.go:1339 +0x140

goroutine 12 gp=0x140000ec380 m=nil [GC worker (idle)]:
runtime.gopark(0x0?, 0x0?, 0x0?, 0x0?, 0x0?)
	/opt/homebrew/Cellar/go/1.24.2/libexec/src/runtime/proc.go:435 +0xc8 fp=0x14000077710 sp=0x140000776f0 pc=0x1007433b8
runtime.gcBgMarkWorker(0x14000037420)
	/opt/homebrew/Cellar/go/1.24.2/libexec/src/runtime/mgc.go:1423 +0xdc fp=0x140000777b0 sp=0x14000077710 pc=0x1006ecc3c
runtime.gcBgMarkStartWorkers.gowrap1()
	/opt/homebrew/Cellar/go/1.24.2/libexec/src/runtime/mgc.go:1339 +0x28 fp=0x140000777d0 sp=0x140000777b0 pc=0x1006ecb28
runtime.goexit({})
	/opt/homebrew/Cellar/go/1.24.2/libexec/src/runtime/asm_arm64.s:1223 +0x4 fp=0x140000777d0 sp=0x140000777d0 pc=0x10074bc24
created by runtime.gcBgMarkStartWorkers in goroutine 83
	/opt/homebrew/Cellar/go/1.24.2/libexec/src/runtime/mgc.go:1339 +0x140

goroutine 13 gp=0x140000ec540 m=nil [GC worker (idle)]:
runtime.gopark(0x0?, 0x0?, 0x0?, 0x0?, 0x0?)
	/opt/homebrew/Cellar/go/1.24.2/libexec/src/runtime/proc.go:435 +0xc8 fp=0x14000077f10 sp=0x14000077ef0 pc=0x1007433b8
runtime.gcBgMarkWorker(0x14000037420)
	/opt/homebrew/Cellar/go/1.24.2/libexec/src/runtime/mgc.go:1423 +0xdc fp=0x14000077fb0 sp=0x14000077f10 pc=0x1006ecc3c
runtime.gcBgMarkStartWorkers.gowrap1()
	/opt/homebrew/Cellar/go/1.24.2/libexec/src/runtime/mgc.go:1339 +0x28 fp=0x14000077fd0 sp=0x14000077fb0 pc=0x1006ecb28
runtime.goexit({})
	/opt/homebrew/Cellar/go/1.24.2/libexec/src/runtime/asm_arm64.s:1223 +0x4 fp=0x14000077fd0 sp=0x14000077fd0 pc=0x10074bc24
created by runtime.gcBgMarkStartWorkers in goroutine 83
	/opt/homebrew/Cellar/go/1.24.2/libexec/src/runtime/mgc.go:1339 +0x140

goroutine 14 gp=0x140000ec700 m=nil [GC worker (idle)]:
runtime.gopark(0x0?, 0x0?, 0x0?, 0x0?, 0x0?)
	/opt/homebrew/Cellar/go/1.24.2/libexec/src/runtime/proc.go:435 +0xc8 fp=0x14000360710 sp=0x140003606f0 pc=0x1007433b8
runtime.gcBgMarkWorker(0x14000037420)
	/opt/homebrew/Cellar/go/1.24.2/libexec/src/runtime/mgc.go:1423 +0xdc fp=0x140003607b0 sp=0x14000360710 pc=0x1006ecc3c
runtime.gcBgMarkStartWorkers.gowrap1()
	/opt/homebrew/Cellar/go/1.24.2/libexec/src/runtime/mgc.go:1339 +0x28 fp=0x140003607d0 sp=0x140003607b0 pc=0x1006ecb28
runtime.goexit({})
	/opt/homebrew/Cellar/go/1.24.2/libexec/src/runtime/asm_arm64.s:1223 +0x4 fp=0x140003607d0 sp=0x140003607d0 pc=0x10074bc24
created by runtime.gcBgMarkStartWorkers in goroutine 83
	/opt/homebrew/Cellar/go/1.24.2/libexec/src/runtime/mgc.go:1339 +0x140

goroutine 15 gp=0x140000ec8c0 m=nil [GC worker (idle)]:
runtime.gopark(0x0?, 0x0?, 0x0?, 0x0?, 0x0?)
	/opt/homebrew/Cellar/go/1.24.2/libexec/src/runtime/proc.go:435 +0xc8 fp=0x14000360f10 sp=0x14000360ef0 pc=0x1007433b8
runtime.gcBgMarkWorker(0x14000037420)
	/opt/homebrew/Cellar/go/1.24.2/libexec/src/runtime/mgc.go:1423 +0xdc fp=0x14000360fb0 sp=0x14000360f10 pc=0x1006ecc3c
runtime.gcBgMarkStartWorkers.gowrap1()
	/opt/homebrew/Cellar/go/1.24.2/libexec/src/runtime/mgc.go:1339 +0x28 fp=0x14000360fd0 sp=0x14000360fb0 pc=0x1006ecb28
runtime.goexit({})
	/opt/homebrew/Cellar/go/1.24.2/libexec/src/runtime/asm_arm64.s:1223 +0x4 fp=0x14000360fd0 sp=0x14000360fd0 pc=0x10074bc24
created by runtime.gcBgMarkStartWorkers in goroutine 83
	/opt/homebrew/Cellar/go/1.24.2/libexec/src/runtime/mgc.go:1339 +0x140

goroutine 16 gp=0x140000eca80 m=nil [GC worker (idle)]:
runtime.gopark(0x11c02afb60370?, 0x3?, 0x65?, 0x4?, 0x0?)
	/opt/homebrew/Cellar/go/1.24.2/libexec/src/runtime/proc.go:435 +0xc8 fp=0x1400038af10 sp=0x1400038aef0 pc=0x1007433b8
runtime.gcBgMarkWorker(0x14000037420)
	/opt/homebrew/Cellar/go/1.24.2/libexec/src/runtime/mgc.go:1423 +0xdc fp=0x1400038afb0 sp=0x1400038af10 pc=0x1006ecc3c
runtime.gcBgMarkStartWorkers.gowrap1()
	/opt/homebrew/Cellar/go/1.24.2/libexec/src/runtime/mgc.go:1339 +0x28 fp=0x1400038afd0 sp=0x1400038afb0 pc=0x1006ecb28
runtime.goexit({})
	/opt/homebrew/Cellar/go/1.24.2/libexec/src/runtime/asm_arm64.s:1223 +0x4 fp=0x1400038afd0 sp=0x1400038afd0 pc=0x10074bc24
created by runtime.gcBgMarkStartWorkers in goroutine 83
	/opt/homebrew/Cellar/go/1.24.2/libexec/src/runtime/mgc.go:1339 +0x140

goroutine 114 gp=0x140000ecc40 m=nil [GC worker (idle)]:
runtime.gopark(0x11c02afb6a780?, 0x1?, 0x29?, 0xf?, 0x0?)
	/opt/homebrew/Cellar/go/1.24.2/libexec/src/runtime/proc.go:435 +0xc8 fp=0x14000361f10 sp=0x14000361ef0 pc=0x1007433b8
runtime.gcBgMarkWorker(0x14000037420)
	/opt/homebrew/Cellar/go/1.24.2/libexec/src/runtime/mgc.go:1423 +0xdc fp=0x14000361fb0 sp=0x14000361f10 pc=0x1006ecc3c
runtime.gcBgMarkStartWorkers.gowrap1()
	/opt/homebrew/Cellar/go/1.24.2/libexec/src/runtime/mgc.go:1339 +0x28 fp=0x14000361fd0 sp=0x14000361fb0 pc=0x1006ecb28
runtime.goexit({})
	/opt/homebrew/Cellar/go/1.24.2/libexec/src/runtime/asm_arm64.s:1223 +0x4 fp=0x14000361fd0 sp=0x14000361fd0 pc=0x10074bc24
created by runtime.gcBgMarkStartWorkers in goroutine 83
	/opt/homebrew/Cellar/go/1.24.2/libexec/src/runtime/mgc.go:1339 +0x140

goroutine 115 gp=0x140000ece00 m=nil [GC worker (idle)]:
runtime.gopark(0x11c02afb67177?, 0x3?, 0x4a?, 0xb6?, 0x0?)
	/opt/homebrew/Cellar/go/1.24.2/libexec/src/runtime/proc.go:435 +0xc8 fp=0x14000362710 sp=0x140003626f0 pc=0x1007433b8
runtime.gcBgMarkWorker(0x14000037420)
	/opt/homebrew/Cellar/go/1.24.2/libexec/src/runtime/mgc.go:1423 +0xdc fp=0x140003627b0 sp=0x14000362710 pc=0x1006ecc3c
runtime.gcBgMarkStartWorkers.gowrap1()
	/opt/homebrew/Cellar/go/1.24.2/libexec/src/runtime/mgc.go:1339 +0x28 fp=0x140003627d0 sp=0x140003627b0 pc=0x1006ecb28
runtime.goexit({})
	/opt/homebrew/Cellar/go/1.24.2/libexec/src/runtime/asm_arm64.s:1223 +0x4 fp=0x140003627d0 sp=0x140003627d0 pc=0x10074bc24
created by runtime.gcBgMarkStartWorkers in goroutine 83
	/opt/homebrew/Cellar/go/1.24.2/libexec/src/runtime/mgc.go:1339 +0x140

goroutine 116 gp=0x140000ecfc0 m=nil [GC worker (idle)]:
runtime.gopark(0x11c02afb61199?, 0x1?, 0xa?, 0x1c?, 0x0?)
	/opt/homebrew/Cellar/go/1.24.2/libexec/src/runtime/proc.go:435 +0xc8 fp=0x14000362f10 sp=0x14000362ef0 pc=0x1007433b8
runtime.gcBgMarkWorker(0x14000037420)
	/opt/homebrew/Cellar/go/1.24.2/libexec/src/runtime/mgc.go:1423 +0xdc fp=0x14000362fb0 sp=0x14000362f10 pc=0x1006ecc3c
runtime.gcBgMarkStartWorkers.gowrap1()
	/opt/homebrew/Cellar/go/1.24.2/libexec/src/runtime/mgc.go:1339 +0x28 fp=0x14000362fd0 sp=0x14000362fb0 pc=0x1006ecb28
runtime.goexit({})
	/opt/homebrew/Cellar/go/1.24.2/libexec/src/runtime/asm_arm64.s:1223 +0x4 fp=0x14000362fd0 sp=0x14000362fd0 pc=0x10074bc24
created by runtime.gcBgMarkStartWorkers in goroutine 83
	/opt/homebrew/Cellar/go/1.24.2/libexec/src/runtime/mgc.go:1339 +0x140

goroutine 117 gp=0x140000ed180 m=nil [GC worker (idle)]:
runtime.gopark(0x11c02afb5813b?, 0x1?, 0xc0?, 0xcd?, 0x0?)
	/opt/homebrew/Cellar/go/1.24.2/libexec/src/runtime/proc.go:435 +0xc8 fp=0x14000363710 sp=0x140003636f0 pc=0x1007433b8
runtime.gcBgMarkWorker(0x14000037420)
	/opt/homebrew/Cellar/go/1.24.2/libexec/src/runtime/mgc.go:1423 +0xdc fp=0x140003637b0 sp=0x14000363710 pc=0x1006ecc3c
runtime.gcBgMarkStartWorkers.gowrap1()
	/opt/homebrew/Cellar/go/1.24.2/libexec/src/runtime/mgc.go:1339 +0x28 fp=0x140003637d0 sp=0x140003637b0 pc=0x1006ecb28
runtime.goexit({})
	/opt/homebrew/Cellar/go/1.24.2/libexec/src/runtime/asm_arm64.s:1223 +0x4 fp=0x140003637d0 sp=0x140003637d0 pc=0x10074bc24
created by runtime.gcBgMarkStartWorkers in goroutine 83
	/opt/homebrew/Cellar/go/1.24.2/libexec/src/runtime/mgc.go:1339 +0x140

goroutine 162 gp=0x1400039f180 m=nil [select]:
runtime.gopark(0x14000277708?, 0x4?, 0x8?, 0x1?, 0x140002776d0?)
	/opt/homebrew/Cellar/go/1.24.2/libexec/src/runtime/proc.go:435 +0xc8 fp=0x14000277550 sp=0x14000277530 pc=0x1007433b8
runtime.selectgo(0x14000277708, 0x140002776c8, 0x0?, 0x0, 0x0?, 0x1)
	/opt/homebrew/Cellar/go/1.24.2/libexec/src/runtime/select.go:351 +0x6c4 fp=0x14000277680 sp=0x14000277550 pc=0x1007215e4
github.com/tigrisdata/ocache/server/storage/deletion.(*Queue).processingLoop(0x140001682a0)
	/Users/ovaistariq/code/go/src/github.com/tigrisdata/ocache/.conductor/wellington/server/storage/deletion/queue.go:137 +0x184 fp=0x140002777b0 sp=0x14000277680 pc=0x100b79834
github.com/tigrisdata/ocache/server/storage/deletion.(*Queue).Start.gowrap1()
	/Users/ovaistariq/code/go/src/github.com/tigrisdata/ocache/.conductor/wellington/server/storage/deletion/queue.go:76 +0x28 fp=0x140002777d0 sp=0x140002777b0 pc=0x100b79208
runtime.goexit({})
	/opt/homebrew/Cellar/go/1.24.2/libexec/src/runtime/asm_arm64.s:1223 +0x4 fp=0x140002777d0 sp=0x140002777d0 pc=0x10074bc24
created by github.com/tigrisdata/ocache/server/storage/deletion.(*Queue).Start in goroutine 143
	/Users/ovaistariq/code/go/src/github.com/tigrisdata/ocache/.conductor/wellington/server/storage/deletion/queue.go:76 +0x6c

goroutine 105 gp=0x1400032fdc0 m=nil [select]:
runtime.gopark(0x14000274f08?, 0x4?, 0xc0?, 0x5?, 0x14000274ed0?)
	/opt/homebrew/Cellar/go/1.24.2/libexec/src/runtime/proc.go:435 +0xc8 fp=0x14000088d50 sp=0x14000088d30 pc=0x1007433b8
runtime.selectgo(0x14000088f08, 0x14000274ec8, 0x0?, 0x0, 0x0?, 0x1)
	/opt/homebrew/Cellar/go/1.24.2/libexec/src/runtime/select.go:351 +0x6c4 fp=0x14000088e80 sp=0x14000088d50 pc=0x1007215e4
github.com/tigrisdata/ocache/server/storage/deletion.(*Queue).processingLoop(0x14000300000)
	/Users/ovaistariq/code/go/src/github.com/tigrisdata/ocache/.conductor/wellington/server/storage/deletion/queue.go:137 +0x184 fp=0x14000088fb0 sp=0x14000088e80 pc=0x100b79834
github.com/tigrisdata/ocache/server/storage/deletion.(*Queue).Start.gowrap1()
	/Users/ovaistariq/code/go/src/github.com/tigrisdata/ocache/.conductor/wellington/server/storage/deletion/queue.go:76 +0x28 fp=0x14000088fd0 sp=0x14000088fb0 pc=0x100b79208
runtime.goexit({})
	/opt/homebrew/Cellar/go/1.24.2/libexec/src/runtime/asm_arm64.s:1223 +0x4 fp=0x14000088fd0 sp=0x14000088fd0 pc=0x10074bc24
created by github.com/tigrisdata/ocache/server/storage/deletion.(*Queue).Start in goroutine 198
	/Users/ovaistariq/code/go/src/github.com/tigrisdata/ocache/.conductor/wellington/server/storage/deletion/queue.go:76 +0x6c

r0      0x600000380010
r1      0x927fd009
r2      0xc004087fcbd
r3      0x0
r4      0xb
r5      0x925fd802
r6      0x600000380010
r7      0x16
r8      0x10
r9      0x101424058
r10     0x600000380010
r11     0x4b9223da0000
r12     0x10
r13     0x60000038a00c
r14     0x1ff800
r15     0x7fb
r16     0x925fd802
r17     0x1
r18     0x0
r19     0x600003e802d0
r20     0x0
r21     0x600000380010
r22     0x0
r23     0x0
r24     0x0
r25     0x14000052cc0
r26     0x0
r27     0x818
r28     0x14000003a40
r29     0x328012ea0
lr      0x1021ff2f4
sp      0x328012e80
pc      0x1021ff2f8
fault   0x0
FAIL	github.com/tigrisdata/ocache/server/storage	5.476s
=== RUN   TestGetBuffer
--- PASS: TestGetBuffer (0.00s)
=== RUN   TestPutBuffer
--- PASS: TestPutBuffer (0.00s)
=== RUN   TestAcquireBuffer_SmallSize
--- PASS: TestAcquireBuffer_SmallSize (0.00s)
=== RUN   TestAcquireBuffer_DefaultSize
--- PASS: TestAcquireBuffer_DefaultSize (0.00s)
=== RUN   TestAcquireBuffer_LargeSize
--- PASS: TestAcquireBuffer_LargeSize (0.00s)
=== RUN   TestAcquireBuffer_ReuseFromPool
--- PASS: TestAcquireBuffer_ReuseFromPool (0.00s)
=== RUN   TestAcquireBuffer_LargeBufferReuse
--- PASS: TestAcquireBuffer_LargeBufferReuse (0.00s)
=== RUN   TestAcquireBuffer_MultipleReleases
--- PASS: TestAcquireBuffer_MultipleReleases (0.00s)
PASS
ok  	github.com/tigrisdata/ocache/server/storage/bufferpool	(cached)
=== RUN   TestQueue_AddAndProcess
{"level":"info","diskPath":"/var/folders/w5/nl65sjbn1ssb99yw7_w9y85w0000gn/T/TestQueue_AddAndProcess2829688149/001","ttl":0,"time":"2025-08-13T20:22:52-07:00","message":"creating metadata DB"}
{"level":"info","time":"2025-08-13T20:22:52-07:00","message":"metadata DB created"}
{"level":"debug","filepath":"/var/folders/w5/nl65sjbn1ssb99yw7_w9y85w0000gn/T/TestQueue_AddAndProcess2829688149/002/file1.txt","time":"2025-08-13T20:22:52-07:00","message":"deletion queue: added entry"}
{"level":"debug","filepath":"/var/folders/w5/nl65sjbn1ssb99yw7_w9y85w0000gn/T/TestQueue_AddAndProcess2829688149/002/file2.txt","time":"2025-08-13T20:22:52-07:00","message":"deletion queue: added entry"}
{"level":"debug","filepath":"/var/folders/w5/nl65sjbn1ssb99yw7_w9y85w0000gn/T/TestQueue_AddAndProcess2829688149/002/file3.txt","time":"2025-08-13T20:22:52-07:00","message":"deletion queue: added entry"}
{"level":"debug","filepath":"/var/folders/w5/nl65sjbn1ssb99yw7_w9y85w0000gn/T/TestQueue_AddAndProcess2829688149/002/file1.txt","time":"2025-08-13T20:22:52-07:00","message":"deletion queue: deleted file"}
{"level":"debug","filepath":"/var/folders/w5/nl65sjbn1ssb99yw7_w9y85w0000gn/T/TestQueue_AddAndProcess2829688149/002/file2.txt","time":"2025-08-13T20:22:52-07:00","message":"deletion queue: deleted file"}
{"level":"debug","filepath":"/var/folders/w5/nl65sjbn1ssb99yw7_w9y85w0000gn/T/TestQueue_AddAndProcess2829688149/002/file3.txt","time":"2025-08-13T20:22:52-07:00","message":"deletion queue: deleted file"}
{"level":"info","successful":3,"failed":0,"duration":8.61425,"time":"2025-08-13T20:22:52-07:00","message":"deletion queue: processed batch"}
{"level":"info","time":"2025-08-13T20:22:52-07:00","message":"deletion queue: stopping"}
{"level":"info","processed":3,"failed":0,"pruned":0,"time":"2025-08-13T20:22:52-07:00","message":"deletion queue: stopped"}
{"level":"info","time":"2025-08-13T20:22:52-07:00","message":"closing metadata DB"}
{"level":"info","time":"2025-08-13T20:22:52-07:00","message":"metadata DB closed"}
--- PASS: TestQueue_AddAndProcess (0.15s)
=== RUN   TestQueue_Deduplication
{"level":"info","diskPath":"/var/folders/w5/nl65sjbn1ssb99yw7_w9y85w0000gn/T/TestQueue_Deduplication2268570788/001","ttl":0,"time":"2025-08-13T20:22:52-07:00","message":"creating metadata DB"}
{"level":"info","time":"2025-08-13T20:22:52-07:00","message":"metadata DB created"}
{"level":"debug","filepath":"/var/folders/w5/nl65sjbn1ssb99yw7_w9y85w0000gn/T/TestQueue_Deduplication2268570788/002/duplicate.txt","time":"2025-08-13T20:22:52-07:00","message":"deletion queue: added entry"}
{"level":"debug","filepath":"/var/folders/w5/nl65sjbn1ssb99yw7_w9y85w0000gn/T/TestQueue_Deduplication2268570788/002/duplicate.txt","time":"2025-08-13T20:22:52-07:00","message":"deletion queue: added entry"}
{"level":"debug","filepath":"/var/folders/w5/nl65sjbn1ssb99yw7_w9y85w0000gn/T/TestQueue_Deduplication2268570788/002/duplicate.txt","time":"2025-08-13T20:22:52-07:00","message":"deletion queue: added entry"}
{"level":"debug","filepath":"/var/folders/w5/nl65sjbn1ssb99yw7_w9y85w0000gn/T/TestQueue_Deduplication2268570788/002/duplicate.txt","time":"2025-08-13T20:22:52-07:00","message":"deletion queue: added entry"}
{"level":"debug","filepath":"/var/folders/w5/nl65sjbn1ssb99yw7_w9y85w0000gn/T/TestQueue_Deduplication2268570788/002/duplicate.txt","time":"2025-08-13T20:22:52-07:00","message":"deletion queue: added entry"}
{"level":"debug","filepath":"/var/folders/w5/nl65sjbn1ssb99yw7_w9y85w0000gn/T/TestQueue_Deduplication2268570788/002/duplicate.txt","time":"2025-08-13T20:22:53-07:00","message":"deletion queue: deleted file"}
{"level":"info","successful":1,"failed":0,"duration":2.021708,"time":"2025-08-13T20:22:53-07:00","message":"deletion queue: processed batch"}
{"level":"info","time":"2025-08-13T20:22:53-07:00","message":"deletion queue: stopping"}
{"level":"info","processed":1,"failed":0,"pruned":0,"time":"2025-08-13T20:22:53-07:00","message":"deletion queue: stopped"}
{"level":"info","time":"2025-08-13T20:22:53-07:00","message":"closing metadata DB"}
{"level":"info","time":"2025-08-13T20:22:53-07:00","message":"metadata DB closed"}
--- PASS: TestQueue_Deduplication (0.23s)
=== RUN   TestQueue_EmptyFilepath
{"level":"info","diskPath":"/var/folders/w5/nl65sjbn1ssb99yw7_w9y85w0000gn/T/TestQueue_EmptyFilepath1703135739/001","ttl":0,"time":"2025-08-13T20:22:53-07:00","message":"creating metadata DB"}
{"level":"info","time":"2025-08-13T20:22:53-07:00","message":"metadata DB created"}
{"level":"info","time":"2025-08-13T20:22:53-07:00","message":"deletion queue: stopping"}
{"level":"info","processed":0,"failed":0,"pruned":0,"time":"2025-08-13T20:22:53-07:00","message":"deletion queue: stopped"}
{"level":"info","time":"2025-08-13T20:22:53-07:00","message":"closing metadata DB"}
{"level":"info","time":"2025-08-13T20:22:53-07:00","message":"metadata DB closed"}
--- PASS: TestQueue_EmptyFilepath (0.11s)
=== RUN   TestQueue_NonExistentFile
{"level":"info","diskPath":"/var/folders/w5/nl65sjbn1ssb99yw7_w9y85w0000gn/T/TestQueue_NonExistentFile3931321744/001","ttl":0,"time":"2025-08-13T20:22:53-07:00","message":"creating metadata DB"}
{"level":"info","time":"2025-08-13T20:22:53-07:00","message":"metadata DB created"}
{"level":"debug","filepath":"/non/existent/file.txt","time":"2025-08-13T20:22:53-07:00","message":"deletion queue: added entry"}
{"level":"debug","filepath":"/non/existent/file.txt","time":"2025-08-13T20:22:53-07:00","message":"deletion queue: file already deleted"}
{"level":"info","successful":1,"failed":0,"duration":0.136208,"time":"2025-08-13T20:22:53-07:00","message":"deletion queue: processed batch"}
{"level":"info","time":"2025-08-13T20:22:53-07:00","message":"deletion queue: stopping"}
{"level":"info","processed":1,"failed":0,"pruned":0,"time":"2025-08-13T20:22:53-07:00","message":"deletion queue: stopped"}
{"level":"info","time":"2025-08-13T20:22:53-07:00","message":"closing metadata DB"}
{"level":"info","time":"2025-08-13T20:22:53-07:00","message":"metadata DB closed"}
--- PASS: TestQueue_NonExistentFile (0.12s)
=== RUN   TestQueue_ConcurrentAdd
{"level":"info","diskPath":"/var/folders/w5/nl65sjbn1ssb99yw7_w9y85w0000gn/T/TestQueue_ConcurrentAdd3447811077/001","ttl":0,"time":"2025-08-13T20:22:53-07:00","message":"creating metadata DB"}
{"level":"info","time":"2025-08-13T20:22:53-07:00","message":"metadata DB created"}
{"level":"debug","filepath":"/var/folders/w5/nl65sjbn1ssb99yw7_w9y85w0000gn/T/TestQueue_ConcurrentAdd3447811077/002/concurrent_4.txt","time":"2025-08-13T20:22:53-07:00","message":"deletion queue: added entry"}
{"level":"debug","filepath":"/var/folders/w5/nl65sjbn1ssb99yw7_w9y85w0000gn/T/TestQueue_ConcurrentAdd3447811077/002/concurrent_1.txt","time":"2025-08-13T20:22:53-07:00","message":"deletion queue: added entry"}
{"level":"debug","filepath":"/var/folders/w5/nl65sjbn1ssb99yw7_w9y85w0000gn/T/TestQueue_ConcurrentAdd3447811077/002/concurrent_77.txt","time":"2025-08-13T20:22:53-07:00","message":"deletion queue: added entry"}
{"level":"debug","filepath":"/var/folders/w5/nl65sjbn1ssb99yw7_w9y85w0000gn/T/TestQueue_ConcurrentAdd3447811077/002/concurrent_2.txt","time":"2025-08-13T20:22:53-07:00","message":"deletion queue: added entry"}
{"level":"debug","filepath":"/var/folders/w5/nl65sjbn1ssb99yw7_w9y85w0000gn/T/TestQueue_ConcurrentAdd3447811077/002/concurrent_75.txt","time":"2025-08-13T20:22:53-07:00","message":"deletion queue: added entry"}
{"level":"debug","filepath":"/var/folders/w5/nl65sjbn1ssb99yw7_w9y85w0000gn/T/TestQueue_ConcurrentAdd3447811077/002/concurrent_0.txt","time":"2025-08-13T20:22:53-07:00","message":"deletion queue: added entry"}
{"level":"debug","filepath":"/var/folders/w5/nl65sjbn1ssb99yw7_w9y85w0000gn/T/TestQueue_ConcurrentAdd3447811077/002/concurrent_51.txt","time":"2025-08-13T20:22:53-07:00","message":"deletion queue: added entry"}
{"level":"debug","filepath":"/var/folders/w5/nl65sjbn1ssb99yw7_w9y85w0000gn/T/TestQueue_ConcurrentAdd3447811077/002/concurrent_99.txt","time":"2025-08-13T20:22:53-07:00","message":"deletion queue: added entry"}
{"level":"debug","filepath":"/var/folders/w5/nl65sjbn1ssb99yw7_w9y85w0000gn/T/TestQueue_ConcurrentAdd3447811077/002/concurrent_28.txt","time":"2025-08-13T20:22:53-07:00","message":"deletion queue: added entry"}
{"level":"debug","filepath":"/var/folders/w5/nl65sjbn1ssb99yw7_w9y85w0000gn/T/TestQueue_ConcurrentAdd3447811077/002/concurrent_64.txt","time":"2025-08-13T20:22:53-07:00","message":"deletion queue: added entry"}
{"level":"debug","filepath":"/var/folders/w5/nl65sjbn1ssb99yw7_w9y85w0000gn/T/TestQueue_ConcurrentAdd3447811077/002/concurrent_63.txt","time":"2025-08-13T20:22:53-07:00","message":"deletion queue: added entry"}
{"level":"debug","filepath":"/var/folders/w5/nl65sjbn1ssb99yw7_w9y85w0000gn/T/TestQueue_ConcurrentAdd3447811077/002/concurrent_3.txt","time":"2025-08-13T20:22:53-07:00","message":"deletion queue: added entry"}
{"level":"debug","filepath":"/var/folders/w5/nl65sjbn1ssb99yw7_w9y85w0000gn/T/TestQueue_ConcurrentAdd3447811077/002/concurrent_76.txt","time":"2025-08-13T20:22:53-07:00","message":"deletion queue: added entry"}
{"level":"debug","filepath":"/var/folders/w5/nl65sjbn1ssb99yw7_w9y85w0000gn/T/TestQueue_ConcurrentAdd3447811077/002/concurrent_52.txt","time":"2025-08-13T20:22:53-07:00","message":"deletion queue: added entry"}
{"level":"debug","filepath":"/var/folders/w5/nl65sjbn1ssb99yw7_w9y85w0000gn/T/TestQueue_ConcurrentAdd3447811077/002/concurrent_78.txt","time":"2025-08-13T20:22:53-07:00","message":"deletion queue: added entry"}
{"level":"debug","filepath":"/var/folders/w5/nl65sjbn1ssb99yw7_w9y85w0000gn/T/TestQueue_ConcurrentAdd3447811077/002/concurrent_29.txt","time":"2025-08-13T20:22:53-07:00","message":"deletion queue: added entry"}
{"level":"debug","filepath":"/var/folders/w5/nl65sjbn1ssb99yw7_w9y85w0000gn/T/TestQueue_ConcurrentAdd3447811077/002/concurrent_65.txt","time":"2025-08-13T20:22:53-07:00","message":"deletion queue: added entry"}
{"level":"debug","filepath":"/var/folders/w5/nl65sjbn1ssb99yw7_w9y85w0000gn/T/TestQueue_ConcurrentAdd3447811077/002/concurrent_36.txt","time":"2025-08-13T20:22:53-07:00","message":"deletion queue: added entry"}
{"level":"debug","filepath":"/var/folders/w5/nl65sjbn1ssb99yw7_w9y85w0000gn/T/TestQueue_ConcurrentAdd3447811077/002/concurrent_58.txt","time":"2025-08-13T20:22:53-07:00","message":"deletion queue: added entry"}
{"level":"debug","filepath":"/var/folders/w5/nl65sjbn1ssb99yw7_w9y85w0000gn/T/TestQueue_ConcurrentAdd3447811077/002/concurrent_79.txt","time":"2025-08-13T20:22:53-07:00","message":"deletion queue: added entry"}
{"level":"debug","filepath":"/var/folders/w5/nl65sjbn1ssb99yw7_w9y85w0000gn/T/TestQueue_ConcurrentAdd3447811077/002/concurrent_59.txt","time":"2025-08-13T20:22:53-07:00","message":"deletion queue: added entry"}
{"level":"debug","filepath":"/var/folders/w5/nl65sjbn1ssb99yw7_w9y85w0000gn/T/TestQueue_ConcurrentAdd3447811077/002/concurrent_16.txt","time":"2025-08-13T20:22:53-07:00","message":"deletion queue: added entry"}
{"level":"debug","filepath":"/var/folders/w5/nl65sjbn1ssb99yw7_w9y85w0000gn/T/TestQueue_ConcurrentAdd3447811077/002/concurrent_15.txt","time":"2025-08-13T20:22:53-07:00","message":"deletion queue: added entry"}
{"level":"debug","filepath":"/var/folders/w5/nl65sjbn1ssb99yw7_w9y85w0000gn/T/TestQueue_ConcurrentAdd3447811077/002/concurrent_61.txt","time":"2025-08-13T20:22:53-07:00","message":"deletion queue: added entry"}
{"level":"debug","filepath":"/var/folders/w5/nl65sjbn1ssb99yw7_w9y85w0000gn/T/TestQueue_ConcurrentAdd3447811077/002/concurrent_60.txt","time":"2025-08-13T20:22:53-07:00","message":"deletion queue: added entry"}
{"level":"debug","filepath":"/var/folders/w5/nl65sjbn1ssb99yw7_w9y85w0000gn/T/TestQueue_ConcurrentAdd3447811077/002/concurrent_38.txt","time":"2025-08-13T20:22:53-07:00","message":"deletion queue: added entry"}
{"level":"debug","filepath":"/var/folders/w5/nl65sjbn1ssb99yw7_w9y85w0000gn/T/TestQueue_ConcurrentAdd3447811077/002/concurrent_31.txt","time":"2025-08-13T20:22:53-07:00","message":"deletion queue: added entry"}
{"level":"debug","filepath":"/var/folders/w5/nl65sjbn1ssb99yw7_w9y85w0000gn/T/TestQueue_ConcurrentAdd3447811077/002/concurrent_71.txt","time":"2025-08-13T20:22:53-07:00","message":"deletion queue: added entry"}
{"level":"debug","filepath":"/var/folders/w5/nl65sjbn1ssb99yw7_w9y85w0000gn/T/TestQueue_ConcurrentAdd3447811077/002/concurrent_5.txt","time":"2025-08-13T20:22:53-07:00","message":"deletion queue: added entry"}
{"level":"debug","filepath":"/var/folders/w5/nl65sjbn1ssb99yw7_w9y85w0000gn/T/TestQueue_ConcurrentAdd3447811077/002/concurrent_48.txt","time":"2025-08-13T20:22:53-07:00","message":"deletion queue: added entry"}
{"level":"debug","filepath":"/var/folders/w5/nl65sjbn1ssb99yw7_w9y85w0000gn/T/TestQueue_ConcurrentAdd3447811077/002/concurrent_27.txt","time":"2025-08-13T20:22:53-07:00","message":"deletion queue: added entry"}
{"level":"debug","filepath":"/var/folders/w5/nl65sjbn1ssb99yw7_w9y85w0000gn/T/TestQueue_ConcurrentAdd3447811077/002/concurrent_73.txt","time":"2025-08-13T20:22:53-07:00","message":"deletion queue: added entry"}
{"level":"debug","filepath":"/var/folders/w5/nl65sjbn1ssb99yw7_w9y85w0000gn/T/TestQueue_ConcurrentAdd3447811077/002/concurrent_80.txt","time":"2025-08-13T20:22:53-07:00","message":"deletion queue: added entry"}
{"level":"debug","filepath":"/var/folders/w5/nl65sjbn1ssb99yw7_w9y85w0000gn/T/TestQueue_ConcurrentAdd3447811077/002/concurrent_7.txt","time":"2025-08-13T20:22:53-07:00","message":"deletion queue: added entry"}
{"level":"debug","filepath":"/var/folders/w5/nl65sjbn1ssb99yw7_w9y85w0000gn/T/TestQueue_ConcurrentAdd3447811077/002/concurrent_56.txt","time":"2025-08-13T20:22:53-07:00","message":"deletion queue: added entry"}
{"level":"debug","filepath":"/var/folders/w5/nl65sjbn1ssb99yw7_w9y85w0000gn/T/TestQueue_ConcurrentAdd3447811077/002/concurrent_66.txt","time":"2025-08-13T20:22:53-07:00","message":"deletion queue: added entry"}
{"level":"debug","filepath":"/var/folders/w5/nl65sjbn1ssb99yw7_w9y85w0000gn/T/TestQueue_ConcurrentAdd3447811077/002/concurrent_87.txt","time":"2025-08-13T20:22:53-07:00","message":"deletion queue: added entry"}
{"level":"debug","filepath":"/var/folders/w5/nl65sjbn1ssb99yw7_w9y85w0000gn/T/TestQueue_ConcurrentAdd3447811077/002/concurrent_53.txt","time":"2025-08-13T20:22:53-07:00","message":"deletion queue: added entry"}
{"level":"debug","filepath":"/var/folders/w5/nl65sjbn1ssb99yw7_w9y85w0000gn/T/TestQueue_ConcurrentAdd3447811077/002/concurrent_10.txt","time":"2025-08-13T20:22:53-07:00","message":"deletion queue: added entry"}
{"level":"debug","filepath":"/var/folders/w5/nl65sjbn1ssb99yw7_w9y85w0000gn/T/TestQueue_ConcurrentAdd3447811077/002/concurrent_50.txt","time":"2025-08-13T20:22:53-07:00","message":"deletion queue: added entry"}
{"level":"debug","filepath":"/var/folders/w5/nl65sjbn1ssb99yw7_w9y85w0000gn/T/TestQueue_ConcurrentAdd3447811077/002/concurrent_72.txt","time":"2025-08-13T20:22:53-07:00","message":"deletion queue: added entry"}
{"level":"debug","filepath":"/var/folders/w5/nl65sjbn1ssb99yw7_w9y85w0000gn/T/TestQueue_ConcurrentAdd3447811077/002/concurrent_9.txt","time":"2025-08-13T20:22:53-07:00","message":"deletion queue: added entry"}
{"level":"debug","filepath":"/var/folders/w5/nl65sjbn1ssb99yw7_w9y85w0000gn/T/TestQueue_ConcurrentAdd3447811077/002/concurrent_30.txt","time":"2025-08-13T20:22:53-07:00","message":"deletion queue: added entry"}
{"level":"debug","filepath":"/var/folders/w5/nl65sjbn1ssb99yw7_w9y85w0000gn/T/TestQueue_ConcurrentAdd3447811077/002/concurrent_44.txt","time":"2025-08-13T20:22:53-07:00","message":"deletion queue: added entry"}
{"level":"debug","filepath":"/var/folders/w5/nl65sjbn1ssb99yw7_w9y85w0000gn/T/TestQueue_ConcurrentAdd3447811077/002/concurrent_93.txt","time":"2025-08-13T20:22:53-07:00","message":"deletion queue: added entry"}
{"level":"debug","filepath":"/var/folders/w5/nl65sjbn1ssb99yw7_w9y85w0000gn/T/TestQueue_ConcurrentAdd3447811077/002/concurrent_88.txt","time":"2025-08-13T20:22:53-07:00","message":"deletion queue: added entry"}
{"level":"debug","filepath":"/var/folders/w5/nl65sjbn1ssb99yw7_w9y85w0000gn/T/TestQueue_ConcurrentAdd3447811077/002/concurrent_82.txt","time":"2025-08-13T20:22:53-07:00","message":"deletion queue: added entry"}
{"level":"debug","filepath":"/var/folders/w5/nl65sjbn1ssb99yw7_w9y85w0000gn/T/TestQueue_ConcurrentAdd3447811077/002/concurrent_70.txt","time":"2025-08-13T20:22:53-07:00","message":"deletion queue: added entry"}
{"level":"debug","filepath":"/var/folders/w5/nl65sjbn1ssb99yw7_w9y85w0000gn/T/TestQueue_ConcurrentAdd3447811077/002/concurrent_90.txt","time":"2025-08-13T20:22:53-07:00","message":"deletion queue: added entry"}
{"level":"debug","filepath":"/var/folders/w5/nl65sjbn1ssb99yw7_w9y85w0000gn/T/TestQueue_ConcurrentAdd3447811077/002/concurrent_35.txt","time":"2025-08-13T20:22:53-07:00","message":"deletion queue: added entry"}
{"level":"debug","filepath":"/var/folders/w5/nl65sjbn1ssb99yw7_w9y85w0000gn/T/TestQueue_ConcurrentAdd3447811077/002/concurrent_45.txt","time":"2025-08-13T20:22:53-07:00","message":"deletion queue: added entry"}
{"level":"debug","filepath":"/var/folders/w5/nl65sjbn1ssb99yw7_w9y85w0000gn/T/TestQueue_ConcurrentAdd3447811077/002/concurrent_62.txt","time":"2025-08-13T20:22:53-07:00","message":"deletion queue: added entry"}
{"level":"debug","filepath":"/var/folders/w5/nl65sjbn1ssb99yw7_w9y85w0000gn/T/TestQueue_ConcurrentAdd3447811077/002/concurrent_20.txt","time":"2025-08-13T20:22:53-07:00","message":"deletion queue: added entry"}
{"level":"debug","filepath":"/var/folders/w5/nl65sjbn1ssb99yw7_w9y85w0000gn/T/TestQueue_ConcurrentAdd3447811077/002/concurrent_25.txt","time":"2025-08-13T20:22:53-07:00","message":"deletion queue: added entry"}
{"level":"debug","filepath":"/var/folders/w5/nl65sjbn1ssb99yw7_w9y85w0000gn/T/TestQueue_ConcurrentAdd3447811077/002/concurrent_95.txt","time":"2025-08-13T20:22:53-07:00","message":"deletion queue: added entry"}
{"level":"debug","filepath":"/var/folders/w5/nl65sjbn1ssb99yw7_w9y85w0000gn/T/TestQueue_ConcurrentAdd3447811077/002/concurrent_46.txt","time":"2025-08-13T20:22:53-07:00","message":"deletion queue: added entry"}
{"level":"debug","filepath":"/var/folders/w5/nl65sjbn1ssb99yw7_w9y85w0000gn/T/TestQueue_ConcurrentAdd3447811077/002/concurrent_92.txt","time":"2025-08-13T20:22:53-07:00","message":"deletion queue: added entry"}
{"level":"debug","filepath":"/var/folders/w5/nl65sjbn1ssb99yw7_w9y85w0000gn/T/TestQueue_ConcurrentAdd3447811077/002/concurrent_55.txt","time":"2025-08-13T20:22:53-07:00","message":"deletion queue: added entry"}
{"level":"debug","filepath":"/var/folders/w5/nl65sjbn1ssb99yw7_w9y85w0000gn/T/TestQueue_ConcurrentAdd3447811077/002/concurrent_19.txt","time":"2025-08-13T20:22:53-07:00","message":"deletion queue: added entry"}
{"level":"debug","filepath":"/var/folders/w5/nl65sjbn1ssb99yw7_w9y85w0000gn/T/TestQueue_ConcurrentAdd3447811077/002/concurrent_24.txt","time":"2025-08-13T20:22:53-07:00","message":"deletion queue: added entry"}
{"level":"debug","filepath":"/var/folders/w5/nl65sjbn1ssb99yw7_w9y85w0000gn/T/TestQueue_ConcurrentAdd3447811077/002/concurrent_86.txt","time":"2025-08-13T20:22:53-07:00","message":"deletion queue: added entry"}
{"level":"debug","filepath":"/var/folders/w5/nl65sjbn1ssb99yw7_w9y85w0000gn/T/TestQueue_ConcurrentAdd3447811077/002/concurrent_33.txt","time":"2025-08-13T20:22:53-07:00","message":"deletion queue: added entry"}
{"level":"debug","filepath":"/var/folders/w5/nl65sjbn1ssb99yw7_w9y85w0000gn/T/TestQueue_ConcurrentAdd3447811077/002/concurrent_91.txt","time":"2025-08-13T20:22:53-07:00","message":"deletion queue: added entry"}
{"level":"debug","filepath":"/var/folders/w5/nl65sjbn1ssb99yw7_w9y85w0000gn/T/TestQueue_ConcurrentAdd3447811077/002/concurrent_17.txt","time":"2025-08-13T20:22:53-07:00","message":"deletion queue: added entry"}
{"level":"debug","filepath":"/var/folders/w5/nl65sjbn1ssb99yw7_w9y85w0000gn/T/TestQueue_ConcurrentAdd3447811077/002/concurrent_8.txt","time":"2025-08-13T20:22:53-07:00","message":"deletion queue: added entry"}
{"level":"debug","filepath":"/var/folders/w5/nl65sjbn1ssb99yw7_w9y85w0000gn/T/TestQueue_ConcurrentAdd3447811077/002/concurrent_97.txt","time":"2025-08-13T20:22:53-07:00","message":"deletion queue: added entry"}
{"level":"debug","filepath":"/var/folders/w5/nl65sjbn1ssb99yw7_w9y85w0000gn/T/TestQueue_ConcurrentAdd3447811077/002/concurrent_23.txt","time":"2025-08-13T20:22:53-07:00","message":"deletion queue: added entry"}
{"level":"debug","filepath":"/var/folders/w5/nl65sjbn1ssb99yw7_w9y85w0000gn/T/TestQueue_ConcurrentAdd3447811077/002/concurrent_67.txt","time":"2025-08-13T20:22:53-07:00","message":"deletion queue: added entry"}
{"level":"debug","filepath":"/var/folders/w5/nl65sjbn1ssb99yw7_w9y85w0000gn/T/TestQueue_ConcurrentAdd3447811077/002/concurrent_83.txt","time":"2025-08-13T20:22:53-07:00","message":"deletion queue: added entry"}
{"level":"debug","filepath":"/var/folders/w5/nl65sjbn1ssb99yw7_w9y85w0000gn/T/TestQueue_ConcurrentAdd3447811077/002/concurrent_84.txt","time":"2025-08-13T20:22:53-07:00","message":"deletion queue: added entry"}
{"level":"debug","filepath":"/var/folders/w5/nl65sjbn1ssb99yw7_w9y85w0000gn/T/TestQueue_ConcurrentAdd3447811077/002/concurrent_22.txt","time":"2025-08-13T20:22:53-07:00","message":"deletion queue: added entry"}
{"level":"debug","filepath":"/var/folders/w5/nl65sjbn1ssb99yw7_w9y85w0000gn/T/TestQueue_ConcurrentAdd3447811077/002/concurrent_43.txt","time":"2025-08-13T20:22:53-07:00","message":"deletion queue: added entry"}
{"level":"debug","filepath":"/var/folders/w5/nl65sjbn1ssb99yw7_w9y85w0000gn/T/TestQueue_ConcurrentAdd3447811077/002/concurrent_81.txt","time":"2025-08-13T20:22:53-07:00","message":"deletion queue: added entry"}
{"level":"debug","filepath":"/var/folders/w5/nl65sjbn1ssb99yw7_w9y85w0000gn/T/TestQueue_ConcurrentAdd3447811077/002/concurrent_40.txt","time":"2025-08-13T20:22:53-07:00","message":"deletion queue: added entry"}
{"level":"debug","filepath":"/var/folders/w5/nl65sjbn1ssb99yw7_w9y85w0000gn/T/TestQueue_ConcurrentAdd3447811077/002/concurrent_94.txt","time":"2025-08-13T20:22:53-07:00","message":"deletion queue: added entry"}
{"level":"debug","filepath":"/var/folders/w5/nl65sjbn1ssb99yw7_w9y85w0000gn/T/TestQueue_ConcurrentAdd3447811077/002/concurrent_54.txt","time":"2025-08-13T20:22:53-07:00","message":"deletion queue: added entry"}
{"level":"debug","filepath":"/var/folders/w5/nl65sjbn1ssb99yw7_w9y85w0000gn/T/TestQueue_ConcurrentAdd3447811077/002/concurrent_34.txt","time":"2025-08-13T20:22:53-07:00","message":"deletion queue: added entry"}
{"level":"debug","filepath":"/var/folders/w5/nl65sjbn1ssb99yw7_w9y85w0000gn/T/TestQueue_ConcurrentAdd3447811077/002/concurrent_6.txt","time":"2025-08-13T20:22:53-07:00","message":"deletion queue: added entry"}
{"level":"debug","filepath":"/var/folders/w5/nl65sjbn1ssb99yw7_w9y85w0000gn/T/TestQueue_ConcurrentAdd3447811077/002/concurrent_41.txt","time":"2025-08-13T20:22:53-07:00","message":"deletion queue: added entry"}
{"level":"debug","filepath":"/var/folders/w5/nl65sjbn1ssb99yw7_w9y85w0000gn/T/TestQueue_ConcurrentAdd3447811077/002/concurrent_49.txt","time":"2025-08-13T20:22:53-07:00","message":"deletion queue: added entry"}
{"level":"debug","filepath":"/var/folders/w5/nl65sjbn1ssb99yw7_w9y85w0000gn/T/TestQueue_ConcurrentAdd3447811077/002/concurrent_13.txt","time":"2025-08-13T20:22:53-07:00","message":"deletion queue: added entry"}
{"level":"debug","filepath":"/var/folders/w5/nl65sjbn1ssb99yw7_w9y85w0000gn/T/TestQueue_ConcurrentAdd3447811077/002/concurrent_74.txt","time":"2025-08-13T20:22:53-07:00","message":"deletion queue: added entry"}
{"level":"debug","filepath":"/var/folders/w5/nl65sjbn1ssb99yw7_w9y85w0000gn/T/TestQueue_ConcurrentAdd3447811077/002/concurrent_98.txt","time":"2025-08-13T20:22:53-07:00","message":"deletion queue: added entry"}
{"level":"debug","filepath":"/var/folders/w5/nl65sjbn1ssb99yw7_w9y85w0000gn/T/TestQueue_ConcurrentAdd3447811077/002/concurrent_18.txt","time":"2025-08-13T20:22:53-07:00","message":"deletion queue: added entry"}
{"level":"debug","filepath":"/var/folders/w5/nl65sjbn1ssb99yw7_w9y85w0000gn/T/TestQueue_ConcurrentAdd3447811077/002/concurrent_42.txt","time":"2025-08-13T20:22:53-07:00","message":"deletion queue: added entry"}
{"level":"debug","filepath":"/var/folders/w5/nl65sjbn1ssb99yw7_w9y85w0000gn/T/TestQueue_ConcurrentAdd3447811077/002/concurrent_39.txt","time":"2025-08-13T20:22:53-07:00","message":"deletion queue: added entry"}
{"level":"debug","filepath":"/var/folders/w5/nl65sjbn1ssb99yw7_w9y85w0000gn/T/TestQueue_ConcurrentAdd3447811077/002/concurrent_47.txt","time":"2025-08-13T20:22:53-07:00","message":"deletion queue: added entry"}
{"level":"debug","filepath":"/var/folders/w5/nl65sjbn1ssb99yw7_w9y85w0000gn/T/TestQueue_ConcurrentAdd3447811077/002/concurrent_21.txt","time":"2025-08-13T20:22:53-07:00","message":"deletion queue: added entry"}
{"level":"debug","filepath":"/var/folders/w5/nl65sjbn1ssb99yw7_w9y85w0000gn/T/TestQueue_ConcurrentAdd3447811077/002/concurrent_89.txt","time":"2025-08-13T20:22:53-07:00","message":"deletion queue: added entry"}
{"level":"debug","filepath":"/var/folders/w5/nl65sjbn1ssb99yw7_w9y85w0000gn/T/TestQueue_ConcurrentAdd3447811077/002/concurrent_85.txt","time":"2025-08-13T20:22:53-07:00","message":"deletion queue: added entry"}
{"level":"debug","filepath":"/var/folders/w5/nl65sjbn1ssb99yw7_w9y85w0000gn/T/TestQueue_ConcurrentAdd3447811077/002/concurrent_26.txt","time":"2025-08-13T20:22:53-07:00","message":"deletion queue: added entry"}
{"level":"debug","filepath":"/var/folders/w5/nl65sjbn1ssb99yw7_w9y85w0000gn/T/TestQueue_ConcurrentAdd3447811077/002/concurrent_68.txt","time":"2025-08-13T20:22:53-07:00","message":"deletion queue: added entry"}
{"level":"debug","filepath":"/var/folders/w5/nl65sjbn1ssb99yw7_w9y85w0000gn/T/TestQueue_ConcurrentAdd3447811077/002/concurrent_37.txt","time":"2025-08-13T20:22:53-07:00","message":"deletion queue: added entry"}
{"level":"debug","filepath":"/var/folders/w5/nl65sjbn1ssb99yw7_w9y85w0000gn/T/TestQueue_ConcurrentAdd3447811077/002/concurrent_32.txt","time":"2025-08-13T20:22:53-07:00","message":"deletion queue: added entry"}
{"level":"debug","filepath":"/var/folders/w5/nl65sjbn1ssb99yw7_w9y85w0000gn/T/TestQueue_ConcurrentAdd3447811077/002/concurrent_69.txt","time":"2025-08-13T20:22:53-07:00","message":"deletion queue: added entry"}
{"level":"debug","filepath":"/var/folders/w5/nl65sjbn1ssb99yw7_w9y85w0000gn/T/TestQueue_ConcurrentAdd3447811077/002/concurrent_12.txt","time":"2025-08-13T20:22:53-07:00","message":"deletion queue: added entry"}
{"level":"debug","filepath":"/var/folders/w5/nl65sjbn1ssb99yw7_w9y85w0000gn/T/TestQueue_ConcurrentAdd3447811077/002/concurrent_96.txt","time":"2025-08-13T20:22:53-07:00","message":"deletion queue: added entry"}
{"level":"debug","filepath":"/var/folders/w5/nl65sjbn1ssb99yw7_w9y85w0000gn/T/TestQueue_ConcurrentAdd3447811077/002/concurrent_14.txt","time":"2025-08-13T20:22:53-07:00","message":"deletion queue: added entry"}
{"level":"debug","filepath":"/var/folders/w5/nl65sjbn1ssb99yw7_w9y85w0000gn/T/TestQueue_ConcurrentAdd3447811077/002/concurrent_57.txt","time":"2025-08-13T20:22:53-07:00","message":"deletion queue: added entry"}
{"level":"debug","filepath":"/var/folders/w5/nl65sjbn1ssb99yw7_w9y85w0000gn/T/TestQueue_ConcurrentAdd3447811077/002/concurrent_11.txt","time":"2025-08-13T20:22:53-07:00","message":"deletion queue: added entry"}
{"level":"debug","filepath":"/var/folders/w5/nl65sjbn1ssb99yw7_w9y85w0000gn/T/TestQueue_ConcurrentAdd3447811077/002/concurrent_4.txt","time":"2025-08-13T20:22:53-07:00","message":"deletion queue: deleted file"}
{"level":"debug","filepath":"/var/folders/w5/nl65sjbn1ssb99yw7_w9y85w0000gn/T/TestQueue_ConcurrentAdd3447811077/002/concurrent_75.txt","time":"2025-08-13T20:22:53-07:00","message":"deletion queue: deleted file"}
{"level":"debug","filepath":"/var/folders/w5/nl65sjbn1ssb99yw7_w9y85w0000gn/T/TestQueue_ConcurrentAdd3447811077/002/concurrent_99.txt","time":"2025-08-13T20:22:53-07:00","message":"deletion queue: deleted file"}
{"level":"debug","filepath":"/var/folders/w5/nl65sjbn1ssb99yw7_w9y85w0000gn/T/TestQueue_ConcurrentAdd3447811077/002/concurrent_51.txt","time":"2025-08-13T20:22:53-07:00","message":"deletion queue: deleted file"}
{"level":"debug","filepath":"/var/folders/w5/nl65sjbn1ssb99yw7_w9y85w0000gn/T/TestQueue_ConcurrentAdd3447811077/002/concurrent_28.txt","time":"2025-08-13T20:22:53-07:00","message":"deletion queue: deleted file"}
{"level":"debug","filepath":"/var/folders/w5/nl65sjbn1ssb99yw7_w9y85w0000gn/T/TestQueue_ConcurrentAdd3447811077/002/concurrent_63.txt","time":"2025-08-13T20:22:53-07:00","message":"deletion queue: deleted file"}
{"level":"debug","filepath":"/var/folders/w5/nl65sjbn1ssb99yw7_w9y85w0000gn/T/TestQueue_ConcurrentAdd3447811077/002/concurrent_1.txt","time":"2025-08-13T20:22:53-07:00","message":"deletion queue: deleted file"}
{"level":"debug","filepath":"/var/folders/w5/nl65sjbn1ssb99yw7_w9y85w0000gn/T/TestQueue_ConcurrentAdd3447811077/002/concurrent_0.txt","time":"2025-08-13T20:22:53-07:00","message":"deletion queue: deleted file"}
{"level":"debug","filepath":"/var/folders/w5/nl65sjbn1ssb99yw7_w9y85w0000gn/T/TestQueue_ConcurrentAdd3447811077/002/concurrent_2.txt","time":"2025-08-13T20:22:53-07:00","message":"deletion queue: deleted file"}
{"level":"debug","filepath":"/var/folders/w5/nl65sjbn1ssb99yw7_w9y85w0000gn/T/TestQueue_ConcurrentAdd3447811077/002/concurrent_77.txt","time":"2025-08-13T20:22:53-07:00","message":"deletion queue: deleted file"}
{"level":"info","successful":10,"failed":0,"duration":20.581334,"time":"2025-08-13T20:22:53-07:00","message":"deletion queue: processed batch"}
{"level":"debug","filepath":"/var/folders/w5/nl65sjbn1ssb99yw7_w9y85w0000gn/T/TestQueue_ConcurrentAdd3447811077/002/concurrent_29.txt","time":"2025-08-13T20:22:53-07:00","message":"deletion queue: deleted file"}
{"level":"debug","filepath":"/var/folders/w5/nl65sjbn1ssb99yw7_w9y85w0000gn/T/TestQueue_ConcurrentAdd3447811077/002/concurrent_65.txt","time":"2025-08-13T20:22:53-07:00","message":"deletion queue: deleted file"}
{"level":"debug","filepath":"/var/folders/w5/nl65sjbn1ssb99yw7_w9y85w0000gn/T/TestQueue_ConcurrentAdd3447811077/002/concurrent_16.txt","time":"2025-08-13T20:22:53-07:00","message":"deletion queue: deleted file"}
{"level":"debug","filepath":"/var/folders/w5/nl65sjbn1ssb99yw7_w9y85w0000gn/T/TestQueue_ConcurrentAdd3447811077/002/concurrent_15.txt","time":"2025-08-13T20:22:53-07:00","message":"deletion queue: deleted file"}
{"level":"debug","filepath":"/var/folders/w5/nl65sjbn1ssb99yw7_w9y85w0000gn/T/TestQueue_ConcurrentAdd3447811077/002/concurrent_64.txt","time":"2025-08-13T20:22:53-07:00","message":"deletion queue: deleted file"}
{"level":"debug","filepath":"/var/folders/w5/nl65sjbn1ssb99yw7_w9y85w0000gn/T/TestQueue_ConcurrentAdd3447811077/002/concurrent_76.txt","time":"2025-08-13T20:22:53-07:00","message":"deletion queue: deleted file"}
{"level":"debug","filepath":"/var/folders/w5/nl65sjbn1ssb99yw7_w9y85w0000gn/T/TestQueue_ConcurrentAdd3447811077/002/concurrent_52.txt","time":"2025-08-13T20:22:53-07:00","message":"deletion queue: deleted file"}
{"level":"debug","filepath":"/var/folders/w5/nl65sjbn1ssb99yw7_w9y85w0000gn/T/TestQueue_ConcurrentAdd3447811077/002/concurrent_79.txt","time":"2025-08-13T20:22:53-07:00","message":"deletion queue: deleted file"}
{"level":"debug","filepath":"/var/folders/w5/nl65sjbn1ssb99yw7_w9y85w0000gn/T/TestQueue_ConcurrentAdd3447811077/002/concurrent_3.txt","time":"2025-08-13T20:22:53-07:00","message":"deletion queue: deleted file"}
{"level":"debug","filepath":"/var/folders/w5/nl65sjbn1ssb99yw7_w9y85w0000gn/T/TestQueue_ConcurrentAdd3447811077/002/concurrent_78.txt","time":"2025-08-13T20:22:53-07:00","message":"deletion queue: deleted file"}
{"level":"info","successful":10,"failed":0,"duration":20.304,"time":"2025-08-13T20:22:53-07:00","message":"deletion queue: processed batch"}
{"level":"debug","filepath":"/var/folders/w5/nl65sjbn1ssb99yw7_w9y85w0000gn/T/TestQueue_ConcurrentAdd3447811077/002/concurrent_36.txt","time":"2025-08-13T20:22:53-07:00","message":"deletion queue: deleted file"}
{"level":"debug","filepath":"/var/folders/w5/nl65sjbn1ssb99yw7_w9y85w0000gn/T/TestQueue_ConcurrentAdd3447811077/002/concurrent_5.txt","time":"2025-08-13T20:22:53-07:00","message":"deletion queue: deleted file"}
{"level":"debug","filepath":"/var/folders/w5/nl65sjbn1ssb99yw7_w9y85w0000gn/T/TestQueue_ConcurrentAdd3447811077/002/concurrent_73.txt","time":"2025-08-13T20:22:53-07:00","message":"deletion queue: deleted file"}
{"level":"debug","filepath":"/var/folders/w5/nl65sjbn1ssb99yw7_w9y85w0000gn/T/TestQueue_ConcurrentAdd3447811077/002/concurrent_27.txt","time":"2025-08-13T20:22:53-07:00","message":"deletion queue: deleted file"}
{"level":"debug","filepath":"/var/folders/w5/nl65sjbn1ssb99yw7_w9y85w0000gn/T/TestQueue_ConcurrentAdd3447811077/002/concurrent_38.txt","time":"2025-08-13T20:22:53-07:00","message":"deletion queue: deleted file"}
{"level":"debug","filepath":"/var/folders/w5/nl65sjbn1ssb99yw7_w9y85w0000gn/T/TestQueue_ConcurrentAdd3447811077/002/concurrent_61.txt","time":"2025-08-13T20:22:53-07:00","message":"deletion queue: deleted file"}
{"level":"debug","filepath":"/var/folders/w5/nl65sjbn1ssb99yw7_w9y85w0000gn/T/TestQueue_ConcurrentAdd3447811077/002/concurrent_58.txt","time":"2025-08-13T20:22:53-07:00","message":"deletion queue: deleted file"}
{"level":"debug","filepath":"/var/folders/w5/nl65sjbn1ssb99yw7_w9y85w0000gn/T/TestQueue_ConcurrentAdd3447811077/002/concurrent_31.txt","time":"2025-08-13T20:22:53-07:00","message":"deletion queue: deleted file"}
{"level":"debug","filepath":"/var/folders/w5/nl65sjbn1ssb99yw7_w9y85w0000gn/T/TestQueue_ConcurrentAdd3447811077/002/concurrent_60.txt","time":"2025-08-13T20:22:53-07:00","message":"deletion queue: deleted file"}
{"level":"debug","filepath":"/var/folders/w5/nl65sjbn1ssb99yw7_w9y85w0000gn/T/TestQueue_ConcurrentAdd3447811077/002/concurrent_59.txt","time":"2025-08-13T20:22:53-07:00","message":"deletion queue: deleted file"}
{"level":"info","successful":10,"failed":0,"duration":5.293458,"time":"2025-08-13T20:22:53-07:00","message":"deletion queue: processed batch"}
{"level":"debug","filepath":"/var/folders/w5/nl65sjbn1ssb99yw7_w9y85w0000gn/T/TestQueue_ConcurrentAdd3447811077/002/concurrent_71.txt","time":"2025-08-13T20:22:53-07:00","message":"deletion queue: deleted file"}
{"level":"debug","filepath":"/var/folders/w5/nl65sjbn1ssb99yw7_w9y85w0000gn/T/TestQueue_ConcurrentAdd3447811077/002/concurrent_48.txt","time":"2025-08-13T20:22:53-07:00","message":"deletion queue: deleted file"}
{"level":"debug","filepath":"/var/folders/w5/nl65sjbn1ssb99yw7_w9y85w0000gn/T/TestQueue_ConcurrentAdd3447811077/002/concurrent_44.txt","time":"2025-08-13T20:22:53-07:00","message":"deletion queue: deleted file"}
{"level":"debug","filepath":"/var/folders/w5/nl65sjbn1ssb99yw7_w9y85w0000gn/T/TestQueue_ConcurrentAdd3447811077/002/concurrent_30.txt","time":"2025-08-13T20:22:53-07:00","message":"deletion queue: deleted file"}
{"level":"debug","filepath":"/var/folders/w5/nl65sjbn1ssb99yw7_w9y85w0000gn/T/TestQueue_ConcurrentAdd3447811077/002/concurrent_10.txt","time":"2025-08-13T20:22:53-07:00","message":"deletion queue: deleted file"}
{"level":"debug","filepath":"/var/folders/w5/nl65sjbn1ssb99yw7_w9y85w0000gn/T/TestQueue_ConcurrentAdd3447811077/002/concurrent_87.txt","time":"2025-08-13T20:22:53-07:00","message":"deletion queue: deleted file"}
{"level":"debug","filepath":"/var/folders/w5/nl65sjbn1ssb99yw7_w9y85w0000gn/T/TestQueue_ConcurrentAdd3447811077/002/concurrent_7.txt","time":"2025-08-13T20:22:53-07:00","message":"deletion queue: deleted file"}
{"level":"debug","filepath":"/var/folders/w5/nl65sjbn1ssb99yw7_w9y85w0000gn/T/TestQueue_ConcurrentAdd3447811077/002/concurrent_80.txt","time":"2025-08-13T20:22:53-07:00","message":"deletion queue: deleted file"}
{"level":"debug","filepath":"/var/folders/w5/nl65sjbn1ssb99yw7_w9y85w0000gn/T/TestQueue_ConcurrentAdd3447811077/002/concurrent_72.txt","time":"2025-08-13T20:22:53-07:00","message":"deletion queue: deleted file"}
{"level":"debug","filepath":"/var/folders/w5/nl65sjbn1ssb99yw7_w9y85w0000gn/T/TestQueue_ConcurrentAdd3447811077/002/concurrent_9.txt","time":"2025-08-13T20:22:53-07:00","message":"deletion queue: deleted file"}
{"level":"info","successful":10,"failed":0,"duration":4.996625,"time":"2025-08-13T20:22:53-07:00","message":"deletion queue: processed batch"}
{"level":"debug","filepath":"/var/folders/w5/nl65sjbn1ssb99yw7_w9y85w0000gn/T/TestQueue_ConcurrentAdd3447811077/002/concurrent_53.txt","time":"2025-08-13T20:22:53-07:00","message":"deletion queue: deleted file"}
{"level":"debug","filepath":"/var/folders/w5/nl65sjbn1ssb99yw7_w9y85w0000gn/T/TestQueue_ConcurrentAdd3447811077/002/concurrent_56.txt","time":"2025-08-13T20:22:53-07:00","message":"deletion queue: deleted file"}
{"level":"debug","filepath":"/var/folders/w5/nl65sjbn1ssb99yw7_w9y85w0000gn/T/TestQueue_ConcurrentAdd3447811077/002/concurrent_66.txt","time":"2025-08-13T20:22:53-07:00","message":"deletion queue: deleted file"}
{"level":"debug","filepath":"/var/folders/w5/nl65sjbn1ssb99yw7_w9y85w0000gn/T/TestQueue_ConcurrentAdd3447811077/002/concurrent_70.txt","time":"2025-08-13T20:22:53-07:00","message":"deletion queue: deleted file"}
{"level":"debug","filepath":"/var/folders/w5/nl65sjbn1ssb99yw7_w9y85w0000gn/T/TestQueue_ConcurrentAdd3447811077/002/concurrent_90.txt","time":"2025-08-13T20:22:53-07:00","message":"deletion queue: deleted file"}
{"level":"debug","filepath":"/var/folders/w5/nl65sjbn1ssb99yw7_w9y85w0000gn/T/TestQueue_ConcurrentAdd3447811077/002/concurrent_50.txt","time":"2025-08-13T20:22:53-07:00","message":"deletion queue: deleted file"}
{"level":"debug","filepath":"/var/folders/w5/nl65sjbn1ssb99yw7_w9y85w0000gn/T/TestQueue_ConcurrentAdd3447811077/002/concurrent_88.txt","time":"2025-08-13T20:22:53-07:00","message":"deletion queue: deleted file"}
{"level":"debug","filepath":"/var/folders/w5/nl65sjbn1ssb99yw7_w9y85w0000gn/T/TestQueue_ConcurrentAdd3447811077/002/concurrent_93.txt","time":"2025-08-13T20:22:53-07:00","message":"deletion queue: deleted file"}
{"level":"debug","filepath":"/var/folders/w5/nl65sjbn1ssb99yw7_w9y85w0000gn/T/TestQueue_ConcurrentAdd3447811077/002/concurrent_82.txt","time":"2025-08-13T20:22:53-07:00","message":"deletion queue: deleted file"}
{"level":"debug","filepath":"/var/folders/w5/nl65sjbn1ssb99yw7_w9y85w0000gn/T/TestQueue_ConcurrentAdd3447811077/002/concurrent_20.txt","time":"2025-08-13T20:22:53-07:00","message":"deletion queue: deleted file"}
{"level":"info","successful":10,"failed":0,"duration":0.855542,"time":"2025-08-13T20:22:53-07:00","message":"deletion queue: processed batch"}
{"level":"debug","filepath":"/var/folders/w5/nl65sjbn1ssb99yw7_w9y85w0000gn/T/TestQueue_ConcurrentAdd3447811077/002/concurrent_62.txt","time":"2025-08-13T20:22:53-07:00","message":"deletion queue: deleted file"}
{"level":"debug","filepath":"/var/folders/w5/nl65sjbn1ssb99yw7_w9y85w0000gn/T/TestQueue_ConcurrentAdd3447811077/002/concurrent_45.txt","time":"2025-08-13T20:22:53-07:00","message":"deletion queue: deleted file"}
{"level":"debug","filepath":"/var/folders/w5/nl65sjbn1ssb99yw7_w9y85w0000gn/T/TestQueue_ConcurrentAdd3447811077/002/concurrent_92.txt","time":"2025-08-13T20:22:53-07:00","message":"deletion queue: deleted file"}
{"level":"debug","filepath":"/var/folders/w5/nl65sjbn1ssb99yw7_w9y85w0000gn/T/TestQueue_ConcurrentAdd3447811077/002/concurrent_46.txt","time":"2025-08-13T20:22:53-07:00","message":"deletion queue: deleted file"}
{"level":"debug","filepath":"/var/folders/w5/nl65sjbn1ssb99yw7_w9y85w0000gn/T/TestQueue_ConcurrentAdd3447811077/002/concurrent_24.txt","time":"2025-08-13T20:22:53-07:00","message":"deletion queue: deleted file"}
{"level":"debug","filepath":"/var/folders/w5/nl65sjbn1ssb99yw7_w9y85w0000gn/T/TestQueue_ConcurrentAdd3447811077/002/concurrent_95.txt","time":"2025-08-13T20:22:53-07:00","message":"deletion queue: deleted file"}
{"level":"debug","filepath":"/var/folders/w5/nl65sjbn1ssb99yw7_w9y85w0000gn/T/TestQueue_ConcurrentAdd3447811077/002/concurrent_25.txt","time":"2025-08-13T20:22:53-07:00","message":"deletion queue: deleted file"}
{"level":"debug","filepath":"/var/folders/w5/nl65sjbn1ssb99yw7_w9y85w0000gn/T/TestQueue_ConcurrentAdd3447811077/002/concurrent_35.txt","time":"2025-08-13T20:22:53-07:00","message":"deletion queue: deleted file"}
{"level":"debug","filepath":"/var/folders/w5/nl65sjbn1ssb99yw7_w9y85w0000gn/T/TestQueue_ConcurrentAdd3447811077/002/concurrent_86.txt","time":"2025-08-13T20:22:53-07:00","message":"deletion queue: deleted file"}
{"level":"debug","filepath":"/var/folders/w5/nl65sjbn1ssb99yw7_w9y85w0000gn/T/TestQueue_ConcurrentAdd3447811077/002/concurrent_19.txt","time":"2025-08-13T20:22:53-07:00","message":"deletion queue: deleted file"}
{"level":"info","successful":10,"failed":0,"duration":9.524375,"time":"2025-08-13T20:22:53-07:00","message":"deletion queue: processed batch"}
{"level":"debug","filepath":"/var/folders/w5/nl65sjbn1ssb99yw7_w9y85w0000gn/T/TestQueue_ConcurrentAdd3447811077/002/concurrent_67.txt","time":"2025-08-13T20:22:53-07:00","message":"deletion queue: deleted file"}
{"level":"debug","filepath":"/var/folders/w5/nl65sjbn1ssb99yw7_w9y85w0000gn/T/TestQueue_ConcurrentAdd3447811077/002/concurrent_84.txt","time":"2025-08-13T20:22:53-07:00","message":"deletion queue: deleted file"}
{"level":"debug","filepath":"/var/folders/w5/nl65sjbn1ssb99yw7_w9y85w0000gn/T/TestQueue_ConcurrentAdd3447811077/002/concurrent_8.txt","time":"2025-08-13T20:22:53-07:00","message":"deletion queue: deleted file"}
{"level":"debug","filepath":"/var/folders/w5/nl65sjbn1ssb99yw7_w9y85w0000gn/T/TestQueue_ConcurrentAdd3447811077/002/concurrent_91.txt","time":"2025-08-13T20:22:53-07:00","message":"deletion queue: deleted file"}
{"level":"debug","filepath":"/var/folders/w5/nl65sjbn1ssb99yw7_w9y85w0000gn/T/TestQueue_ConcurrentAdd3447811077/002/concurrent_33.txt","time":"2025-08-13T20:22:53-07:00","message":"deletion queue: deleted file"}
{"level":"debug","filepath":"/var/folders/w5/nl65sjbn1ssb99yw7_w9y85w0000gn/T/TestQueue_ConcurrentAdd3447811077/002/concurrent_23.txt","time":"2025-08-13T20:22:53-07:00","message":"deletion queue: deleted file"}
{"level":"debug","filepath":"/var/folders/w5/nl65sjbn1ssb99yw7_w9y85w0000gn/T/TestQueue_ConcurrentAdd3447811077/002/concurrent_43.txt","time":"2025-08-13T20:22:53-07:00","message":"deletion queue: deleted file"}
{"level":"debug","filepath":"/var/folders/w5/nl65sjbn1ssb99yw7_w9y85w0000gn/T/TestQueue_ConcurrentAdd3447811077/002/concurrent_55.txt","time":"2025-08-13T20:22:53-07:00","message":"deletion queue: deleted file"}
{"level":"debug","filepath":"/var/folders/w5/nl65sjbn1ssb99yw7_w9y85w0000gn/T/TestQueue_ConcurrentAdd3447811077/002/concurrent_97.txt","time":"2025-08-13T20:22:53-07:00","message":"deletion queue: deleted file"}
{"level":"debug","filepath":"/var/folders/w5/nl65sjbn1ssb99yw7_w9y85w0000gn/T/TestQueue_ConcurrentAdd3447811077/002/concurrent_17.txt","time":"2025-08-13T20:22:53-07:00","message":"deletion queue: deleted file"}
{"level":"info","successful":10,"failed":0,"duration":12.868042,"time":"2025-08-13T20:22:53-07:00","message":"deletion queue: processed batch"}
{"level":"debug","filepath":"/var/folders/w5/nl65sjbn1ssb99yw7_w9y85w0000gn/T/TestQueue_ConcurrentAdd3447811077/002/concurrent_54.txt","time":"2025-08-13T20:22:53-07:00","message":"deletion queue: deleted file"}
{"level":"debug","filepath":"/var/folders/w5/nl65sjbn1ssb99yw7_w9y85w0000gn/T/TestQueue_ConcurrentAdd3447811077/002/concurrent_94.txt","time":"2025-08-13T20:22:53-07:00","message":"deletion queue: deleted file"}
{"level":"debug","filepath":"/var/folders/w5/nl65sjbn1ssb99yw7_w9y85w0000gn/T/TestQueue_ConcurrentAdd3447811077/002/concurrent_34.txt","time":"2025-08-13T20:22:53-07:00","message":"deletion queue: deleted file"}
{"level":"debug","filepath":"/var/folders/w5/nl65sjbn1ssb99yw7_w9y85w0000gn/T/TestQueue_ConcurrentAdd3447811077/002/concurrent_41.txt","time":"2025-08-13T20:22:53-07:00","message":"deletion queue: deleted file"}
{"level":"debug","filepath":"/var/folders/w5/nl65sjbn1ssb99yw7_w9y85w0000gn/T/TestQueue_ConcurrentAdd3447811077/002/concurrent_22.txt","time":"2025-08-13T20:22:53-07:00","message":"deletion queue: deleted file"}
{"level":"debug","filepath":"/var/folders/w5/nl65sjbn1ssb99yw7_w9y85w0000gn/T/TestQueue_ConcurrentAdd3447811077/002/concurrent_83.txt","time":"2025-08-13T20:22:53-07:00","message":"deletion queue: deleted file"}
{"level":"debug","filepath":"/var/folders/w5/nl65sjbn1ssb99yw7_w9y85w0000gn/T/TestQueue_ConcurrentAdd3447811077/002/concurrent_40.txt","time":"2025-08-13T20:22:53-07:00","message":"deletion queue: deleted file"}
{"level":"debug","filepath":"/var/folders/w5/nl65sjbn1ssb99yw7_w9y85w0000gn/T/TestQueue_ConcurrentAdd3447811077/002/concurrent_81.txt","time":"2025-08-13T20:22:53-07:00","message":"deletion queue: deleted file"}
{"level":"debug","filepath":"/var/folders/w5/nl65sjbn1ssb99yw7_w9y85w0000gn/T/TestQueue_ConcurrentAdd3447811077/002/concurrent_6.txt","time":"2025-08-13T20:22:53-07:00","message":"deletion queue: deleted file"}
{"level":"debug","filepath":"/var/folders/w5/nl65sjbn1ssb99yw7_w9y85w0000gn/T/TestQueue_ConcurrentAdd3447811077/002/concurrent_49.txt","time":"2025-08-13T20:22:53-07:00","message":"deletion queue: deleted file"}
{"level":"info","successful":10,"failed":0,"duration":9.277792,"time":"2025-08-13T20:22:53-07:00","message":"deletion queue: processed batch"}
{"level":"debug","filepath":"/var/folders/w5/nl65sjbn1ssb99yw7_w9y85w0000gn/T/TestQueue_ConcurrentAdd3447811077/002/concurrent_89.txt","time":"2025-08-13T20:22:53-07:00","message":"deletion queue: deleted file"}
{"level":"debug","filepath":"/var/folders/w5/nl65sjbn1ssb99yw7_w9y85w0000gn/T/TestQueue_ConcurrentAdd3447811077/002/concurrent_32.txt","time":"2025-08-13T20:22:53-07:00","message":"deletion queue: deleted file"}
{"level":"debug","filepath":"/var/folders/w5/nl65sjbn1ssb99yw7_w9y85w0000gn/T/TestQueue_ConcurrentAdd3447811077/002/concurrent_13.txt","time":"2025-08-13T20:22:53-07:00","message":"deletion queue: deleted file"}
{"level":"debug","filepath":"/var/folders/w5/nl65sjbn1ssb99yw7_w9y85w0000gn/T/TestQueue_ConcurrentAdd3447811077/002/concurrent_68.txt","time":"2025-08-13T20:22:53-07:00","message":"deletion queue: deleted file"}
{"level":"debug","filepath":"/var/folders/w5/nl65sjbn1ssb99yw7_w9y85w0000gn/T/TestQueue_ConcurrentAdd3447811077/002/concurrent_98.txt","time":"2025-08-13T20:22:53-07:00","message":"deletion queue: deleted file"}
{"level":"debug","filepath":"/var/folders/w5/nl65sjbn1ssb99yw7_w9y85w0000gn/T/TestQueue_ConcurrentAdd3447811077/002/concurrent_18.txt","time":"2025-08-13T20:22:53-07:00","message":"deletion queue: deleted file"}
{"level":"debug","filepath":"/var/folders/w5/nl65sjbn1ssb99yw7_w9y85w0000gn/T/TestQueue_ConcurrentAdd3447811077/002/concurrent_37.txt","time":"2025-08-13T20:22:53-07:00","message":"deletion queue: deleted file"}
{"level":"debug","filepath":"/var/folders/w5/nl65sjbn1ssb99yw7_w9y85w0000gn/T/TestQueue_ConcurrentAdd3447811077/002/concurrent_12.txt","time":"2025-08-13T20:22:53-07:00","message":"deletion queue: deleted file"}
{"level":"debug","filepath":"/var/folders/w5/nl65sjbn1ssb99yw7_w9y85w0000gn/T/TestQueue_ConcurrentAdd3447811077/002/concurrent_21.txt","time":"2025-08-13T20:22:53-07:00","message":"deletion queue: deleted file"}
{"level":"debug","filepath":"/var/folders/w5/nl65sjbn1ssb99yw7_w9y85w0000gn/T/TestQueue_ConcurrentAdd3447811077/002/concurrent_74.txt","time":"2025-08-13T20:22:53-07:00","message":"deletion queue: deleted file"}
{"level":"info","successful":10,"failed":0,"duration":8.668583,"time":"2025-08-13T20:22:53-07:00","message":"deletion queue: processed batch"}
{"level":"debug","filepath":"/var/folders/w5/nl65sjbn1ssb99yw7_w9y85w0000gn/T/TestQueue_ConcurrentAdd3447811077/002/concurrent_11.txt","time":"2025-08-13T20:22:53-07:00","message":"deletion queue: deleted file"}
{"level":"debug","filepath":"/var/folders/w5/nl65sjbn1ssb99yw7_w9y85w0000gn/T/TestQueue_ConcurrentAdd3447811077/002/concurrent_14.txt","time":"2025-08-13T20:22:53-07:00","message":"deletion queue: deleted file"}
{"level":"debug","filepath":"/var/folders/w5/nl65sjbn1ssb99yw7_w9y85w0000gn/T/TestQueue_ConcurrentAdd3447811077/002/concurrent_39.txt","time":"2025-08-13T20:22:53-07:00","message":"deletion queue: deleted file"}
{"level":"debug","filepath":"/var/folders/w5/nl65sjbn1ssb99yw7_w9y85w0000gn/T/TestQueue_ConcurrentAdd3447811077/002/concurrent_96.txt","time":"2025-08-13T20:22:53-07:00","message":"deletion queue: deleted file"}
{"level":"debug","filepath":"/var/folders/w5/nl65sjbn1ssb99yw7_w9y85w0000gn/T/TestQueue_ConcurrentAdd3447811077/002/concurrent_57.txt","time":"2025-08-13T20:22:53-07:00","message":"deletion queue: deleted file"}
{"level":"debug","filepath":"/var/folders/w5/nl65sjbn1ssb99yw7_w9y85w0000gn/T/TestQueue_ConcurrentAdd3447811077/002/concurrent_69.txt","time":"2025-08-13T20:22:53-07:00","message":"deletion queue: deleted file"}
{"level":"debug","filepath":"/var/folders/w5/nl65sjbn1ssb99yw7_w9y85w0000gn/T/TestQueue_ConcurrentAdd3447811077/002/concurrent_26.txt","time":"2025-08-13T20:22:53-07:00","message":"deletion queue: deleted file"}
{"level":"debug","filepath":"/var/folders/w5/nl65sjbn1ssb99yw7_w9y85w0000gn/T/TestQueue_ConcurrentAdd3447811077/002/concurrent_47.txt","time":"2025-08-13T20:22:53-07:00","message":"deletion queue: deleted file"}
{"level":"debug","filepath":"/var/folders/w5/nl65sjbn1ssb99yw7_w9y85w0000gn/T/TestQueue_ConcurrentAdd3447811077/002/concurrent_42.txt","time":"2025-08-13T20:22:53-07:00","message":"deletion queue: deleted file"}
{"level":"debug","filepath":"/var/folders/w5/nl65sjbn1ssb99yw7_w9y85w0000gn/T/TestQueue_ConcurrentAdd3447811077/002/concurrent_85.txt","time":"2025-08-13T20:22:53-07:00","message":"deletion queue: deleted file"}
{"level":"info","successful":10,"failed":0,"duration":4.849625,"time":"2025-08-13T20:22:53-07:00","message":"deletion queue: processed batch"}
{"level":"info","time":"2025-08-13T20:22:53-07:00","message":"deletion queue: stopping"}
{"level":"info","processed":100,"failed":0,"pruned":0,"time":"2025-08-13T20:22:53-07:00","message":"deletion queue: stopped"}
{"level":"info","time":"2025-08-13T20:22:53-07:00","message":"closing metadata DB"}
{"level":"info","time":"2025-08-13T20:22:53-07:00","message":"metadata DB closed"}
--- PASS: TestQueue_ConcurrentAdd (0.25s)
=== RUN   TestQueue_BackgroundProcessing
{"level":"info","diskPath":"/var/folders/w5/nl65sjbn1ssb99yw7_w9y85w0000gn/T/TestQueue_BackgroundProcessing1031462684/001","ttl":0,"time":"2025-08-13T20:22:53-07:00","message":"creating metadata DB"}
{"level":"info","time":"2025-08-13T20:22:53-07:00","message":"metadata DB created"}
{"level":"info","batch_size":10,"interval":100,"prune_age":3600000,"time":"2025-08-13T20:22:53-07:00","message":"deletion queue: started"}
{"level":"debug","filepath":"/var/folders/w5/nl65sjbn1ssb99yw7_w9y85w0000gn/T/TestQueue_BackgroundProcessing1031462684/002/background.txt","time":"2025-08-13T20:22:53-07:00","message":"deletion queue: added entry"}
{"level":"debug","filepath":"/var/folders/w5/nl65sjbn1ssb99yw7_w9y85w0000gn/T/TestQueue_BackgroundProcessing1031462684/002/background.txt","time":"2025-08-13T20:22:53-07:00","message":"deletion queue: deleted file"}
{"level":"info","successful":1,"failed":0,"duration":3.750208,"time":"2025-08-13T20:22:53-07:00","message":"deletion queue: processed batch"}
{"level":"info","time":"2025-08-13T20:22:53-07:00","message":"deletion queue: stopping"}
{"level":"info","processed":1,"failed":0,"pruned":0,"time":"2025-08-13T20:22:53-07:00","message":"deletion queue: stopped"}
{"level":"info","time":"2025-08-13T20:22:53-07:00","message":"closing metadata DB"}
{"level":"info","time":"2025-08-13T20:22:53-07:00","message":"metadata DB closed"}
--- PASS: TestQueue_BackgroundProcessing (0.28s)
=== RUN   TestQueue_LockedFile
{"level":"info","diskPath":"/var/folders/w5/nl65sjbn1ssb99yw7_w9y85w0000gn/T/TestQueue_LockedFile940776952/001","ttl":0,"time":"2025-08-13T20:22:53-07:00","message":"creating metadata DB"}
{"level":"info","time":"2025-08-13T20:22:53-07:00","message":"metadata DB created"}
{"level":"debug","filepath":"/var/folders/w5/nl65sjbn1ssb99yw7_w9y85w0000gn/T/TestQueue_LockedFile940776952/002/locked.txt","time":"2025-08-13T20:22:53-07:00","message":"deletion queue: added entry"}
{"level":"debug","filepath":"/var/folders/w5/nl65sjbn1ssb99yw7_w9y85w0000gn/T/TestQueue_LockedFile940776952/002/locked.txt","time":"2025-08-13T20:22:53-07:00","message":"deletion queue: deleted file"}
{"level":"info","successful":1,"failed":0,"duration":0.316125,"time":"2025-08-13T20:22:53-07:00","message":"deletion queue: processed batch"}
    queue_test.go:204: 
        	Error Trace:	/Users/ovaistariq/code/go/src/github.com/tigrisdata/ocache/.conductor/wellington/server/storage/deletion/queue_test.go:204
        	Error:      	Received unexpected error:
        	            	stat /var/folders/w5/nl65sjbn1ssb99yw7_w9y85w0000gn/T/TestQueue_LockedFile940776952/002/locked.txt: no such file or directory
        	Test:       	TestQueue_LockedFile
        	Messages:   	file should still exist
{"level":"info","time":"2025-08-13T20:22:53-07:00","message":"deletion queue: stopping"}
{"level":"info","processed":1,"failed":0,"pruned":0,"time":"2025-08-13T20:22:53-07:00","message":"deletion queue: stopped"}
{"level":"info","time":"2025-08-13T20:22:53-07:00","message":"closing metadata DB"}
{"level":"info","time":"2025-08-13T20:22:53-07:00","message":"metadata DB closed"}
--- FAIL: TestQueue_LockedFile (0.13s)
=== RUN   TestQueue_PruneOldEntries
{"level":"info","diskPath":"/var/folders/w5/nl65sjbn1ssb99yw7_w9y85w0000gn/T/TestQueue_PruneOldEntries1826899269/001","ttl":0,"time":"2025-08-13T20:22:53-07:00","message":"creating metadata DB"}
{"level":"info","time":"2025-08-13T20:22:54-07:00","message":"metadata DB created"}
{"level":"debug","filepath":"/old/entry/that/wont/delete.txt","time":"2025-08-13T20:22:54-07:00","message":"deletion queue: added entry"}
{"level":"warn","filepath":"/old/entry/that/wont/delete.txt","age":154.467,"time":"2025-08-13T20:22:54-07:00","message":"deletion queue: pruning old entry"}
{"level":"info","pruned":1,"duration":0.1665,"time":"2025-08-13T20:22:54-07:00","message":"deletion queue: pruned old entries"}
{"level":"info","time":"2025-08-13T20:22:54-07:00","message":"deletion queue: stopping"}
{"level":"info","processed":0,"failed":0,"pruned":1,"time":"2025-08-13T20:22:54-07:00","message":"deletion queue: stopped"}
{"level":"info","time":"2025-08-13T20:22:54-07:00","message":"closing metadata DB"}
{"level":"info","time":"2025-08-13T20:22:54-07:00","message":"metadata DB closed"}
--- PASS: TestQueue_PruneOldEntries (0.25s)
=== RUN   TestQueue_GetQueueDepth
{"level":"info","diskPath":"/var/folders/w5/nl65sjbn1ssb99yw7_w9y85w0000gn/T/TestQueue_GetQueueDepth530828542/001","ttl":0,"time":"2025-08-13T20:22:54-07:00","message":"creating metadata DB"}
{"level":"info","time":"2025-08-13T20:22:54-07:00","message":"metadata DB created"}
{"level":"debug","filepath":"/test/file0.txt","time":"2025-08-13T20:22:54-07:00","message":"deletion queue: added entry"}
{"level":"debug","filepath":"/test/file1.txt","time":"2025-08-13T20:22:54-07:00","message":"deletion queue: added entry"}
{"level":"debug","filepath":"/test/file2.txt","time":"2025-08-13T20:22:54-07:00","message":"deletion queue: added entry"}
{"level":"debug","filepath":"/test/file3.txt","time":"2025-08-13T20:22:54-07:00","message":"deletion queue: added entry"}
{"level":"debug","filepath":"/test/file4.txt","time":"2025-08-13T20:22:54-07:00","message":"deletion queue: added entry"}
{"level":"debug","filepath":"/test/file0.txt","time":"2025-08-13T20:22:54-07:00","message":"deletion queue: file already deleted"}
{"level":"debug","filepath":"/test/file1.txt","time":"2025-08-13T20:22:54-07:00","message":"deletion queue: file already deleted"}
{"level":"debug","filepath":"/test/file2.txt","time":"2025-08-13T20:22:54-07:00","message":"deletion queue: file already deleted"}
{"level":"debug","filepath":"/test/file3.txt","time":"2025-08-13T20:22:54-07:00","message":"deletion queue: file already deleted"}
{"level":"debug","filepath":"/test/file4.txt","time":"2025-08-13T20:22:54-07:00","message":"deletion queue: file already deleted"}
{"level":"info","successful":5,"failed":0,"duration":0.048334,"time":"2025-08-13T20:22:54-07:00","message":"deletion queue: processed batch"}
{"level":"info","time":"2025-08-13T20:22:54-07:00","message":"deletion queue: stopping"}
{"level":"info","processed":5,"failed":0,"pruned":0,"time":"2025-08-13T20:22:54-07:00","message":"deletion queue: stopped"}
{"level":"info","time":"2025-08-13T20:22:54-07:00","message":"closing metadata DB"}
{"level":"info","time":"2025-08-13T20:22:54-07:00","message":"metadata DB closed"}
--- PASS: TestQueue_GetQueueDepth (0.05s)
=== RUN   TestQueue_ContextCancellation
{"level":"info","diskPath":"/var/folders/w5/nl65sjbn1ssb99yw7_w9y85w0000gn/T/TestQueue_ContextCancellation2290273974/001","ttl":0,"time":"2025-08-13T20:22:54-07:00","message":"creating metadata DB"}
{"level":"info","time":"2025-08-13T20:22:54-07:00","message":"metadata DB created"}
{"level":"info","batch_size":10,"interval":50,"prune_age":3600000,"time":"2025-08-13T20:22:54-07:00","message":"deletion queue: started"}
{"level":"debug","filepath":"/test/ctx_0.txt","time":"2025-08-13T20:22:54-07:00","message":"deletion queue: added entry"}
{"level":"debug","filepath":"/test/ctx_1.txt","time":"2025-08-13T20:22:54-07:00","message":"deletion queue: added entry"}
{"level":"debug","filepath":"/test/ctx_2.txt","time":"2025-08-13T20:22:54-07:00","message":"deletion queue: added entry"}
{"level":"info","time":"2025-08-13T20:22:54-07:00","message":"deletion queue: stopping"}
{"level":"info","processed":0,"failed":0,"pruned":0,"time":"2025-08-13T20:22:54-07:00","message":"deletion queue: stopped"}
{"level":"info","time":"2025-08-13T20:22:54-07:00","message":"closing metadata DB"}
{"level":"info","time":"2025-08-13T20:22:54-07:00","message":"metadata DB closed"}
--- PASS: TestQueue_ContextCancellation (0.05s)
=== RUN   TestQueue_KeyFunctions
    queue_test.go:315: 
        	Error Trace:	/Users/ovaistariq/code/go/src/github.com/tigrisdata/ocache/.conductor/wellington/server/storage/deletion/queue_test.go:315
        	Error:      	Not equal: 
        	            	expected: []byte{0x21, 0x64, 0x65, 0x6c, 0x2f, 0x31, 0x32, 0x33, 0x34, 0x35, 0x36, 0x37, 0x38, 0x39, 0x30, 0x31, 0x32, 0x33, 0x34, 0x35, 0x36, 0x37, 0x38, 0x39, 0x2f, 0x70, 0x61, 0x74, 0x68, 0x2f, 0x74, 0x6f, 0x2f, 0x66, 0x69, 0x6c, 0x65, 0x2e, 0x74, 0x78, 0x74}
        	            	actual  : []byte{0x21, 0x64, 0x65, 0x6c, 0x2f, 0x31, 0x32, 0x33, 0x34, 0x35, 0x36, 0x37, 0x38, 0x39, 0x30, 0x31, 0x32, 0x33, 0x34, 0x35, 0x36, 0x37, 0x38, 0x39, 0x2f, 0x2f, 0x70, 0x61, 0x74, 0x68, 0x2f, 0x74, 0x6f, 0x2f, 0x66, 0x69, 0x6c, 0x65, 0x2e, 0x74, 0x78, 0x74}
        	            	
        	            	Diff:
        	            	--- Expected
        	            	+++ Actual
        	            	@@ -1,5 +1,5 @@
        	            	-([]uint8) (len=41) {
        	            	+([]uint8) (len=42) {
        	            	  00000000  21 64 65 6c 2f 31 32 33  34 35 36 37 38 39 30 31  |!del/12345678901|
        	            	- 00000010  32 33 34 35 36 37 38 39  2f 70 61 74 68 2f 74 6f  |23456789/path/to|
        	            	- 00000020  2f 66 69 6c 65 2e 74 78  74                       |/file.txt|
        	            	+ 00000010  32 33 34 35 36 37 38 39  2f 2f 70 61 74 68 2f 74  |23456789//path/t|
        	            	+ 00000020  6f 2f 66 69 6c 65 2e 74  78 74                    |o/file.txt|
        	            	 }
        	Test:       	TestQueue_KeyFunctions
--- FAIL: TestQueue_KeyFunctions (0.00s)
FAIL
FAIL	github.com/tigrisdata/ocache/server/storage/deletion	2.187s
=== RUN   TestNewFdCache
--- PASS: TestNewFdCache (0.00s)
=== RUN   TestGetFdCache
--- PASS: TestGetFdCache (0.00s)
=== RUN   TestFileEntry
--- PASS: TestFileEntry (0.00s)
=== RUN   TestFdCache_Acquire
--- PASS: TestFdCache_Acquire (0.00s)
=== RUN   TestFdCache_AcquireNonExistent
{"level":"warn","path":"/nonexistent/file.txt","time":"2025-08-13T20:13:26-07:00","message":"fdCache: file not found"}
--- PASS: TestFdCache_AcquireNonExistent (0.00s)
=== RUN   TestFdCache_Release
--- PASS: TestFdCache_Release (0.00s)
=== RUN   TestFdCache_Remove
--- PASS: TestFdCache_Remove (0.00s)
=== RUN   TestFdCache_GetFileLock
--- PASS: TestFdCache_GetFileLock (0.00s)
=== RUN   TestFdCache_CleanUp
--- PASS: TestFdCache_CleanUp (0.00s)
=== RUN   TestFdCache_CapacityLimit
--- PASS: TestFdCache_CapacityLimit (0.00s)
=== RUN   TestFdCache_ConcurrentAccess
--- PASS: TestFdCache_ConcurrentAccess (0.00s)
=== RUN   TestFdCache_MultipleFiles
--- PASS: TestFdCache_MultipleFiles (0.00s)
=== RUN   TestFdCache_LoadOrStore
--- PASS: TestFdCache_LoadOrStore (0.00s)
=== RUN   TestFdCacheRaceCondition
--- PASS: TestFdCacheRaceCondition (0.04s)
=== RUN   TestFdCacheConcurrentAcquireSamePath
--- PASS: TestFdCacheConcurrentAcquireSamePath (0.00s)
=== RUN   TestFdCacheReleaseWhileAcquiring
--- PASS: TestFdCacheReleaseWhileAcquiring (0.01s)
=== RUN   TestFdCacheCapacityLimitExtended
--- PASS: TestFdCacheCapacityLimitExtended (0.00s)
=== RUN   TestFdCacheRemoveAndReacquire
--- PASS: TestFdCacheRemoveAndReacquire (0.00s)
=== RUN   TestFdCache_RaceConditionExtended
--- PASS: TestFdCache_RaceConditionExtended (0.00s)
=== RUN   TestFileLockManager_Singleton
--- PASS: TestFileLockManager_Singleton (0.00s)
=== RUN   TestFileLockManager_GetFileLock
--- PASS: TestFileLockManager_GetFileLock (0.00s)
=== RUN   TestFileLockManager_RemoveFileLock
--- PASS: TestFileLockManager_RemoveFileLock (0.00s)
=== RUN   TestFileLockManager_ConcurrentAccess
--- PASS: TestFileLockManager_ConcurrentAccess (0.00s)
PASS
ok  	github.com/tigrisdata/ocache/server/storage/fd	(cached)
=== RUN   TestNewFileManager
{"level":"info","filesPath":"/var/folders/w5/nl65sjbn1ssb99yw7_w9y85w0000gn/T/TestNewFileManager1644980144/001/files","time":"2025-08-13T20:22:52-07:00","message":"creating files manager"}
--- PASS: TestNewFileManager (0.01s)
=== RUN   TestNewFileManager_ExistingDirectory
{"level":"info","filesPath":"/var/folders/w5/nl65sjbn1ssb99yw7_w9y85w0000gn/T/TestNewFileManager_ExistingDirectory2004054840/001/files","time":"2025-08-13T20:22:52-07:00","message":"creating files manager"}
--- PASS: TestNewFileManager_ExistingDirectory (0.00s)
=== RUN   TestFileManager_Write
{"level":"info","filesPath":"/var/folders/w5/nl65sjbn1ssb99yw7_w9y85w0000gn/T/TestFileManager_Write23519360/001/files","time":"2025-08-13T20:22:52-07:00","message":"creating files manager"}
{"level":"debug","key":"test-key","path":"/var/folders/w5/nl65sjbn1ssb99yw7_w9y85w0000gn/T/TestFileManager_Write23519360/001/files/ae5de293-8b82-4b1b-b74b-2aa7e2098e22","bytes":17,"time":"2025-08-13T20:22:52-07:00","message":"fileManager: completed write"}
--- PASS: TestFileManager_Write (0.00s)
=== RUN   TestFileManager_WriteLargeFile
{"level":"info","filesPath":"/var/folders/w5/nl65sjbn1ssb99yw7_w9y85w0000gn/T/TestFileManager_WriteLargeFile1928188884/001/files","time":"2025-08-13T20:22:52-07:00","message":"creating files manager"}
{"level":"debug","key":"large-key","path":"/var/folders/w5/nl65sjbn1ssb99yw7_w9y85w0000gn/T/TestFileManager_WriteLargeFile1928188884/001/files/4f01ad02-52c1-46b3-bb18-916a3349188f","bytes":2097152,"time":"2025-08-13T20:22:52-07:00","message":"fileManager: completed write"}
--- PASS: TestFileManager_WriteLargeFile (0.01s)
=== RUN   TestFileManager_Read
{"level":"info","filesPath":"/var/folders/w5/nl65sjbn1ssb99yw7_w9y85w0000gn/T/TestFileManager_Read1527259552/001/files","time":"2025-08-13T20:22:52-07:00","message":"creating files manager"}
{"level":"debug","key":"read-test","path":"/var/folders/w5/nl65sjbn1ssb99yw7_w9y85w0000gn/T/TestFileManager_Read1527259552/001/files/58fa5037-f719-4e64-8a09-a832f2465c7e","bytes":17,"time":"2025-08-13T20:22:52-07:00","message":"fileManager: completed write"}
--- PASS: TestFileManager_Read (0.01s)
=== RUN   TestFileManager_ReadInvalidPath
{"level":"info","filesPath":"/var/folders/w5/nl65sjbn1ssb99yw7_w9y85w0000gn/T/TestFileManager_ReadInvalidPath3580461374/001/files","time":"2025-08-13T20:22:52-07:00","message":"creating files manager"}
--- PASS: TestFileManager_ReadInvalidPath (0.00s)
=== RUN   TestFileManager_ReadNonExistent
{"level":"info","filesPath":"/var/folders/w5/nl65sjbn1ssb99yw7_w9y85w0000gn/T/TestFileManager_ReadNonExistent1195483742/001/files","time":"2025-08-13T20:22:52-07:00","message":"creating files manager"}
{"level":"warn","path":"/nonexistent/file.txt","time":"2025-08-13T20:22:52-07:00","message":"fdCache: file not found"}
--- PASS: TestFileManager_ReadNonExistent (0.01s)
=== RUN   TestFileManager_Remove
{"level":"info","filesPath":"/var/folders/w5/nl65sjbn1ssb99yw7_w9y85w0000gn/T/TestFileManager_Remove4023872686/001/files","time":"2025-08-13T20:22:52-07:00","message":"creating files manager"}
{"level":"debug","key":"remove-test","path":"/var/folders/w5/nl65sjbn1ssb99yw7_w9y85w0000gn/T/TestFileManager_Remove4023872686/001/files/6e42142b-8346-49e9-942e-80d773d40b3c","bytes":19,"time":"2025-08-13T20:22:52-07:00","message":"fileManager: completed write"}
{"level":"debug","path":"/var/folders/w5/nl65sjbn1ssb99yw7_w9y85w0000gn/T/TestFileManager_Remove4023872686/001/files/6e42142b-8346-49e9-942e-80d773d40b3c","time":"2025-08-13T20:22:52-07:00","message":"fileManager: deleted file"}
--- PASS: TestFileManager_Remove (0.01s)
=== RUN   TestFileManager_RemoveNonExistent
{"level":"info","filesPath":"/var/folders/w5/nl65sjbn1ssb99yw7_w9y85w0000gn/T/TestFileManager_RemoveNonExistent190313235/001/files","time":"2025-08-13T20:22:52-07:00","message":"creating files manager"}
{"level":"debug","path":"/nonexistent/file.txt","time":"2025-08-13T20:22:52-07:00","message":"fileManager: file already deleted"}
{"level":"debug","path":"/nonexistent/file.txt","time":"2025-08-13T20:22:52-07:00","message":"fileManager: deleted file"}
--- PASS: TestFileManager_RemoveNonExistent (0.01s)
=== RUN   TestFileManager_ConcurrentWrites
{"level":"info","filesPath":"/var/folders/w5/nl65sjbn1ssb99yw7_w9y85w0000gn/T/TestFileManager_ConcurrentWrites4174284189/001/files","time":"2025-08-13T20:22:52-07:00","message":"creating files manager"}
{"level":"debug","key":"concurrent-key","path":"/var/folders/w5/nl65sjbn1ssb99yw7_w9y85w0000gn/T/TestFileManager_ConcurrentWrites4174284189/001/files/72472cb9-a48a-45b7-be2a-832fb6da31fb","bytes":3,"time":"2025-08-13T20:22:52-07:00","message":"fileManager: completed write"}
{"level":"debug","key":"concurrent-key","path":"/var/folders/w5/nl65sjbn1ssb99yw7_w9y85w0000gn/T/TestFileManager_ConcurrentWrites4174284189/001/files/15ce6521-dc9e-49f8-9fe6-1dd9afe31916","bytes":10,"time":"2025-08-13T20:22:52-07:00","message":"fileManager: completed write"}
{"level":"debug","key":"concurrent-key","path":"/var/folders/w5/nl65sjbn1ssb99yw7_w9y85w0000gn/T/TestFileManager_ConcurrentWrites4174284189/001/files/bd52a496-6a9e-406e-a8f5-c851b74ad323","bytes":2,"time":"2025-08-13T20:22:52-07:00","message":"fileManager: completed write"}
{"level":"debug","key":"concurrent-key","path":"/var/folders/w5/nl65sjbn1ssb99yw7_w9y85w0000gn/T/TestFileManager_ConcurrentWrites4174284189/001/files/f37a08a5-9c8d-4b28-9b76-1c576b2c01e4","bytes":5,"time":"2025-08-13T20:22:52-07:00","message":"fileManager: completed write"}
{"level":"debug","key":"concurrent-key","path":"/var/folders/w5/nl65sjbn1ssb99yw7_w9y85w0000gn/T/TestFileManager_ConcurrentWrites4174284189/001/files/8e035f70-d854-479d-aeb3-3d49a044424c","bytes":8,"time":"2025-08-13T20:22:52-07:00","message":"fileManager: completed write"}
{"level":"debug","key":"concurrent-key","path":"/var/folders/w5/nl65sjbn1ssb99yw7_w9y85w0000gn/T/TestFileManager_ConcurrentWrites4174284189/001/files/44f42368-620f-42f6-ac2e-ebfe187f0acc","bytes":9,"time":"2025-08-13T20:22:52-07:00","message":"fileManager: completed write"}
{"level":"debug","key":"concurrent-key","path":"/var/folders/w5/nl65sjbn1ssb99yw7_w9y85w0000gn/T/TestFileManager_ConcurrentWrites4174284189/001/files/bfebbfb2-9a12-40cf-9169-465a0d2bb205","bytes":4,"time":"2025-08-13T20:22:52-07:00","message":"fileManager: completed write"}
{"level":"debug","key":"concurrent-key","path":"/var/folders/w5/nl65sjbn1ssb99yw7_w9y85w0000gn/T/TestFileManager_ConcurrentWrites4174284189/001/files/34a4a3b5-5e69-4b9b-b535-683a58de77de","bytes":7,"time":"2025-08-13T20:22:52-07:00","message":"fileManager: completed write"}
{"level":"debug","key":"concurrent-key","path":"/var/folders/w5/nl65sjbn1ssb99yw7_w9y85w0000gn/T/TestFileManager_ConcurrentWrites4174284189/001/files/bd34197e-7083-466b-8fd8-4aabbb71d942","bytes":1,"time":"2025-08-13T20:22:52-07:00","message":"fileManager: completed write"}
{"level":"debug","key":"concurrent-key","path":"/var/folders/w5/nl65sjbn1ssb99yw7_w9y85w0000gn/T/TestFileManager_ConcurrentWrites4174284189/001/files/097602aa-977d-46b1-9757-2a2e8d063457","bytes":6,"time":"2025-08-13T20:22:52-07:00","message":"fileManager: completed write"}
--- PASS: TestFileManager_ConcurrentWrites (0.00s)
=== RUN   TestFileManager_ConcurrentReadsOfSameFile
{"level":"info","filesPath":"/var/folders/w5/nl65sjbn1ssb99yw7_w9y85w0000gn/T/TestFileManager_ConcurrentReadsOfSameFile206003634/001/files","time":"2025-08-13T20:22:52-07:00","message":"creating files manager"}
{"level":"debug","key":"shared-file","path":"/var/folders/w5/nl65sjbn1ssb99yw7_w9y85w0000gn/T/TestFileManager_ConcurrentReadsOfSameFile206003634/001/files/b0a82844-ade8-4c57-ba98-1c0553470399","bytes":35,"time":"2025-08-13T20:22:52-07:00","message":"fileManager: completed write"}
--- PASS: TestFileManager_ConcurrentReadsOfSameFile (0.02s)
=== RUN   TestFileManager_ConcurrentOperations
{"level":"info","filesPath":"/var/folders/w5/nl65sjbn1ssb99yw7_w9y85w0000gn/T/TestFileManager_ConcurrentOperations2529994985/001/files","time":"2025-08-13T20:22:52-07:00","message":"creating files manager"}
{"level":"debug","key":"file-9","path":"/var/folders/w5/nl65sjbn1ssb99yw7_w9y85w0000gn/T/TestFileManager_ConcurrentOperations2529994985/001/files/ee846c43-b510-4127-9f5a-96ed7f244582","bytes":18,"time":"2025-08-13T20:22:52-07:00","message":"fileManager: completed write"}
{"level":"debug","key":"file-0","path":"/var/folders/w5/nl65sjbn1ssb99yw7_w9y85w0000gn/T/TestFileManager_ConcurrentOperations2529994985/001/files/9a746e2f-0e18-4ca1-aa9d-ea34a1c3d129","bytes":18,"time":"2025-08-13T20:22:52-07:00","message":"fileManager: completed write"}
{"level":"debug","key":"file-6","path":"/var/folders/w5/nl65sjbn1ssb99yw7_w9y85w0000gn/T/TestFileManager_ConcurrentOperations2529994985/001/files/876f519c-3b42-4947-b323-07fb14f730ae","bytes":18,"time":"2025-08-13T20:22:52-07:00","message":"fileManager: completed write"}
{"level":"debug","key":"file-2","path":"/var/folders/w5/nl65sjbn1ssb99yw7_w9y85w0000gn/T/TestFileManager_ConcurrentOperations2529994985/001/files/d4775603-a481-4adb-bfba-480426648ed4","bytes":18,"time":"2025-08-13T20:22:52-07:00","message":"fileManager: completed write"}
{"level":"debug","key":"file-1","path":"/var/folders/w5/nl65sjbn1ssb99yw7_w9y85w0000gn/T/TestFileManager_ConcurrentOperations2529994985/001/files/dc769095-1bad-467c-bb7e-bf2d69c8b764","bytes":18,"time":"2025-08-13T20:22:52-07:00","message":"fileManager: completed write"}
{"level":"debug","key":"file-3","path":"/var/folders/w5/nl65sjbn1ssb99yw7_w9y85w0000gn/T/TestFileManager_ConcurrentOperations2529994985/001/files/ee7b09e3-69c2-4e79-b5d4-6a3e73baeafa","bytes":18,"time":"2025-08-13T20:22:52-07:00","message":"fileManager: completed write"}
{"level":"debug","key":"file-4","path":"/var/folders/w5/nl65sjbn1ssb99yw7_w9y85w0000gn/T/TestFileManager_ConcurrentOperations2529994985/001/files/4e01c486-92bb-47fe-a9e4-73f1faaf8df7","bytes":18,"time":"2025-08-13T20:22:52-07:00","message":"fileManager: completed write"}
{"level":"debug","key":"file-7","path":"/var/folders/w5/nl65sjbn1ssb99yw7_w9y85w0000gn/T/TestFileManager_ConcurrentOperations2529994985/001/files/32b47031-09db-4462-92f0-d8004585fbaf","bytes":18,"time":"2025-08-13T20:22:52-07:00","message":"fileManager: completed write"}
{"level":"debug","key":"file-5","path":"/var/folders/w5/nl65sjbn1ssb99yw7_w9y85w0000gn/T/TestFileManager_ConcurrentOperations2529994985/001/files/080e4e13-ff9a-40b1-b906-0800af9f4701","bytes":18,"time":"2025-08-13T20:22:52-07:00","message":"fileManager: completed write"}
{"level":"debug","key":"file-8","path":"/var/folders/w5/nl65sjbn1ssb99yw7_w9y85w0000gn/T/TestFileManager_ConcurrentOperations2529994985/001/files/4ace1722-b90e-4a04-8ad4-c672e94651a9","bytes":18,"time":"2025-08-13T20:22:52-07:00","message":"fileManager: completed write"}
--- PASS: TestFileManager_ConcurrentOperations (0.03s)
=== RUN   TestFileReadCloser
--- PASS: TestFileReadCloser (0.00s)
=== RUN   TestFileReadCloser_NilCallback
--- PASS: TestFileReadCloser_NilCallback (0.00s)
=== RUN   TestFileManager_WriteReadRemoveFlow
{"level":"info","filesPath":"/var/folders/w5/nl65sjbn1ssb99yw7_w9y85w0000gn/T/TestFileManager_WriteReadRemoveFlow3386060784/001/files","time":"2025-08-13T20:22:52-07:00","message":"creating files manager"}
{"level":"debug","key":"flow-test","path":"/var/folders/w5/nl65sjbn1ssb99yw7_w9y85w0000gn/T/TestFileManager_WriteReadRemoveFlow3386060784/001/files/74c2878a-bf36-44a7-8ad6-99efa92c1d4c","bytes":26,"time":"2025-08-13T20:22:52-07:00","message":"fileManager: completed write"}
{"level":"debug","key":"flow-test","path":"/var/folders/w5/nl65sjbn1ssb99yw7_w9y85w0000gn/T/TestFileManager_WriteReadRemoveFlow3386060784/001/files/d74a0ffd-c175-4b9e-9a0f-e4dcbfcbdbec","bytes":26,"time":"2025-08-13T20:22:52-07:00","message":"fileManager: completed write"}
{"level":"debug","path":"/var/folders/w5/nl65sjbn1ssb99yw7_w9y85w0000gn/T/TestFileManager_WriteReadRemoveFlow3386060784/001/files/74c2878a-bf36-44a7-8ad6-99efa92c1d4c","time":"2025-08-13T20:22:52-07:00","message":"fileManager: deleted file"}
{"level":"debug","path":"/var/folders/w5/nl65sjbn1ssb99yw7_w9y85w0000gn/T/TestFileManager_WriteReadRemoveFlow3386060784/001/files/d74a0ffd-c175-4b9e-9a0f-e4dcbfcbdbec","time":"2025-08-13T20:22:52-07:00","message":"fileManager: deleted file"}
--- PASS: TestFileManager_WriteReadRemoveFlow (0.01s)
=== RUN   TestMonitorRemovesAgedEntries
{"level":"info","diskPath":"/var/folders/w5/nl65sjbn1ssb99yw7_w9y85w0000gn/T/recovery_test3893175","ttl":0,"time":"2025-08-13T20:22:52-07:00","message":"creating metadata DB"}
{"level":"info","time":"2025-08-13T20:22:52-07:00","message":"metadata DB created"}
{"level":"debug","filepath":"/var/folders/w5/nl65sjbn1ssb99yw7_w9y85w0000gn/T/recovery_test3893175/files/aged.dat","age":65003.899,"time":"2025-08-13T20:22:52-07:00","message":"files.monitor: file synced by kernel"}
{"level":"info","checked":1,"synced":1,"stale":0,"corrupted":0,"pending":0,"files_queued":0,"errors":0,"duration":4.276458,"time":"2025-08-13T20:22:52-07:00","message":"files.monitor: cleanup completed"}
{"level":"info","time":"2025-08-13T20:22:52-07:00","message":"closing metadata DB"}
{"level":"info","time":"2025-08-13T20:22:52-07:00","message":"metadata DB closed"}
--- PASS: TestMonitorRemovesAgedEntries (0.10s)
=== RUN   TestMonitorRemovesCorruptedFiles
{"level":"info","diskPath":"/var/folders/w5/nl65sjbn1ssb99yw7_w9y85w0000gn/T/recovery_test985459133","ttl":0,"time":"2025-08-13T20:22:52-07:00","message":"creating metadata DB"}
{"level":"info","time":"2025-08-13T20:22:52-07:00","message":"metadata DB created"}
{"level":"debug","filepath":"/var/folders/w5/nl65sjbn1ssb99yw7_w9y85w0000gn/T/recovery_test985459133/files/corrupted.dat","time":"2025-08-13T20:22:52-07:00","message":"deletion queue: added entry"}
{"level":"debug","filepath":"/var/folders/w5/nl65sjbn1ssb99yw7_w9y85w0000gn/T/recovery_test985459133/files/corrupted.dat","time":"2025-08-13T20:22:52-07:00","message":"files.monitor: queued orphaned file for deletion"}
{"level":"warn","filepath":"/var/folders/w5/nl65sjbn1ssb99yw7_w9y85w0000gn/T/recovery_test985459133/files/corrupted.dat","key":"!meta/corrupted-key","actualSize":9,"expectedSize":20,"time":"2025-08-13T20:22:52-07:00","message":"files.monitor: file corrupted (size mismatch)"}
{"level":"info","checked":1,"synced":0,"stale":0,"corrupted":1,"pending":0,"files_queued":1,"errors":0,"duration":0.124042,"time":"2025-08-13T20:22:52-07:00","message":"files.monitor: cleanup completed"}
    monitor_test.go:140: 
        	Error Trace:	/Users/ovaistariq/code/go/src/github.com/tigrisdata/ocache/.conductor/wellington/server/storage/files/monitor_test.go:140
        	Error:      	Should be true
        	Test:       	TestMonitorRemovesCorruptedFiles
        	Messages:   	Corrupted file should be deleted
{"level":"info","time":"2025-08-13T20:22:52-07:00","message":"closing metadata DB"}
{"level":"info","time":"2025-08-13T20:22:52-07:00","message":"metadata DB closed"}
--- FAIL: TestMonitorRemovesCorruptedFiles (0.12s)
=== RUN   TestMonitorRemovesStaleEntries
{"level":"info","diskPath":"/var/folders/w5/nl65sjbn1ssb99yw7_w9y85w0000gn/T/recovery_test96378150","ttl":0,"time":"2025-08-13T20:22:52-07:00","message":"creating metadata DB"}
{"level":"info","time":"2025-08-13T20:22:52-07:00","message":"metadata DB created"}
{"level":"debug","context":"files.monitor","key":"!meta/test-key","old_file":"/var/folders/w5/nl65sjbn1ssb99yw7_w9y85w0000gn/T/recovery_test96378150/files/old.dat","new_file":"/var/folders/w5/nl65sjbn1ssb99yw7_w9y85w0000gn/T/recovery_test96378150/files/new.dat","reason":"metadata updated","time":"2025-08-13T20:22:52-07:00","message":"stale entry"}
{"level":"debug","filepath":"/var/folders/w5/nl65sjbn1ssb99yw7_w9y85w0000gn/T/recovery_test96378150/files/old.dat","time":"2025-08-13T20:22:52-07:00","message":"deletion queue: added entry"}
{"level":"debug","filepath":"/var/folders/w5/nl65sjbn1ssb99yw7_w9y85w0000gn/T/recovery_test96378150/files/old.dat","time":"2025-08-13T20:22:52-07:00","message":"files.monitor: queued orphaned file for deletion"}
{"level":"info","checked":1,"synced":0,"stale":1,"corrupted":0,"pending":0,"files_queued":1,"errors":0,"duration":3.845333,"time":"2025-08-13T20:22:52-07:00","message":"files.monitor: cleanup completed"}
    monitor_test.go:200: 
        	Error Trace:	/Users/ovaistariq/code/go/src/github.com/tigrisdata/ocache/.conductor/wellington/server/storage/files/monitor_test.go:200
        	Error:      	Should be true
        	Test:       	TestMonitorRemovesStaleEntries
        	Messages:   	Orphaned file should be deleted
{"level":"info","time":"2025-08-13T20:22:52-07:00","message":"closing metadata DB"}
{"level":"info","time":"2025-08-13T20:22:52-07:00","message":"metadata DB closed"}
--- FAIL: TestMonitorRemovesStaleEntries (0.17s)
=== RUN   TestMonitorDeletesFileWhenMetadataDeleted
{"level":"info","diskPath":"/var/folders/w5/nl65sjbn1ssb99yw7_w9y85w0000gn/T/recovery_test2073677066","ttl":0,"time":"2025-08-13T20:22:53-07:00","message":"creating metadata DB"}
{"level":"info","time":"2025-08-13T20:22:53-07:00","message":"metadata DB created"}
{"level":"debug","filepath":"/var/folders/w5/nl65sjbn1ssb99yw7_w9y85w0000gn/T/recovery_test2073677066/files/deleted.dat","time":"2025-08-13T20:22:53-07:00","message":"deletion queue: added entry"}
{"level":"debug","filepath":"/var/folders/w5/nl65sjbn1ssb99yw7_w9y85w0000gn/T/recovery_test2073677066/files/deleted.dat","time":"2025-08-13T20:22:53-07:00","message":"files.monitor: queued orphaned file for deletion"}
{"level":"info","checked":1,"synced":0,"stale":1,"corrupted":0,"pending":0,"files_queued":1,"errors":0,"duration":3.661167,"time":"2025-08-13T20:22:53-07:00","message":"files.monitor: cleanup completed"}
    monitor_test.go:251: 
        	Error Trace:	/Users/ovaistariq/code/go/src/github.com/tigrisdata/ocache/.conductor/wellington/server/storage/files/monitor_test.go:251
        	Error:      	Should be true
        	Test:       	TestMonitorDeletesFileWhenMetadataDeleted
        	Messages:   	Orphaned file should be deleted when metadata is missing
{"level":"info","time":"2025-08-13T20:22:53-07:00","message":"closing metadata DB"}
{"level":"info","time":"2025-08-13T20:22:53-07:00","message":"metadata DB closed"}
--- FAIL: TestMonitorDeletesFileWhenMetadataDeleted (0.12s)
=== RUN   TestMonitorKeepsPendingEntries
{"level":"info","diskPath":"/var/folders/w5/nl65sjbn1ssb99yw7_w9y85w0000gn/T/recovery_test728423455","ttl":0,"time":"2025-08-13T20:22:53-07:00","message":"creating metadata DB"}
{"level":"info","time":"2025-08-13T20:22:53-07:00","message":"metadata DB created"}
{"level":"info","checked":1,"synced":0,"stale":0,"corrupted":0,"pending":1,"files_queued":0,"errors":0,"duration":0.049042,"time":"2025-08-13T20:22:53-07:00","message":"files.monitor: cleanup completed"}
{"level":"info","time":"2025-08-13T20:22:53-07:00","message":"closing metadata DB"}
{"level":"info","time":"2025-08-13T20:22:53-07:00","message":"metadata DB closed"}
--- PASS: TestMonitorKeepsPendingEntries (0.13s)
=== RUN   TestMonitorHandlesCompactedFiles
{"level":"info","diskPath":"/var/folders/w5/nl65sjbn1ssb99yw7_w9y85w0000gn/T/recovery_test2029882166","ttl":0,"time":"2025-08-13T20:22:53-07:00","message":"creating metadata DB"}
{"level":"info","time":"2025-08-13T20:22:53-07:00","message":"metadata DB created"}
{"level":"debug","context":"files.monitor","key":"!meta/compacted-key","file":"/var/folders/w5/nl65sjbn1ssb99yw7_w9y85w0000gn/T/recovery_test2029882166/files/compacted.dat","reason":"already compacted","time":"2025-08-13T20:22:53-07:00","message":"stale entry"}
{"level":"debug","filepath":"/var/folders/w5/nl65sjbn1ssb99yw7_w9y85w0000gn/T/recovery_test2029882166/files/compacted.dat","time":"2025-08-13T20:22:53-07:00","message":"deletion queue: added entry"}
{"level":"debug","filepath":"/var/folders/w5/nl65sjbn1ssb99yw7_w9y85w0000gn/T/recovery_test2029882166/files/compacted.dat","time":"2025-08-13T20:22:53-07:00","message":"files.monitor: queued orphaned file for deletion"}
{"level":"info","checked":1,"synced":0,"stale":1,"corrupted":0,"pending":0,"files_queued":1,"errors":0,"duration":0.075834,"time":"2025-08-13T20:22:53-07:00","message":"files.monitor: cleanup completed"}
{"level":"info","time":"2025-08-13T20:22:53-07:00","message":"closing metadata DB"}
{"level":"info","time":"2025-08-13T20:22:53-07:00","message":"metadata DB closed"}
--- PASS: TestMonitorHandlesCompactedFiles (0.11s)
=== RUN   TestMonitorConcurrentOperation
{"level":"info","diskPath":"/var/folders/w5/nl65sjbn1ssb99yw7_w9y85w0000gn/T/recovery_test1423746212","ttl":0,"time":"2025-08-13T20:22:53-07:00","message":"creating metadata DB"}
{"level":"info","time":"2025-08-13T20:22:53-07:00","message":"metadata DB created"}
{"level":"debug","filepath":"/var/folders/w5/nl65sjbn1ssb99yw7_w9y85w0000gn/T/recovery_test1423746212/files/file0.dat","age":70047.574,"time":"2025-08-13T20:22:53-07:00","message":"files.monitor: file synced by kernel"}
{"level":"debug","filepath":"/var/folders/w5/nl65sjbn1ssb99yw7_w9y85w0000gn/T/recovery_test1423746212/files/file2.dat","age":70047.149,"time":"2025-08-13T20:22:53-07:00","message":"files.monitor: file synced by kernel"}
{"level":"debug","filepath":"/var/folders/w5/nl65sjbn1ssb99yw7_w9y85w0000gn/T/recovery_test1423746212/files/file4.dat","age":70046.943,"time":"2025-08-13T20:22:53-07:00","message":"files.monitor: file synced by kernel"}
{"level":"debug","filepath":"/var/folders/w5/nl65sjbn1ssb99yw7_w9y85w0000gn/T/recovery_test1423746212/files/file6.dat","age":70046.753,"time":"2025-08-13T20:22:53-07:00","message":"files.monitor: file synced by kernel"}
{"level":"debug","filepath":"/var/folders/w5/nl65sjbn1ssb99yw7_w9y85w0000gn/T/recovery_test1423746212/files/file8.dat","age":70046.45,"time":"2025-08-13T20:22:53-07:00","message":"files.monitor: file synced by kernel"}
{"level":"debug","filepath":"/var/folders/w5/nl65sjbn1ssb99yw7_w9y85w0000gn/T/recovery_test1423746212/files/file10.dat","age":70046.217,"time":"2025-08-13T20:22:53-07:00","message":"files.monitor: file synced by kernel"}
{"level":"debug","filepath":"/var/folders/w5/nl65sjbn1ssb99yw7_w9y85w0000gn/T/recovery_test1423746212/files/file12.dat","age":70045.838,"time":"2025-08-13T20:22:53-07:00","message":"files.monitor: file synced by kernel"}
{"level":"debug","filepath":"/var/folders/w5/nl65sjbn1ssb99yw7_w9y85w0000gn/T/recovery_test1423746212/files/file14.dat","age":70041.142,"time":"2025-08-13T20:22:53-07:00","message":"files.monitor: file synced by kernel"}
{"level":"debug","filepath":"/var/folders/w5/nl65sjbn1ssb99yw7_w9y85w0000gn/T/recovery_test1423746212/files/file16.dat","age":70036.831,"time":"2025-08-13T20:22:53-07:00","message":"files.monitor: file synced by kernel"}
{"level":"debug","filepath":"/var/folders/w5/nl65sjbn1ssb99yw7_w9y85w0000gn/T/recovery_test1423746212/files/file18.dat","age":70032.394,"time":"2025-08-13T20:22:53-07:00","message":"files.monitor: file synced by kernel"}
{"level":"debug","filepath":"/var/folders/w5/nl65sjbn1ssb99yw7_w9y85w0000gn/T/recovery_test1423746212/files/file20.dat","age":70027.921,"time":"2025-08-13T20:22:53-07:00","message":"files.monitor: file synced by kernel"}
{"level":"debug","filepath":"/var/folders/w5/nl65sjbn1ssb99yw7_w9y85w0000gn/T/recovery_test1423746212/files/file22.dat","age":70023.951,"time":"2025-08-13T20:22:53-07:00","message":"files.monitor: file synced by kernel"}
{"level":"debug","filepath":"/var/folders/w5/nl65sjbn1ssb99yw7_w9y85w0000gn/T/recovery_test1423746212/files/file24.dat","age":70023.778,"time":"2025-08-13T20:22:53-07:00","message":"files.monitor: file synced by kernel"}
{"level":"debug","filepath":"/var/folders/w5/nl65sjbn1ssb99yw7_w9y85w0000gn/T/recovery_test1423746212/files/file26.dat","age":70023.524,"time":"2025-08-13T20:22:53-07:00","message":"files.monitor: file synced by kernel"}
{"level":"debug","filepath":"/var/folders/w5/nl65sjbn1ssb99yw7_w9y85w0000gn/T/recovery_test1423746212/files/file28.dat","age":70018.664,"time":"2025-08-13T20:22:53-07:00","message":"files.monitor: file synced by kernel"}
{"level":"debug","filepath":"/var/folders/w5/nl65sjbn1ssb99yw7_w9y85w0000gn/T/recovery_test1423746212/files/file30.dat","age":70010.292,"time":"2025-08-13T20:22:53-07:00","message":"files.monitor: file synced by kernel"}
{"level":"debug","filepath":"/var/folders/w5/nl65sjbn1ssb99yw7_w9y85w0000gn/T/recovery_test1423746212/files/file32.dat","age":70009.744,"time":"2025-08-13T20:22:53-07:00","message":"files.monitor: file synced by kernel"}
{"level":"debug","filepath":"/var/folders/w5/nl65sjbn1ssb99yw7_w9y85w0000gn/T/recovery_test1423746212/files/file34.dat","age":70006.157,"time":"2025-08-13T20:22:53-07:00","message":"files.monitor: file synced by kernel"}
{"level":"debug","filepath":"/var/folders/w5/nl65sjbn1ssb99yw7_w9y85w0000gn/T/recovery_test1423746212/files/file36.dat","age":70005.91,"time":"2025-08-13T20:22:53-07:00","message":"files.monitor: file synced by kernel"}
{"level":"debug","filepath":"/var/folders/w5/nl65sjbn1ssb99yw7_w9y85w0000gn/T/recovery_test1423746212/files/file38.dat","age":70001.95,"time":"2025-08-13T20:22:53-07:00","message":"files.monitor: file synced by kernel"}
{"level":"debug","filepath":"/var/folders/w5/nl65sjbn1ssb99yw7_w9y85w0000gn/T/recovery_test1423746212/files/file40.dat","age":70001.596,"time":"2025-08-13T20:22:53-07:00","message":"files.monitor: file synced by kernel"}
{"level":"debug","filepath":"/var/folders/w5/nl65sjbn1ssb99yw7_w9y85w0000gn/T/recovery_test1423746212/files/file42.dat","age":70001.189,"time":"2025-08-13T20:22:53-07:00","message":"files.monitor: file synced by kernel"}
{"level":"debug","filepath":"/var/folders/w5/nl65sjbn1ssb99yw7_w9y85w0000gn/T/recovery_test1423746212/files/file44.dat","age":70000.857,"time":"2025-08-13T20:22:53-07:00","message":"files.monitor: file synced by kernel"}
{"level":"debug","filepath":"/var/folders/w5/nl65sjbn1ssb99yw7_w9y85w0000gn/T/recovery_test1423746212/files/file46.dat","age":70000.65,"time":"2025-08-13T20:22:53-07:00","message":"files.monitor: file synced by kernel"}
{"level":"debug","filepath":"/var/folders/w5/nl65sjbn1ssb99yw7_w9y85w0000gn/T/recovery_test1423746212/files/file48.dat","age":70000.405,"time":"2025-08-13T20:22:53-07:00","message":"files.monitor: file synced by kernel"}
{"level":"info","checked":50,"synced":25,"stale":0,"corrupted":0,"pending":25,"files_queued":0,"errors":0,"duration":0.572666,"time":"2025-08-13T20:22:53-07:00","message":"files.monitor: cleanup completed"}
{"level":"info","time":"2025-08-13T20:22:53-07:00","message":"closing metadata DB"}
{"level":"info","time":"2025-08-13T20:22:53-07:00","message":"metadata DB closed"}
--- PASS: TestMonitorConcurrentOperation (0.22s)
=== RUN   TestRecoveryDeletesCorruptedFiles
{"level":"info","diskPath":"/var/folders/w5/nl65sjbn1ssb99yw7_w9y85w0000gn/T/recovery_test4119214976","ttl":0,"time":"2025-08-13T20:22:53-07:00","message":"creating metadata DB"}
{"level":"info","time":"2025-08-13T20:22:53-07:00","message":"metadata DB created"}
{"level":"info","time":"2025-08-13T20:22:53-07:00","message":"files.recovery: starting startup recovery"}
{"level":"info","time":"2025-08-13T20:22:53-07:00","message":"files.recovery: using streaming approach"}
{"level":"info","entries":1,"time":"2025-08-13T20:22:53-07:00","message":"files.recovery: finished streaming entries"}
{"level":"error","filepath":"/var/folders/w5/nl65sjbn1ssb99yw7_w9y85w0000gn/T/recovery_test4119214976/files/corrupted.dat","key":"!meta/corrupted-key","expected_size":119,"actual_size":19,"time":"2025-08-13T20:22:53-07:00","message":"files.recovery: file corrupted (size mismatch)"}
{"level":"info","filepath":"/var/folders/w5/nl65sjbn1ssb99yw7_w9y85w0000gn/T/recovery_test4119214976/files/corrupted.dat","time":"2025-08-13T20:22:53-07:00","message":"files.recovery: deleted corrupted/orphaned file"}
{"level":"info","total":1,"valid":0,"corrupted":1,"stale":0,"orphaned":0,"missing":0,"duration":0.29575,"time":"2025-08-13T20:22:53-07:00","message":"files.recovery: completed"}
{"level":"info","time":"2025-08-13T20:22:53-07:00","message":"closing metadata DB"}
{"level":"info","time":"2025-08-13T20:22:53-07:00","message":"metadata DB closed"}
--- PASS: TestRecoveryDeletesCorruptedFiles (0.09s)
=== RUN   TestRecoveryHandlesStaleEntries
{"level":"info","diskPath":"/var/folders/w5/nl65sjbn1ssb99yw7_w9y85w0000gn/T/recovery_test2124527173","ttl":0,"time":"2025-08-13T20:22:53-07:00","message":"creating metadata DB"}
{"level":"info","time":"2025-08-13T20:22:53-07:00","message":"metadata DB created"}
{"level":"info","time":"2025-08-13T20:22:53-07:00","message":"files.recovery: starting startup recovery"}
{"level":"info","time":"2025-08-13T20:22:53-07:00","message":"files.recovery: using streaming approach"}
{"level":"info","entries":1,"time":"2025-08-13T20:22:53-07:00","message":"files.recovery: finished streaming entries"}
{"level":"debug","old_file":"/var/folders/w5/nl65sjbn1ssb99yw7_w9y85w0000gn/T/recovery_test2124527173/files/old.dat","new_file":"/var/folders/w5/nl65sjbn1ssb99yw7_w9y85w0000gn/T/recovery_test2124527173/files/new.dat","time":"2025-08-13T20:22:53-07:00","message":"files.recovery: stale sync entry (metadata updated)"}
{"level":"info","total":1,"valid":0,"corrupted":0,"stale":1,"orphaned":0,"missing":0,"duration":0.192125,"time":"2025-08-13T20:22:53-07:00","message":"files.recovery: completed"}
{"level":"info","time":"2025-08-13T20:22:53-07:00","message":"closing metadata DB"}
{"level":"info","time":"2025-08-13T20:22:53-07:00","message":"metadata DB closed"}
--- PASS: TestRecoveryHandlesStaleEntries (0.09s)
=== RUN   TestRecoveryHandlesOrphanedFiles
{"level":"info","diskPath":"/var/folders/w5/nl65sjbn1ssb99yw7_w9y85w0000gn/T/recovery_test1124437129","ttl":0,"time":"2025-08-13T20:22:53-07:00","message":"creating metadata DB"}
{"level":"info","time":"2025-08-13T20:22:53-07:00","message":"metadata DB created"}
{"level":"info","time":"2025-08-13T20:22:53-07:00","message":"files.recovery: starting startup recovery"}
{"level":"info","time":"2025-08-13T20:22:53-07:00","message":"files.recovery: using streaming approach"}
{"level":"info","entries":1,"time":"2025-08-13T20:22:53-07:00","message":"files.recovery: finished streaming entries"}
{"level":"warn","filepath":"/var/folders/w5/nl65sjbn1ssb99yw7_w9y85w0000gn/T/recovery_test1124437129/files/orphan.dat","metadata_key":"!meta/nonexistent-key","time":"2025-08-13T20:22:53-07:00","message":"files.recovery: orphaned sync entry (metadata not found)"}
{"level":"info","filepath":"/var/folders/w5/nl65sjbn1ssb99yw7_w9y85w0000gn/T/recovery_test1124437129/files/orphan.dat","time":"2025-08-13T20:22:53-07:00","message":"files.recovery: deleted corrupted/orphaned file"}
{"level":"info","total":1,"valid":0,"corrupted":0,"stale":0,"orphaned":1,"missing":0,"duration":0.358083,"time":"2025-08-13T20:22:53-07:00","message":"files.recovery: completed"}
{"level":"info","time":"2025-08-13T20:22:53-07:00","message":"closing metadata DB"}
{"level":"info","time":"2025-08-13T20:22:53-07:00","message":"metadata DB closed"}
--- PASS: TestRecoveryHandlesOrphanedFiles (0.12s)
=== RUN   TestRecoveryValidatesAllEntriesRegardlessOfAge
{"level":"info","diskPath":"/var/folders/w5/nl65sjbn1ssb99yw7_w9y85w0000gn/T/recovery_test1658033008","ttl":0,"time":"2025-08-13T20:22:53-07:00","message":"creating metadata DB"}
{"level":"info","time":"2025-08-13T20:22:53-07:00","message":"metadata DB created"}
{"level":"info","time":"2025-08-13T20:22:53-07:00","message":"files.recovery: starting startup recovery"}
{"level":"info","time":"2025-08-13T20:22:53-07:00","message":"files.recovery: using streaming approach"}
{"level":"info","entries":1,"time":"2025-08-13T20:22:53-07:00","message":"files.recovery: finished streaming entries"}
{"level":"error","filepath":"/var/folders/w5/nl65sjbn1ssb99yw7_w9y85w0000gn/T/recovery_test1658033008/files/old.dat","key":"!meta/old-key","expected_size":9,"actual_size":5,"time":"2025-08-13T20:22:53-07:00","message":"files.recovery: file corrupted (size mismatch)"}
{"level":"info","filepath":"/var/folders/w5/nl65sjbn1ssb99yw7_w9y85w0000gn/T/recovery_test1658033008/files/old.dat","time":"2025-08-13T20:22:53-07:00","message":"files.recovery: deleted corrupted/orphaned file"}
{"level":"info","total":1,"valid":0,"corrupted":1,"stale":0,"orphaned":0,"missing":0,"duration":6.371334,"time":"2025-08-13T20:22:53-07:00","message":"files.recovery: completed"}
{"level":"info","time":"2025-08-13T20:22:53-07:00","message":"closing metadata DB"}
{"level":"info","time":"2025-08-13T20:22:53-07:00","message":"metadata DB closed"}
--- PASS: TestRecoveryValidatesAllEntriesRegardlessOfAge (0.14s)
=== RUN   TestParallelRecovery
{"level":"info","diskPath":"/var/folders/w5/nl65sjbn1ssb99yw7_w9y85w0000gn/T/recovery_test2913584405","ttl":0,"time":"2025-08-13T20:22:54-07:00","message":"creating metadata DB"}
{"level":"info","time":"2025-08-13T20:22:54-07:00","message":"metadata DB created"}
{"level":"info","time":"2025-08-13T20:22:54-07:00","message":"files.recovery: starting startup recovery"}
{"level":"info","time":"2025-08-13T20:22:54-07:00","message":"files.recovery: using streaming approach"}
{"level":"debug","old_file":"/var/folders/w5/nl65sjbn1ssb99yw7_w9y85w0000gn/T/recovery_test2913584405/files/file2.dat","new_file":"/different/path.dat","time":"2025-08-13T20:22:54-07:00","message":"files.recovery: stale sync entry (metadata updated)"}
{"level":"debug","filepath":"/var/folders/w5/nl65sjbn1ssb99yw7_w9y85w0000gn/T/recovery_test2913584405/files/file0.dat","time":"2025-08-13T20:22:54-07:00","message":"files.recovery: file validated successfully"}
{"level":"debug","old_file":"/var/folders/w5/nl65sjbn1ssb99yw7_w9y85w0000gn/T/recovery_test2913584405/files/file17.dat","new_file":"/different/path.dat","time":"2025-08-13T20:22:54-07:00","message":"files.recovery: stale sync entry (metadata updated)"}
{"level":"error","filepath":"/var/folders/w5/nl65sjbn1ssb99yw7_w9y85w0000gn/T/recovery_test2913584405/files/file1.dat","key":"!meta/key1","expected_size":1000,"actual_size":5,"time":"2025-08-13T20:22:54-07:00","message":"files.recovery: file corrupted (size mismatch)"}
{"level":"debug","filepath":"/var/folders/w5/nl65sjbn1ssb99yw7_w9y85w0000gn/T/recovery_test2913584405/files/file18.dat","time":"2025-08-13T20:22:54-07:00","message":"files.recovery: file validated successfully"}
{"level":"debug","old_file":"/var/folders/w5/nl65sjbn1ssb99yw7_w9y85w0000gn/T/recovery_test2913584405/files/file5.dat","new_file":"/different/path.dat","time":"2025-08-13T20:22:54-07:00","message":"files.recovery: stale sync entry (metadata updated)"}
{"level":"error","filepath":"/var/folders/w5/nl65sjbn1ssb99yw7_w9y85w0000gn/T/recovery_test2913584405/files/file10.dat","key":"!meta/key10","expected_size":1000,"actual_size":5,"time":"2025-08-13T20:22:54-07:00","message":"files.recovery: file corrupted (size mismatch)"}
{"level":"debug","old_file":"/var/folders/w5/nl65sjbn1ssb99yw7_w9y85w0000gn/T/recovery_test2913584405/files/file8.dat","new_file":"/different/path.dat","time":"2025-08-13T20:22:54-07:00","message":"files.recovery: stale sync entry (metadata updated)"}
{"level":"error","filepath":"/var/folders/w5/nl65sjbn1ssb99yw7_w9y85w0000gn/T/recovery_test2913584405/files/file22.dat","key":"!meta/key22","expected_size":1000,"actual_size":5,"time":"2025-08-13T20:22:54-07:00","message":"files.recovery: file corrupted (size mismatch)"}
{"level":"debug","old_file":"/var/folders/w5/nl65sjbn1ssb99yw7_w9y85w0000gn/T/recovery_test2913584405/files/file23.dat","new_file":"/different/path.dat","time":"2025-08-13T20:22:54-07:00","message":"files.recovery: stale sync entry (metadata updated)"}
{"level":"error","filepath":"/var/folders/w5/nl65sjbn1ssb99yw7_w9y85w0000gn/T/recovery_test2913584405/files/file4.dat","key":"!meta/key4","expected_size":1000,"actual_size":5,"time":"2025-08-13T20:22:54-07:00","message":"files.recovery: file corrupted (size mismatch)"}
{"level":"debug","filepath":"/var/folders/w5/nl65sjbn1ssb99yw7_w9y85w0000gn/T/recovery_test2913584405/files/file6.dat","time":"2025-08-13T20:22:54-07:00","message":"files.recovery: file validated successfully"}
{"level":"debug","old_file":"/var/folders/w5/nl65sjbn1ssb99yw7_w9y85w0000gn/T/recovery_test2913584405/files/file20.dat","new_file":"/different/path.dat","time":"2025-08-13T20:22:54-07:00","message":"files.recovery: stale sync entry (metadata updated)"}
{"level":"debug","old_file":"/var/folders/w5/nl65sjbn1ssb99yw7_w9y85w0000gn/T/recovery_test2913584405/files/file26.dat","new_file":"/different/path.dat","time":"2025-08-13T20:22:54-07:00","message":"files.recovery: stale sync entry (metadata updated)"}
{"level":"error","filepath":"/var/folders/w5/nl65sjbn1ssb99yw7_w9y85w0000gn/T/recovery_test2913584405/files/file16.dat","key":"!meta/key16","expected_size":1000,"actual_size":5,"time":"2025-08-13T20:22:54-07:00","message":"files.recovery: file corrupted (size mismatch)"}
{"level":"debug","old_file":"/var/folders/w5/nl65sjbn1ssb99yw7_w9y85w0000gn/T/recovery_test2913584405/files/file11.dat","new_file":"/different/path.dat","time":"2025-08-13T20:22:54-07:00","message":"files.recovery: stale sync entry (metadata updated)"}
{"level":"debug","old_file":"/var/folders/w5/nl65sjbn1ssb99yw7_w9y85w0000gn/T/recovery_test2913584405/files/file29.dat","new_file":"/different/path.dat","time":"2025-08-13T20:22:54-07:00","message":"files.recovery: stale sync entry (metadata updated)"}
{"level":"debug","filepath":"/var/folders/w5/nl65sjbn1ssb99yw7_w9y85w0000gn/T/recovery_test2913584405/files/file30.dat","time":"2025-08-13T20:22:54-07:00","message":"files.recovery: file validated successfully"}
{"level":"debug","old_file":"/var/folders/w5/nl65sjbn1ssb99yw7_w9y85w0000gn/T/recovery_test2913584405/files/file14.dat","new_file":"/different/path.dat","time":"2025-08-13T20:22:54-07:00","message":"files.recovery: stale sync entry (metadata updated)"}
{"level":"debug","old_file":"/var/folders/w5/nl65sjbn1ssb99yw7_w9y85w0000gn/T/recovery_test2913584405/files/file32.dat","new_file":"/different/path.dat","time":"2025-08-13T20:22:54-07:00","message":"files.recovery: stale sync entry (metadata updated)"}
{"level":"debug","filepath":"/var/folders/w5/nl65sjbn1ssb99yw7_w9y85w0000gn/T/recovery_test2913584405/files/file21.dat","time":"2025-08-13T20:22:54-07:00","message":"files.recovery: file validated successfully"}
{"level":"debug","old_file":"/var/folders/w5/nl65sjbn1ssb99yw7_w9y85w0000gn/T/recovery_test2913584405/files/file35.dat","new_file":"/different/path.dat","time":"2025-08-13T20:22:54-07:00","message":"files.recovery: stale sync entry (metadata updated)"}
{"level":"debug","filepath":"/var/folders/w5/nl65sjbn1ssb99yw7_w9y85w0000gn/T/recovery_test2913584405/files/file3.dat","time":"2025-08-13T20:22:54-07:00","message":"files.recovery: file validated successfully"}
{"level":"error","filepath":"/var/folders/w5/nl65sjbn1ssb99yw7_w9y85w0000gn/T/recovery_test2913584405/files/file31.dat","key":"!meta/key31","expected_size":1000,"actual_size":5,"time":"2025-08-13T20:22:54-07:00","message":"files.recovery: file corrupted (size mismatch)"}
{"level":"debug","filepath":"/var/folders/w5/nl65sjbn1ssb99yw7_w9y85w0000gn/T/recovery_test2913584405/files/file36.dat","time":"2025-08-13T20:22:54-07:00","message":"files.recovery: file validated successfully"}
{"level":"error","filepath":"/var/folders/w5/nl65sjbn1ssb99yw7_w9y85w0000gn/T/recovery_test2913584405/files/file37.dat","key":"!meta/key37","expected_size":1000,"actual_size":5,"time":"2025-08-13T20:22:54-07:00","message":"files.recovery: file corrupted (size mismatch)"}
{"level":"error","filepath":"/var/folders/w5/nl65sjbn1ssb99yw7_w9y85w0000gn/T/recovery_test2913584405/files/file19.dat","key":"!meta/key19","expected_size":1000,"actual_size":5,"time":"2025-08-13T20:22:54-07:00","message":"files.recovery: file corrupted (size mismatch)"}
{"level":"error","filepath":"/var/folders/w5/nl65sjbn1ssb99yw7_w9y85w0000gn/T/recovery_test2913584405/files/file13.dat","key":"!meta/key13","expected_size":1000,"actual_size":5,"time":"2025-08-13T20:22:54-07:00","message":"files.recovery: file corrupted (size mismatch)"}
{"level":"error","filepath":"/var/folders/w5/nl65sjbn1ssb99yw7_w9y85w0000gn/T/recovery_test2913584405/files/file7.dat","key":"!meta/key7","expected_size":1000,"actual_size":5,"time":"2025-08-13T20:22:54-07:00","message":"files.recovery: file corrupted (size mismatch)"}
{"level":"error","filepath":"/var/folders/w5/nl65sjbn1ssb99yw7_w9y85w0000gn/T/recovery_test2913584405/files/file25.dat","key":"!meta/key25","expected_size":1000,"actual_size":5,"time":"2025-08-13T20:22:54-07:00","message":"files.recovery: file corrupted (size mismatch)"}
{"level":"error","filepath":"/var/folders/w5/nl65sjbn1ssb99yw7_w9y85w0000gn/T/recovery_test2913584405/files/file43.dat","key":"!meta/key43","expected_size":1000,"actual_size":5,"time":"2025-08-13T20:22:54-07:00","message":"files.recovery: file corrupted (size mismatch)"}
{"level":"debug","filepath":"/var/folders/w5/nl65sjbn1ssb99yw7_w9y85w0000gn/T/recovery_test2913584405/files/file15.dat","time":"2025-08-13T20:22:54-07:00","message":"files.recovery: file validated successfully"}
{"level":"debug","old_file":"/var/folders/w5/nl65sjbn1ssb99yw7_w9y85w0000gn/T/recovery_test2913584405/files/file44.dat","new_file":"/different/path.dat","time":"2025-08-13T20:22:54-07:00","message":"files.recovery: stale sync entry (metadata updated)"}
{"level":"debug","filepath":"/var/folders/w5/nl65sjbn1ssb99yw7_w9y85w0000gn/T/recovery_test2913584405/files/file45.dat","time":"2025-08-13T20:22:54-07:00","message":"files.recovery: file validated successfully"}
{"level":"debug","filepath":"/var/folders/w5/nl65sjbn1ssb99yw7_w9y85w0000gn/T/recovery_test2913584405/files/file33.dat","time":"2025-08-13T20:22:54-07:00","message":"files.recovery: file validated successfully"}
{"level":"debug","old_file":"/var/folders/w5/nl65sjbn1ssb99yw7_w9y85w0000gn/T/recovery_test2913584405/files/file38.dat","new_file":"/different/path.dat","time":"2025-08-13T20:22:54-07:00","message":"files.recovery: stale sync entry (metadata updated)"}
{"level":"debug","filepath":"/var/folders/w5/nl65sjbn1ssb99yw7_w9y85w0000gn/T/recovery_test2913584405/files/file48.dat","time":"2025-08-13T20:22:54-07:00","message":"files.recovery: file validated successfully"}
{"level":"error","filepath":"/var/folders/w5/nl65sjbn1ssb99yw7_w9y85w0000gn/T/recovery_test2913584405/files/file49.dat","key":"!meta/key49","expected_size":1000,"actual_size":5,"time":"2025-08-13T20:22:54-07:00","message":"files.recovery: file corrupted (size mismatch)"}
{"level":"debug","old_file":"/var/folders/w5/nl65sjbn1ssb99yw7_w9y85w0000gn/T/recovery_test2913584405/files/file53.dat","new_file":"/different/path.dat","time":"2025-08-13T20:22:54-07:00","message":"files.recovery: stale sync entry (metadata updated)"}
{"level":"debug","filepath":"/var/folders/w5/nl65sjbn1ssb99yw7_w9y85w0000gn/T/recovery_test2913584405/files/file9.dat","time":"2025-08-13T20:22:54-07:00","message":"files.recovery: file validated successfully"}
{"level":"debug","filepath":"/var/folders/w5/nl65sjbn1ssb99yw7_w9y85w0000gn/T/recovery_test2913584405/files/file54.dat","time":"2025-08-13T20:22:54-07:00","message":"files.recovery: file validated successfully"}
{"level":"error","filepath":"/var/folders/w5/nl65sjbn1ssb99yw7_w9y85w0000gn/T/recovery_test2913584405/files/file40.dat","key":"!meta/key40","expected_size":1000,"actual_size":5,"time":"2025-08-13T20:22:54-07:00","message":"files.recovery: file corrupted (size mismatch)"}
{"level":"debug","filepath":"/var/folders/w5/nl65sjbn1ssb99yw7_w9y85w0000gn/T/recovery_test2913584405/files/file51.dat","time":"2025-08-13T20:22:54-07:00","message":"files.recovery: file validated successfully"}
{"level":"debug","filepath":"/var/folders/w5/nl65sjbn1ssb99yw7_w9y85w0000gn/T/recovery_test2913584405/files/file12.dat","time":"2025-08-13T20:22:54-07:00","message":"files.recovery: file validated successfully"}
{"level":"error","filepath":"/var/folders/w5/nl65sjbn1ssb99yw7_w9y85w0000gn/T/recovery_test2913584405/files/file55.dat","key":"!meta/key55","expected_size":1000,"actual_size":5,"time":"2025-08-13T20:22:54-07:00","message":"files.recovery: file corrupted (size mismatch)"}
{"level":"debug","old_file":"/var/folders/w5/nl65sjbn1ssb99yw7_w9y85w0000gn/T/recovery_test2913584405/files/file59.dat","new_file":"/different/path.dat","time":"2025-08-13T20:22:54-07:00","message":"files.recovery: stale sync entry (metadata updated)"}
{"level":"debug","filepath":"/var/folders/w5/nl65sjbn1ssb99yw7_w9y85w0000gn/T/recovery_test2913584405/files/file60.dat","time":"2025-08-13T20:22:54-07:00","message":"files.recovery: file validated successfully"}
{"level":"error","filepath":"/var/folders/w5/nl65sjbn1ssb99yw7_w9y85w0000gn/T/recovery_test2913584405/files/file52.dat","key":"!meta/key52","expected_size":1000,"actual_size":5,"time":"2025-08-13T20:22:54-07:00","message":"files.recovery: file corrupted (size mismatch)"}
{"level":"error","filepath":"/var/folders/w5/nl65sjbn1ssb99yw7_w9y85w0000gn/T/recovery_test2913584405/files/file61.dat","key":"!meta/key61","expected_size":1000,"actual_size":5,"time":"2025-08-13T20:22:54-07:00","message":"files.recovery: file corrupted (size mismatch)"}
{"level":"debug","old_file":"/var/folders/w5/nl65sjbn1ssb99yw7_w9y85w0000gn/T/recovery_test2913584405/files/file50.dat","new_file":"/different/path.dat","time":"2025-08-13T20:22:54-07:00","message":"files.recovery: stale sync entry (metadata updated)"}
{"level":"debug","filepath":"/var/folders/w5/nl65sjbn1ssb99yw7_w9y85w0000gn/T/recovery_test2913584405/files/file27.dat","time":"2025-08-13T20:22:54-07:00","message":"files.recovery: file validated successfully"}
{"level":"debug","filepath":"/var/folders/w5/nl65sjbn1ssb99yw7_w9y85w0000gn/T/recovery_test2913584405/files/file66.dat","time":"2025-08-13T20:22:54-07:00","message":"files.recovery: file validated successfully"}
{"level":"debug","filepath":"/var/folders/w5/nl65sjbn1ssb99yw7_w9y85w0000gn/T/recovery_test2913584405/files/file63.dat","time":"2025-08-13T20:22:54-07:00","message":"files.recovery: file validated successfully"}
{"level":"error","filepath":"/var/folders/w5/nl65sjbn1ssb99yw7_w9y85w0000gn/T/recovery_test2913584405/files/file67.dat","key":"!meta/key67","expected_size":1000,"actual_size":5,"time":"2025-08-13T20:22:54-07:00","message":"files.recovery: file corrupted (size mismatch)"}
{"level":"debug","old_file":"/var/folders/w5/nl65sjbn1ssb99yw7_w9y85w0000gn/T/recovery_test2913584405/files/file41.dat","new_file":"/different/path.dat","time":"2025-08-13T20:22:54-07:00","message":"files.recovery: stale sync entry (metadata updated)"}
{"level":"error","filepath":"/var/folders/w5/nl65sjbn1ssb99yw7_w9y85w0000gn/T/recovery_test2913584405/files/file70.dat","key":"!meta/key70","expected_size":1000,"actual_size":5,"time":"2025-08-13T20:22:54-07:00","message":"files.recovery: file corrupted (size mismatch)"}
{"level":"debug","old_file":"/var/folders/w5/nl65sjbn1ssb99yw7_w9y85w0000gn/T/recovery_test2913584405/files/file71.dat","new_file":"/different/path.dat","time":"2025-08-13T20:22:54-07:00","message":"files.recovery: stale sync entry (metadata updated)"}
{"level":"debug","old_file":"/var/folders/w5/nl65sjbn1ssb99yw7_w9y85w0000gn/T/recovery_test2913584405/files/file47.dat","new_file":"/different/path.dat","time":"2025-08-13T20:22:54-07:00","message":"files.recovery: stale sync entry (metadata updated)"}
{"level":"error","filepath":"/var/folders/w5/nl65sjbn1ssb99yw7_w9y85w0000gn/T/recovery_test2913584405/files/file28.dat","key":"!meta/key28","expected_size":1000,"actual_size":5,"time":"2025-08-13T20:22:54-07:00","message":"files.recovery: file corrupted (size mismatch)"}
{"level":"error","filepath":"/var/folders/w5/nl65sjbn1ssb99yw7_w9y85w0000gn/T/recovery_test2913584405/files/file73.dat","key":"!meta/key73","expected_size":1000,"actual_size":5,"time":"2025-08-13T20:22:54-07:00","message":"files.recovery: file corrupted (size mismatch)"}
{"level":"debug","old_file":"/var/folders/w5/nl65sjbn1ssb99yw7_w9y85w0000gn/T/recovery_test2913584405/files/file74.dat","new_file":"/different/path.dat","time":"2025-08-13T20:22:54-07:00","message":"files.recovery: stale sync entry (metadata updated)"}
{"level":"debug","old_file":"/var/folders/w5/nl65sjbn1ssb99yw7_w9y85w0000gn/T/recovery_test2913584405/files/file62.dat","new_file":"/different/path.dat","time":"2025-08-13T20:22:54-07:00","message":"files.recovery: stale sync entry (metadata updated)"}
{"level":"debug","old_file":"/var/folders/w5/nl65sjbn1ssb99yw7_w9y85w0000gn/T/recovery_test2913584405/files/file77.dat","new_file":"/different/path.dat","time":"2025-08-13T20:22:54-07:00","message":"files.recovery: stale sync entry (metadata updated)"}
{"level":"error","filepath":"/var/folders/w5/nl65sjbn1ssb99yw7_w9y85w0000gn/T/recovery_test2913584405/files/file46.dat","key":"!meta/key46","expected_size":1000,"actual_size":5,"time":"2025-08-13T20:22:54-07:00","message":"files.recovery: file corrupted (size mismatch)"}
{"level":"error","filepath":"/var/folders/w5/nl65sjbn1ssb99yw7_w9y85w0000gn/T/recovery_test2913584405/files/file76.dat","key":"!meta/key76","expected_size":1000,"actual_size":5,"time":"2025-08-13T20:22:54-07:00","message":"files.recovery: file corrupted (size mismatch)"}
{"level":"debug","old_file":"/var/folders/w5/nl65sjbn1ssb99yw7_w9y85w0000gn/T/recovery_test2913584405/files/file80.dat","new_file":"/different/path.dat","time":"2025-08-13T20:22:54-07:00","message":"files.recovery: stale sync entry (metadata updated)"}
{"level":"debug","filepath":"/var/folders/w5/nl65sjbn1ssb99yw7_w9y85w0000gn/T/recovery_test2913584405/files/file78.dat","time":"2025-08-13T20:22:54-07:00","message":"files.recovery: file validated successfully"}
{"level":"debug","old_file":"/var/folders/w5/nl65sjbn1ssb99yw7_w9y85w0000gn/T/recovery_test2913584405/files/file68.dat","new_file":"/different/path.dat","time":"2025-08-13T20:22:54-07:00","message":"files.recovery: stale sync entry (metadata updated)"}
{"level":"debug","old_file":"/var/folders/w5/nl65sjbn1ssb99yw7_w9y85w0000gn/T/recovery_test2913584405/files/file83.dat","new_file":"/different/path.dat","time":"2025-08-13T20:22:54-07:00","message":"files.recovery: stale sync entry (metadata updated)"}
{"level":"debug","filepath":"/var/folders/w5/nl65sjbn1ssb99yw7_w9y85w0000gn/T/recovery_test2913584405/files/file24.dat","time":"2025-08-13T20:22:54-07:00","message":"files.recovery: file validated successfully"}
{"level":"debug","filepath":"/var/folders/w5/nl65sjbn1ssb99yw7_w9y85w0000gn/T/recovery_test2913584405/files/file84.dat","time":"2025-08-13T20:22:54-07:00","message":"files.recovery: file validated successfully"}
{"level":"debug","old_file":"/var/folders/w5/nl65sjbn1ssb99yw7_w9y85w0000gn/T/recovery_test2913584405/files/file86.dat","new_file":"/different/path.dat","time":"2025-08-13T20:22:54-07:00","message":"files.recovery: stale sync entry (metadata updated)"}
{"level":"debug","filepath":"/var/folders/w5/nl65sjbn1ssb99yw7_w9y85w0000gn/T/recovery_test2913584405/files/file72.dat","time":"2025-08-13T20:22:54-07:00","message":"files.recovery: file validated successfully"}
{"level":"debug","filepath":"/var/folders/w5/nl65sjbn1ssb99yw7_w9y85w0000gn/T/recovery_test2913584405/files/file39.dat","time":"2025-08-13T20:22:54-07:00","message":"files.recovery: file validated successfully"}
{"level":"debug","filepath":"/var/folders/w5/nl65sjbn1ssb99yw7_w9y85w0000gn/T/recovery_test2913584405/files/file87.dat","time":"2025-08-13T20:22:54-07:00","message":"files.recovery: file validated successfully"}
{"level":"debug","old_file":"/var/folders/w5/nl65sjbn1ssb99yw7_w9y85w0000gn/T/recovery_test2913584405/files/file89.dat","new_file":"/different/path.dat","time":"2025-08-13T20:22:54-07:00","message":"files.recovery: stale sync entry (metadata updated)"}
{"level":"error","filepath":"/var/folders/w5/nl65sjbn1ssb99yw7_w9y85w0000gn/T/recovery_test2913584405/files/file88.dat","key":"!meta/key88","expected_size":1000,"actual_size":5,"time":"2025-08-13T20:22:54-07:00","message":"files.recovery: file corrupted (size mismatch)"}
{"level":"debug","filepath":"/var/folders/w5/nl65sjbn1ssb99yw7_w9y85w0000gn/T/recovery_test2913584405/files/file90.dat","time":"2025-08-13T20:22:54-07:00","message":"files.recovery: file validated successfully"}
{"level":"error","filepath":"/var/folders/w5/nl65sjbn1ssb99yw7_w9y85w0000gn/T/recovery_test2913584405/files/file91.dat","key":"!meta/key91","expected_size":1000,"actual_size":5,"time":"2025-08-13T20:22:54-07:00","message":"files.recovery: file corrupted (size mismatch)"}
{"level":"debug","old_file":"/var/folders/w5/nl65sjbn1ssb99yw7_w9y85w0000gn/T/recovery_test2913584405/files/file65.dat","new_file":"/different/path.dat","time":"2025-08-13T20:22:54-07:00","message":"files.recovery: stale sync entry (metadata updated)"}
{"level":"debug","old_file":"/var/folders/w5/nl65sjbn1ssb99yw7_w9y85w0000gn/T/recovery_test2913584405/files/file95.dat","new_file":"/different/path.dat","time":"2025-08-13T20:22:54-07:00","message":"files.recovery: stale sync entry (metadata updated)"}
{"level":"error","filepath":"/var/folders/w5/nl65sjbn1ssb99yw7_w9y85w0000gn/T/recovery_test2913584405/files/file58.dat","key":"!meta/key58","expected_size":1000,"actual_size":5,"time":"2025-08-13T20:22:54-07:00","message":"files.recovery: file corrupted (size mismatch)"}
{"level":"debug","filepath":"/var/folders/w5/nl65sjbn1ssb99yw7_w9y85w0000gn/T/recovery_test2913584405/files/file75.dat","time":"2025-08-13T20:22:54-07:00","message":"files.recovery: file validated successfully"}
{"level":"debug","old_file":"/var/folders/w5/nl65sjbn1ssb99yw7_w9y85w0000gn/T/recovery_test2913584405/files/file98.dat","new_file":"/different/path.dat","time":"2025-08-13T20:22:54-07:00","message":"files.recovery: stale sync entry (metadata updated)"}
{"level":"error","filepath":"/var/folders/w5/nl65sjbn1ssb99yw7_w9y85w0000gn/T/recovery_test2913584405/files/file97.dat","key":"!meta/key97","expected_size":1000,"actual_size":5,"time":"2025-08-13T20:22:54-07:00","message":"files.recovery: file corrupted (size mismatch)"}
{"level":"debug","filepath":"/var/folders/w5/nl65sjbn1ssb99yw7_w9y85w0000gn/T/recovery_test2913584405/files/file42.dat","time":"2025-08-13T20:22:54-07:00","message":"files.recovery: file validated successfully"}
{"level":"debug","filepath":"/var/folders/w5/nl65sjbn1ssb99yw7_w9y85w0000gn/T/recovery_test2913584405/files/file69.dat","time":"2025-08-13T20:22:54-07:00","message":"files.recovery: file validated successfully"}
{"level":"debug","filepath":"/var/folders/w5/nl65sjbn1ssb99yw7_w9y85w0000gn/T/recovery_test2913584405/files/file99.dat","time":"2025-08-13T20:22:54-07:00","message":"files.recovery: file validated successfully"}
{"level":"debug","old_file":"/var/folders/w5/nl65sjbn1ssb99yw7_w9y85w0000gn/T/recovery_test2913584405/files/file92.dat","new_file":"/different/path.dat","time":"2025-08-13T20:22:54-07:00","message":"files.recovery: stale sync entry (metadata updated)"}
{"level":"debug","filepath":"/var/folders/w5/nl65sjbn1ssb99yw7_w9y85w0000gn/T/recovery_test2913584405/files/file96.dat","time":"2025-08-13T20:22:54-07:00","message":"files.recovery: file validated successfully"}
{"level":"error","filepath":"/var/folders/w5/nl65sjbn1ssb99yw7_w9y85w0000gn/T/recovery_test2913584405/files/file64.dat","key":"!meta/key64","expected_size":1000,"actual_size":5,"time":"2025-08-13T20:22:54-07:00","message":"files.recovery: file corrupted (size mismatch)"}
{"level":"error","filepath":"/var/folders/w5/nl65sjbn1ssb99yw7_w9y85w0000gn/T/recovery_test2913584405/files/file79.dat","key":"!meta/key79","expected_size":1000,"actual_size":5,"time":"2025-08-13T20:22:54-07:00","message":"files.recovery: file corrupted (size mismatch)"}
{"level":"debug","filepath":"/var/folders/w5/nl65sjbn1ssb99yw7_w9y85w0000gn/T/recovery_test2913584405/files/file93.dat","time":"2025-08-13T20:22:54-07:00","message":"files.recovery: file validated successfully"}
{"level":"error","filepath":"/var/folders/w5/nl65sjbn1ssb99yw7_w9y85w0000gn/T/recovery_test2913584405/files/file34.dat","key":"!meta/key34","expected_size":1000,"actual_size":5,"time":"2025-08-13T20:22:54-07:00","message":"files.recovery: file corrupted (size mismatch)"}
{"level":"debug","old_file":"/var/folders/w5/nl65sjbn1ssb99yw7_w9y85w0000gn/T/recovery_test2913584405/files/file56.dat","new_file":"/different/path.dat","time":"2025-08-13T20:22:54-07:00","message":"files.recovery: stale sync entry (metadata updated)"}
{"level":"error","filepath":"/var/folders/w5/nl65sjbn1ssb99yw7_w9y85w0000gn/T/recovery_test2913584405/files/file94.dat","key":"!meta/key94","expected_size":1000,"actual_size":5,"time":"2025-08-13T20:22:54-07:00","message":"files.recovery: file corrupted (size mismatch)"}
{"level":"debug","filepath":"/var/folders/w5/nl65sjbn1ssb99yw7_w9y85w0000gn/T/recovery_test2913584405/files/file81.dat","time":"2025-08-13T20:22:54-07:00","message":"files.recovery: file validated successfully"}
{"level":"error","filepath":"/var/folders/w5/nl65sjbn1ssb99yw7_w9y85w0000gn/T/recovery_test2913584405/files/file82.dat","key":"!meta/key82","expected_size":1000,"actual_size":5,"time":"2025-08-13T20:22:54-07:00","message":"files.recovery: file corrupted (size mismatch)"}
{"level":"error","filepath":"/var/folders/w5/nl65sjbn1ssb99yw7_w9y85w0000gn/T/recovery_test2913584405/files/file85.dat","key":"!meta/key85","expected_size":1000,"actual_size":5,"time":"2025-08-13T20:22:54-07:00","message":"files.recovery: file corrupted (size mismatch)"}
{"level":"debug","filepath":"/var/folders/w5/nl65sjbn1ssb99yw7_w9y85w0000gn/T/recovery_test2913584405/files/file57.dat","time":"2025-08-13T20:22:54-07:00","message":"files.recovery: file validated successfully"}
{"level":"info","entries":100,"time":"2025-08-13T20:22:54-07:00","message":"files.recovery: finished streaming entries"}
{"level":"info","filepath":"/var/folders/w5/nl65sjbn1ssb99yw7_w9y85w0000gn/T/recovery_test2913584405/files/file10.dat","time":"2025-08-13T20:22:54-07:00","message":"files.recovery: deleted corrupted/orphaned file"}
{"level":"info","filepath":"/var/folders/w5/nl65sjbn1ssb99yw7_w9y85w0000gn/T/recovery_test2913584405/files/file22.dat","time":"2025-08-13T20:22:54-07:00","message":"files.recovery: deleted corrupted/orphaned file"}
{"level":"info","filepath":"/var/folders/w5/nl65sjbn1ssb99yw7_w9y85w0000gn/T/recovery_test2913584405/files/file4.dat","time":"2025-08-13T20:22:54-07:00","message":"files.recovery: deleted corrupted/orphaned file"}
{"level":"info","filepath":"/var/folders/w5/nl65sjbn1ssb99yw7_w9y85w0000gn/T/recovery_test2913584405/files/file16.dat","time":"2025-08-13T20:22:54-07:00","message":"files.recovery: deleted corrupted/orphaned file"}
{"level":"info","filepath":"/var/folders/w5/nl65sjbn1ssb99yw7_w9y85w0000gn/T/recovery_test2913584405/files/file31.dat","time":"2025-08-13T20:22:54-07:00","message":"files.recovery: deleted corrupted/orphaned file"}
{"level":"info","filepath":"/var/folders/w5/nl65sjbn1ssb99yw7_w9y85w0000gn/T/recovery_test2913584405/files/file37.dat","time":"2025-08-13T20:22:54-07:00","message":"files.recovery: deleted corrupted/orphaned file"}
{"level":"info","filepath":"/var/folders/w5/nl65sjbn1ssb99yw7_w9y85w0000gn/T/recovery_test2913584405/files/file19.dat","time":"2025-08-13T20:22:54-07:00","message":"files.recovery: deleted corrupted/orphaned file"}
{"level":"info","filepath":"/var/folders/w5/nl65sjbn1ssb99yw7_w9y85w0000gn/T/recovery_test2913584405/files/file13.dat","time":"2025-08-13T20:22:54-07:00","message":"files.recovery: deleted corrupted/orphaned file"}
{"level":"info","filepath":"/var/folders/w5/nl65sjbn1ssb99yw7_w9y85w0000gn/T/recovery_test2913584405/files/file7.dat","time":"2025-08-13T20:22:54-07:00","message":"files.recovery: deleted corrupted/orphaned file"}
{"level":"info","filepath":"/var/folders/w5/nl65sjbn1ssb99yw7_w9y85w0000gn/T/recovery_test2913584405/files/file1.dat","time":"2025-08-13T20:22:54-07:00","message":"files.recovery: deleted corrupted/orphaned file"}
{"level":"info","filepath":"/var/folders/w5/nl65sjbn1ssb99yw7_w9y85w0000gn/T/recovery_test2913584405/files/file43.dat","time":"2025-08-13T20:22:54-07:00","message":"files.recovery: deleted corrupted/orphaned file"}
{"level":"info","filepath":"/var/folders/w5/nl65sjbn1ssb99yw7_w9y85w0000gn/T/recovery_test2913584405/files/file25.dat","time":"2025-08-13T20:22:54-07:00","message":"files.recovery: deleted corrupted/orphaned file"}
{"level":"info","filepath":"/var/folders/w5/nl65sjbn1ssb99yw7_w9y85w0000gn/T/recovery_test2913584405/files/file49.dat","time":"2025-08-13T20:22:54-07:00","message":"files.recovery: deleted corrupted/orphaned file"}
{"level":"info","filepath":"/var/folders/w5/nl65sjbn1ssb99yw7_w9y85w0000gn/T/recovery_test2913584405/files/file40.dat","time":"2025-08-13T20:22:54-07:00","message":"files.recovery: deleted corrupted/orphaned file"}
{"level":"info","filepath":"/var/folders/w5/nl65sjbn1ssb99yw7_w9y85w0000gn/T/recovery_test2913584405/files/file55.dat","time":"2025-08-13T20:22:54-07:00","message":"files.recovery: deleted corrupted/orphaned file"}
{"level":"info","filepath":"/var/folders/w5/nl65sjbn1ssb99yw7_w9y85w0000gn/T/recovery_test2913584405/files/file52.dat","time":"2025-08-13T20:22:54-07:00","message":"files.recovery: deleted corrupted/orphaned file"}
{"level":"info","filepath":"/var/folders/w5/nl65sjbn1ssb99yw7_w9y85w0000gn/T/recovery_test2913584405/files/file61.dat","time":"2025-08-13T20:22:54-07:00","message":"files.recovery: deleted corrupted/orphaned file"}
{"level":"info","filepath":"/var/folders/w5/nl65sjbn1ssb99yw7_w9y85w0000gn/T/recovery_test2913584405/files/file67.dat","time":"2025-08-13T20:22:54-07:00","message":"files.recovery: deleted corrupted/orphaned file"}
{"level":"info","filepath":"/var/folders/w5/nl65sjbn1ssb99yw7_w9y85w0000gn/T/recovery_test2913584405/files/file70.dat","time":"2025-08-13T20:22:54-07:00","message":"files.recovery: deleted corrupted/orphaned file"}
{"level":"info","filepath":"/var/folders/w5/nl65sjbn1ssb99yw7_w9y85w0000gn/T/recovery_test2913584405/files/file28.dat","time":"2025-08-13T20:22:54-07:00","message":"files.recovery: deleted corrupted/orphaned file"}
{"level":"info","filepath":"/var/folders/w5/nl65sjbn1ssb99yw7_w9y85w0000gn/T/recovery_test2913584405/files/file73.dat","time":"2025-08-13T20:22:54-07:00","message":"files.recovery: deleted corrupted/orphaned file"}
{"level":"info","filepath":"/var/folders/w5/nl65sjbn1ssb99yw7_w9y85w0000gn/T/recovery_test2913584405/files/file46.dat","time":"2025-08-13T20:22:54-07:00","message":"files.recovery: deleted corrupted/orphaned file"}
{"level":"info","filepath":"/var/folders/w5/nl65sjbn1ssb99yw7_w9y85w0000gn/T/recovery_test2913584405/files/file76.dat","time":"2025-08-13T20:22:54-07:00","message":"files.recovery: deleted corrupted/orphaned file"}
{"level":"info","filepath":"/var/folders/w5/nl65sjbn1ssb99yw7_w9y85w0000gn/T/recovery_test2913584405/files/file88.dat","time":"2025-08-13T20:22:54-07:00","message":"files.recovery: deleted corrupted/orphaned file"}
{"level":"info","filepath":"/var/folders/w5/nl65sjbn1ssb99yw7_w9y85w0000gn/T/recovery_test2913584405/files/file91.dat","time":"2025-08-13T20:22:54-07:00","message":"files.recovery: deleted corrupted/orphaned file"}
{"level":"info","filepath":"/var/folders/w5/nl65sjbn1ssb99yw7_w9y85w0000gn/T/recovery_test2913584405/files/file58.dat","time":"2025-08-13T20:22:54-07:00","message":"files.recovery: deleted corrupted/orphaned file"}
{"level":"info","filepath":"/var/folders/w5/nl65sjbn1ssb99yw7_w9y85w0000gn/T/recovery_test2913584405/files/file97.dat","time":"2025-08-13T20:22:54-07:00","message":"files.recovery: deleted corrupted/orphaned file"}
{"level":"info","filepath":"/var/folders/w5/nl65sjbn1ssb99yw7_w9y85w0000gn/T/recovery_test2913584405/files/file64.dat","time":"2025-08-13T20:22:54-07:00","message":"files.recovery: deleted corrupted/orphaned file"}
{"level":"info","filepath":"/var/folders/w5/nl65sjbn1ssb99yw7_w9y85w0000gn/T/recovery_test2913584405/files/file79.dat","time":"2025-08-13T20:22:54-07:00","message":"files.recovery: deleted corrupted/orphaned file"}
{"level":"info","filepath":"/var/folders/w5/nl65sjbn1ssb99yw7_w9y85w0000gn/T/recovery_test2913584405/files/file34.dat","time":"2025-08-13T20:22:54-07:00","message":"files.recovery: deleted corrupted/orphaned file"}
{"level":"info","filepath":"/var/folders/w5/nl65sjbn1ssb99yw7_w9y85w0000gn/T/recovery_test2913584405/files/file94.dat","time":"2025-08-13T20:22:54-07:00","message":"files.recovery: deleted corrupted/orphaned file"}
{"level":"info","filepath":"/var/folders/w5/nl65sjbn1ssb99yw7_w9y85w0000gn/T/recovery_test2913584405/files/file82.dat","time":"2025-08-13T20:22:54-07:00","message":"files.recovery: deleted corrupted/orphaned file"}
{"level":"info","filepath":"/var/folders/w5/nl65sjbn1ssb99yw7_w9y85w0000gn/T/recovery_test2913584405/files/file85.dat","time":"2025-08-13T20:22:54-07:00","message":"files.recovery: deleted corrupted/orphaned file"}
{"level":"info","total":100,"valid":34,"corrupted":33,"stale":33,"orphaned":0,"missing":0,"duration":2.244875,"time":"2025-08-13T20:22:54-07:00","message":"files.recovery: completed"}
{"level":"info","time":"2025-08-13T20:22:54-07:00","message":"closing metadata DB"}
{"level":"info","time":"2025-08-13T20:22:54-07:00","message":"metadata DB closed"}
--- PASS: TestParallelRecovery (0.08s)
FAIL
FAIL	github.com/tigrisdata/ocache/server/storage/files	2.011s
?   	github.com/tigrisdata/ocache/server/storage/keys	[no test files]
=== RUN   TestNewMetaDB
{"level":"info","diskPath":"/var/folders/w5/nl65sjbn1ssb99yw7_w9y85w0000gn/T/TestNewMetaDB1059651952/001","ttl":3600,"time":"2025-08-13T20:13:26-07:00","message":"creating metadata DB"}
{"level":"info","time":"2025-08-13T20:13:26-07:00","message":"metadata DB created"}
{"level":"info","time":"2025-08-13T20:13:26-07:00","message":"closing metadata DB"}
{"level":"info","time":"2025-08-13T20:13:26-07:00","message":"metadata DB closed"}
--- PASS: TestNewMetaDB (0.05s)
=== RUN   TestNewMetaDB_Singleton
{"level":"info","diskPath":"/var/folders/w5/nl65sjbn1ssb99yw7_w9y85w0000gn/T/TestNewMetaDB_Singleton3427738128/001","ttl":3600,"time":"2025-08-13T20:13:26-07:00","message":"creating metadata DB"}
{"level":"info","time":"2025-08-13T20:13:26-07:00","message":"metadata DB created"}
{"level":"info","time":"2025-08-13T20:13:26-07:00","message":"closing metadata DB"}
{"level":"info","time":"2025-08-13T20:13:26-07:00","message":"metadata DB closed"}
--- PASS: TestNewMetaDB_Singleton (0.04s)
=== RUN   TestGetMetaDB
{"level":"info","diskPath":"/var/folders/w5/nl65sjbn1ssb99yw7_w9y85w0000gn/T/TestGetMetaDB1885817251/001","ttl":3600,"time":"2025-08-13T20:13:26-07:00","message":"creating metadata DB"}
{"level":"info","time":"2025-08-13T20:13:26-07:00","message":"metadata DB created"}
{"level":"info","time":"2025-08-13T20:13:26-07:00","message":"closing metadata DB"}
{"level":"info","time":"2025-08-13T20:13:26-07:00","message":"metadata DB closed"}
--- PASS: TestGetMetaDB (0.04s)
=== RUN   TestGetMetaDB_NotInitialized
--- PASS: TestGetMetaDB_NotInitialized (0.00s)
=== RUN   TestMetaDB_Handle
{"level":"info","diskPath":"/var/folders/w5/nl65sjbn1ssb99yw7_w9y85w0000gn/T/TestMetaDB_Handle3704967648/001","ttl":3600,"time":"2025-08-13T20:13:26-07:00","message":"creating metadata DB"}
{"level":"info","time":"2025-08-13T20:13:27-07:00","message":"metadata DB created"}
{"level":"info","time":"2025-08-13T20:13:27-07:00","message":"closing metadata DB"}
{"level":"info","time":"2025-08-13T20:13:27-07:00","message":"metadata DB closed"}
--- PASS: TestMetaDB_Handle (0.05s)
=== RUN   TestCloseMetaDB
{"level":"info","diskPath":"/var/folders/w5/nl65sjbn1ssb99yw7_w9y85w0000gn/T/TestCloseMetaDB3315184761/001","ttl":3600,"time":"2025-08-13T20:13:27-07:00","message":"creating metadata DB"}
{"level":"info","time":"2025-08-13T20:13:27-07:00","message":"metadata DB created"}
{"level":"info","time":"2025-08-13T20:13:27-07:00","message":"closing metadata DB"}
{"level":"info","time":"2025-08-13T20:13:27-07:00","message":"metadata DB closed"}
--- PASS: TestCloseMetaDB (0.08s)
=== RUN   TestCloseMetaDB_NotInitialized
--- PASS: TestCloseMetaDB_NotInitialized (0.00s)
=== RUN   TestMetaDB_BasicOperations
{"level":"info","diskPath":"/var/folders/w5/nl65sjbn1ssb99yw7_w9y85w0000gn/T/TestMetaDB_BasicOperations1252871482/001","ttl":3600,"time":"2025-08-13T20:13:27-07:00","message":"creating metadata DB"}
{"level":"info","time":"2025-08-13T20:13:27-07:00","message":"metadata DB created"}
{"level":"info","time":"2025-08-13T20:13:27-07:00","message":"closing metadata DB"}
{"level":"info","time":"2025-08-13T20:13:27-07:00","message":"metadata DB closed"}
--- PASS: TestMetaDB_BasicOperations (0.06s)
=== RUN   TestMetaDB_MultiplePutGet
{"level":"info","diskPath":"/var/folders/w5/nl65sjbn1ssb99yw7_w9y85w0000gn/T/TestMetaDB_MultiplePutGet4009543765/001","ttl":3600,"time":"2025-08-13T20:13:27-07:00","message":"creating metadata DB"}
{"level":"info","time":"2025-08-13T20:13:27-07:00","message":"metadata DB created"}
{"level":"info","time":"2025-08-13T20:13:27-07:00","message":"closing metadata DB"}
{"level":"info","time":"2025-08-13T20:13:27-07:00","message":"metadata DB closed"}
--- PASS: TestMetaDB_MultiplePutGet (0.05s)
=== RUN   TestMetaDB_Overwrite
{"level":"info","diskPath":"/var/folders/w5/nl65sjbn1ssb99yw7_w9y85w0000gn/T/TestMetaDB_Overwrite3099569659/001","ttl":3600,"time":"2025-08-13T20:13:27-07:00","message":"creating metadata DB"}
{"level":"info","time":"2025-08-13T20:13:27-07:00","message":"metadata DB created"}
{"level":"info","time":"2025-08-13T20:13:27-07:00","message":"closing metadata DB"}
{"level":"info","time":"2025-08-13T20:13:27-07:00","message":"metadata DB closed"}
--- PASS: TestMetaDB_Overwrite (0.06s)
=== RUN   TestMetaDB_EmptyKey
{"level":"info","diskPath":"/var/folders/w5/nl65sjbn1ssb99yw7_w9y85w0000gn/T/TestMetaDB_EmptyKey1711511234/001","ttl":3600,"time":"2025-08-13T20:13:27-07:00","message":"creating metadata DB"}
{"level":"info","time":"2025-08-13T20:13:27-07:00","message":"metadata DB created"}
{"level":"info","time":"2025-08-13T20:13:27-07:00","message":"closing metadata DB"}
{"level":"info","time":"2025-08-13T20:13:27-07:00","message":"metadata DB closed"}
--- PASS: TestMetaDB_EmptyKey (0.05s)
=== RUN   TestMetaDB_LargeValue
{"level":"info","diskPath":"/var/folders/w5/nl65sjbn1ssb99yw7_w9y85w0000gn/T/TestMetaDB_LargeValue2935058354/001","ttl":3600,"time":"2025-08-13T20:13:27-07:00","message":"creating metadata DB"}
{"level":"info","time":"2025-08-13T20:13:27-07:00","message":"metadata DB created"}
{"level":"info","time":"2025-08-13T20:13:27-07:00","message":"closing metadata DB"}
{"level":"info","time":"2025-08-13T20:13:27-07:00","message":"metadata DB closed"}
--- PASS: TestMetaDB_LargeValue (0.06s)
=== RUN   TestMetaDB_Persistence
{"level":"info","diskPath":"/var/folders/w5/nl65sjbn1ssb99yw7_w9y85w0000gn/T/TestMetaDB_Persistence154599484/001","ttl":3600,"time":"2025-08-13T20:13:27-07:00","message":"creating metadata DB"}
{"level":"info","time":"2025-08-13T20:13:27-07:00","message":"metadata DB created"}
{"level":"info","time":"2025-08-13T20:13:27-07:00","message":"closing metadata DB"}
{"level":"info","time":"2025-08-13T20:13:27-07:00","message":"metadata DB closed"}
{"level":"info","diskPath":"/var/folders/w5/nl65sjbn1ssb99yw7_w9y85w0000gn/T/TestMetaDB_Persistence154599484/001","ttl":3600,"time":"2025-08-13T20:13:27-07:00","message":"creating metadata DB"}
{"level":"info","time":"2025-08-13T20:13:27-07:00","message":"metadata DB created"}
{"level":"info","time":"2025-08-13T20:13:27-07:00","message":"closing metadata DB"}
{"level":"info","time":"2025-08-13T20:13:27-07:00","message":"metadata DB closed"}
--- PASS: TestMetaDB_Persistence (0.09s)
PASS
ok  	github.com/tigrisdata/ocache/server/storage/metadata	(cached)
=== RUN   TestBuildAndReadValueHeader
--- PASS: TestBuildAndReadValueHeader (0.00s)
=== RUN   TestCalculateValueHeaderSize
--- PASS: TestCalculateValueHeaderSize (0.00s)
=== RUN   TestUpdateValueHeader
--- PASS: TestUpdateValueHeader (0.00s)
=== RUN   TestBuildAndParseSegmentFooter
--- PASS: TestBuildAndParseSegmentFooter (0.00s)
=== RUN   TestParseSegmentFooterInvalidPrefix
--- PASS: TestParseSegmentFooterInvalidPrefix (0.00s)
=== RUN   TestNewSegment
--- PASS: TestNewSegment (0.00s)
=== RUN   TestSegment_Path
--- PASS: TestSegment_Path (0.00s)
=== RUN   TestSegment_Remaining
--- PASS: TestSegment_Remaining (0.00s)
=== RUN   TestSegment_SetOpenFile
--- PASS: TestSegment_SetOpenFile (0.01s)
=== RUN   TestNewManager
{"level":"info","segmentsPath":"/var/folders/w5/nl65sjbn1ssb99yw7_w9y85w0000gn/T/TestNewManager2170101857/001/segments","time":"2025-08-13T20:13:27-07:00","message":"creating segment manager"}
{"level":"info","path":"/var/folders/w5/nl65sjbn1ssb99yw7_w9y85w0000gn/T/TestNewManager2170101857/001/segments","time":"2025-08-13T20:13:27-07:00","message":"loading segments"}
{"level":"info","path":"/var/folders/w5/nl65sjbn1ssb99yw7_w9y85w0000gn/T/TestNewManager2170101857/001/segments","time":"2025-08-13T20:13:27-07:00","message":"finished loading segments"}
{"level":"info","path":"/var/folders/w5/nl65sjbn1ssb99yw7_w9y85w0000gn/T/TestNewManager2170101857/001/segments","time":"2025-08-13T20:13:27-07:00","message":"finished finalizing open segments"}
{"level":"info","time":"2025-08-13T20:13:27-07:00","message":"segment manager created"}
{"level":"info","time":"2025-08-13T20:13:27-07:00","message":"closing segment manager"}
{"level":"info","time":"2025-08-13T20:13:27-07:00","message":"segment manager closed"}
--- PASS: TestNewManager (0.00s)
=== RUN   TestManager_RegisterSegment
{"level":"info","segmentsPath":"/var/folders/w5/nl65sjbn1ssb99yw7_w9y85w0000gn/T/TestManager_RegisterSegment1405508172/001/segments","time":"2025-08-13T20:13:27-07:00","message":"creating segment manager"}
{"level":"info","path":"/var/folders/w5/nl65sjbn1ssb99yw7_w9y85w0000gn/T/TestManager_RegisterSegment1405508172/001/segments","time":"2025-08-13T20:13:27-07:00","message":"loading segments"}
{"level":"info","path":"/var/folders/w5/nl65sjbn1ssb99yw7_w9y85w0000gn/T/TestManager_RegisterSegment1405508172/001/segments","time":"2025-08-13T20:13:27-07:00","message":"finished loading segments"}
{"level":"info","path":"/var/folders/w5/nl65sjbn1ssb99yw7_w9y85w0000gn/T/TestManager_RegisterSegment1405508172/001/segments","time":"2025-08-13T20:13:27-07:00","message":"finished finalizing open segments"}
{"level":"info","time":"2025-08-13T20:13:27-07:00","message":"segment manager created"}
{"level":"info","time":"2025-08-13T20:13:27-07:00","message":"closing segment manager"}
{"level":"info","time":"2025-08-13T20:13:27-07:00","message":"segment manager closed"}
--- PASS: TestManager_RegisterSegment (0.00s)
=== RUN   TestManager_AcquireOpenSegment
{"level":"info","segmentsPath":"/var/folders/w5/nl65sjbn1ssb99yw7_w9y85w0000gn/T/TestManager_AcquireOpenSegment1137840878/001/segments","time":"2025-08-13T20:13:27-07:00","message":"creating segment manager"}
{"level":"info","path":"/var/folders/w5/nl65sjbn1ssb99yw7_w9y85w0000gn/T/TestManager_AcquireOpenSegment1137840878/001/segments","time":"2025-08-13T20:13:27-07:00","message":"loading segments"}
{"level":"info","path":"/var/folders/w5/nl65sjbn1ssb99yw7_w9y85w0000gn/T/TestManager_AcquireOpenSegment1137840878/001/segments","time":"2025-08-13T20:13:27-07:00","message":"finished loading segments"}
{"level":"info","path":"/var/folders/w5/nl65sjbn1ssb99yw7_w9y85w0000gn/T/TestManager_AcquireOpenSegment1137840878/001/segments","time":"2025-08-13T20:13:27-07:00","message":"finished finalizing open segments"}
{"level":"info","time":"2025-08-13T20:13:27-07:00","message":"segment manager created"}
{"level":"info","path":"/var/folders/w5/nl65sjbn1ssb99yw7_w9y85w0000gn/T/TestManager_AcquireOpenSegment1137840878/001/segments/segment_1755141207005978000.seg","time":"2025-08-13T20:13:27-07:00","message":"creating new segment"}
{"level":"info","time":"2025-08-13T20:13:27-07:00","message":"closing segment manager"}
{"level":"info","time":"2025-08-13T20:13:27-07:00","message":"segment manager closed"}
--- PASS: TestManager_AcquireOpenSegment (0.01s)
=== RUN   TestManager_WriteEntry
{"level":"info","segmentsPath":"/var/folders/w5/nl65sjbn1ssb99yw7_w9y85w0000gn/T/TestManager_WriteEntry1867797671/001/segments","time":"2025-08-13T20:13:27-07:00","message":"creating segment manager"}
{"level":"info","path":"/var/folders/w5/nl65sjbn1ssb99yw7_w9y85w0000gn/T/TestManager_WriteEntry1867797671/001/segments","time":"2025-08-13T20:13:27-07:00","message":"loading segments"}
{"level":"info","path":"/var/folders/w5/nl65sjbn1ssb99yw7_w9y85w0000gn/T/TestManager_WriteEntry1867797671/001/segments","time":"2025-08-13T20:13:27-07:00","message":"finished loading segments"}
{"level":"info","path":"/var/folders/w5/nl65sjbn1ssb99yw7_w9y85w0000gn/T/TestManager_WriteEntry1867797671/001/segments","time":"2025-08-13T20:13:27-07:00","message":"finished finalizing open segments"}
{"level":"info","time":"2025-08-13T20:13:27-07:00","message":"segment manager created"}
{"level":"info","path":"/var/folders/w5/nl65sjbn1ssb99yw7_w9y85w0000gn/T/TestManager_WriteEntry1867797671/001/segments/segment_1755141207030359000.seg","time":"2025-08-13T20:13:27-07:00","message":"creating new segment"}
{"level":"debug","key":"test-key","valueLength":15,"segment":"/var/folders/w5/nl65sjbn1ssb99yw7_w9y85w0000gn/T/TestManager_WriteEntry1867797671/001/segments/segment_1755141207030359000.seg","time":"2025-08-13T20:13:27-07:00","message":"writing entry to segment"}
{"level":"debug","key":"test-key","bytesWritten":15,"segmentSize":41,"time":"2025-08-13T20:13:27-07:00","message":"successfully wrote entry to segment"}
{"level":"info","time":"2025-08-13T20:13:27-07:00","message":"closing segment manager"}
{"level":"info","time":"2025-08-13T20:13:27-07:00","message":"segment manager closed"}
--- PASS: TestManager_WriteEntry (0.03s)
=== RUN   TestManager_SyncSegment
{"level":"info","segmentsPath":"/var/folders/w5/nl65sjbn1ssb99yw7_w9y85w0000gn/T/TestManager_SyncSegment841744834/001/segments","time":"2025-08-13T20:13:27-07:00","message":"creating segment manager"}
{"level":"info","path":"/var/folders/w5/nl65sjbn1ssb99yw7_w9y85w0000gn/T/TestManager_SyncSegment841744834/001/segments","time":"2025-08-13T20:13:27-07:00","message":"loading segments"}
{"level":"info","path":"/var/folders/w5/nl65sjbn1ssb99yw7_w9y85w0000gn/T/TestManager_SyncSegment841744834/001/segments","time":"2025-08-13T20:13:27-07:00","message":"finished loading segments"}
{"level":"info","path":"/var/folders/w5/nl65sjbn1ssb99yw7_w9y85w0000gn/T/TestManager_SyncSegment841744834/001/segments","time":"2025-08-13T20:13:27-07:00","message":"finished finalizing open segments"}
{"level":"info","time":"2025-08-13T20:13:27-07:00","message":"segment manager created"}
{"level":"info","path":"/var/folders/w5/nl65sjbn1ssb99yw7_w9y85w0000gn/T/TestManager_SyncSegment841744834/001/segments/segment_1755141207050622000.seg","time":"2025-08-13T20:13:27-07:00","message":"creating new segment"}
{"level":"info","time":"2025-08-13T20:13:27-07:00","message":"closing segment manager"}
{"level":"info","time":"2025-08-13T20:13:27-07:00","message":"segment manager closed"}
--- PASS: TestManager_SyncSegment (0.01s)
=== RUN   TestManager_FinalizeSegment
{"level":"info","segmentsPath":"/var/folders/w5/nl65sjbn1ssb99yw7_w9y85w0000gn/T/TestManager_FinalizeSegment230038750/001/segments","time":"2025-08-13T20:13:27-07:00","message":"creating segment manager"}
{"level":"info","path":"/var/folders/w5/nl65sjbn1ssb99yw7_w9y85w0000gn/T/TestManager_FinalizeSegment230038750/001/segments","time":"2025-08-13T20:13:27-07:00","message":"loading segments"}
{"level":"info","path":"/var/folders/w5/nl65sjbn1ssb99yw7_w9y85w0000gn/T/TestManager_FinalizeSegment230038750/001/segments","time":"2025-08-13T20:13:27-07:00","message":"finished loading segments"}
{"level":"info","path":"/var/folders/w5/nl65sjbn1ssb99yw7_w9y85w0000gn/T/TestManager_FinalizeSegment230038750/001/segments","time":"2025-08-13T20:13:27-07:00","message":"finished finalizing open segments"}
{"level":"info","time":"2025-08-13T20:13:27-07:00","message":"segment manager created"}
{"level":"info","path":"/var/folders/w5/nl65sjbn1ssb99yw7_w9y85w0000gn/T/TestManager_FinalizeSegment230038750/001/segments/segment_1755141207067146000.seg","time":"2025-08-13T20:13:27-07:00","message":"creating new segment"}
{"level":"debug","key":"test-key","valueLength":15,"segment":"/var/folders/w5/nl65sjbn1ssb99yw7_w9y85w0000gn/T/TestManager_FinalizeSegment230038750/001/segments/segment_1755141207067146000.seg","time":"2025-08-13T20:13:27-07:00","message":"writing entry to segment"}
{"level":"debug","key":"test-key","bytesWritten":15,"segmentSize":41,"time":"2025-08-13T20:13:27-07:00","message":"successfully wrote entry to segment"}
{"level":"info","path":"/var/folders/w5/nl65sjbn1ssb99yw7_w9y85w0000gn/T/TestManager_FinalizeSegment230038750/001/segments/segment_1755141207067146000.seg","time":"2025-08-13T20:13:27-07:00","message":"finalizing segment"}
{"level":"info","path":"/var/folders/w5/nl65sjbn1ssb99yw7_w9y85w0000gn/T/TestManager_FinalizeSegment230038750/001/segments/segment_1755141207067146000.seg","time":"2025-08-13T20:13:27-07:00","message":"finished finalizing segment"}
{"level":"info","time":"2025-08-13T20:13:27-07:00","message":"closing segment manager"}
{"level":"info","time":"2025-08-13T20:13:27-07:00","message":"segment manager closed"}
--- PASS: TestManager_FinalizeSegment (0.01s)
=== RUN   TestManager_ReadValue
{"level":"info","segmentsPath":"/var/folders/w5/nl65sjbn1ssb99yw7_w9y85w0000gn/T/TestManager_ReadValue2353661054/001/segments","time":"2025-08-13T20:13:27-07:00","message":"creating segment manager"}
{"level":"info","path":"/var/folders/w5/nl65sjbn1ssb99yw7_w9y85w0000gn/T/TestManager_ReadValue2353661054/001/segments","time":"2025-08-13T20:13:27-07:00","message":"loading segments"}
{"level":"info","path":"/var/folders/w5/nl65sjbn1ssb99yw7_w9y85w0000gn/T/TestManager_ReadValue2353661054/001/segments","time":"2025-08-13T20:13:27-07:00","message":"finished loading segments"}
{"level":"info","path":"/var/folders/w5/nl65sjbn1ssb99yw7_w9y85w0000gn/T/TestManager_ReadValue2353661054/001/segments","time":"2025-08-13T20:13:27-07:00","message":"finished finalizing open segments"}
{"level":"info","time":"2025-08-13T20:13:27-07:00","message":"segment manager created"}
{"level":"info","path":"/var/folders/w5/nl65sjbn1ssb99yw7_w9y85w0000gn/T/TestManager_ReadValue2353661054/001/segments/segment_1755141207078482000.seg","time":"2025-08-13T20:13:27-07:00","message":"creating new segment"}
{"level":"debug","key":"read-test-key","valueLength":27,"segment":"/var/folders/w5/nl65sjbn1ssb99yw7_w9y85w0000gn/T/TestManager_ReadValue2353661054/001/segments/segment_1755141207078482000.seg","time":"2025-08-13T20:13:27-07:00","message":"writing entry to segment"}
{"level":"debug","key":"read-test-key","bytesWritten":27,"segmentSize":58,"time":"2025-08-13T20:13:27-07:00","message":"successfully wrote entry to segment"}
{"level":"info","path":"/var/folders/w5/nl65sjbn1ssb99yw7_w9y85w0000gn/T/TestManager_ReadValue2353661054/001/segments/segment_1755141207078482000.seg","time":"2025-08-13T20:13:27-07:00","message":"finalizing segment"}
{"level":"info","path":"/var/folders/w5/nl65sjbn1ssb99yw7_w9y85w0000gn/T/TestManager_ReadValue2353661054/001/segments/segment_1755141207078482000.seg","time":"2025-08-13T20:13:27-07:00","message":"finished finalizing segment"}
{"level":"info","time":"2025-08-13T20:13:27-07:00","message":"closing segment manager"}
{"level":"info","time":"2025-08-13T20:13:27-07:00","message":"segment manager closed"}
--- PASS: TestManager_ReadValue (0.01s)
=== RUN   TestManager_ReadValue_InvalidParams
{"level":"info","segmentsPath":"/var/folders/w5/nl65sjbn1ssb99yw7_w9y85w0000gn/T/TestManager_ReadValue_InvalidParams3848549566/001/segments","time":"2025-08-13T20:13:27-07:00","message":"creating segment manager"}
{"level":"info","path":"/var/folders/w5/nl65sjbn1ssb99yw7_w9y85w0000gn/T/TestManager_ReadValue_InvalidParams3848549566/001/segments","time":"2025-08-13T20:13:27-07:00","message":"loading segments"}
{"level":"info","path":"/var/folders/w5/nl65sjbn1ssb99yw7_w9y85w0000gn/T/TestManager_ReadValue_InvalidParams3848549566/001/segments","time":"2025-08-13T20:13:27-07:00","message":"finished loading segments"}
{"level":"info","path":"/var/folders/w5/nl65sjbn1ssb99yw7_w9y85w0000gn/T/TestManager_ReadValue_InvalidParams3848549566/001/segments","time":"2025-08-13T20:13:27-07:00","message":"finished finalizing open segments"}
{"level":"info","time":"2025-08-13T20:13:27-07:00","message":"segment manager created"}
{"level":"info","time":"2025-08-13T20:13:27-07:00","message":"closing segment manager"}
{"level":"info","time":"2025-08-13T20:13:27-07:00","message":"segment manager closed"}
--- PASS: TestManager_ReadValue_InvalidParams (0.01s)
=== RUN   TestManager_LoadSegments
{"level":"info","segmentsPath":"/var/folders/w5/nl65sjbn1ssb99yw7_w9y85w0000gn/T/TestManager_LoadSegments190547846/001/segments","time":"2025-08-13T20:13:27-07:00","message":"creating segment manager"}
{"level":"info","path":"/var/folders/w5/nl65sjbn1ssb99yw7_w9y85w0000gn/T/TestManager_LoadSegments190547846/001/segments","time":"2025-08-13T20:13:27-07:00","message":"loading segments"}
{"level":"info","path":"/var/folders/w5/nl65sjbn1ssb99yw7_w9y85w0000gn/T/TestManager_LoadSegments190547846/001/segments","time":"2025-08-13T20:13:27-07:00","message":"finished loading segments"}
{"level":"info","path":"/var/folders/w5/nl65sjbn1ssb99yw7_w9y85w0000gn/T/TestManager_LoadSegments190547846/001/segments","time":"2025-08-13T20:13:27-07:00","message":"finished finalizing open segments"}
{"level":"info","time":"2025-08-13T20:13:27-07:00","message":"segment manager created"}
{"level":"info","time":"2025-08-13T20:13:27-07:00","message":"closing segment manager"}
{"level":"info","time":"2025-08-13T20:13:27-07:00","message":"segment manager closed"}
--- PASS: TestManager_LoadSegments (0.01s)
=== RUN   TestManager_MultipleOpenSegments
{"level":"info","segmentsPath":"/var/folders/w5/nl65sjbn1ssb99yw7_w9y85w0000gn/T/TestManager_MultipleOpenSegments4246282404/001/segments","time":"2025-08-13T20:13:27-07:00","message":"creating segment manager"}
{"level":"info","path":"/var/folders/w5/nl65sjbn1ssb99yw7_w9y85w0000gn/T/TestManager_MultipleOpenSegments4246282404/001/segments","time":"2025-08-13T20:13:27-07:00","message":"loading segments"}
{"level":"info","path":"/var/folders/w5/nl65sjbn1ssb99yw7_w9y85w0000gn/T/TestManager_MultipleOpenSegments4246282404/001/segments/segment.seg","time":"2025-08-13T20:13:27-07:00","message":"validating open segment"}
{"level":"info","path":"/var/folders/w5/nl65sjbn1ssb99yw7_w9y85w0000gn/T/TestManager_MultipleOpenSegments4246282404/001/segments/segment.seg","valid_data_size":0,"maxSupportedSize":1048576,"time":"2025-08-13T20:13:27-07:00","message":"finished validating open segment"}
{"level":"info","path":"/var/folders/w5/nl65sjbn1ssb99yw7_w9y85w0000gn/T/TestManager_MultipleOpenSegments4246282404/001/segments","time":"2025-08-13T20:13:27-07:00","message":"finished loading segments"}
{"level":"info","path":"/var/folders/w5/nl65sjbn1ssb99yw7_w9y85w0000gn/T/TestManager_MultipleOpenSegments4246282404/001/segments","time":"2025-08-13T20:13:27-07:00","message":"finished finalizing open segments"}
{"level":"info","time":"2025-08-13T20:13:27-07:00","message":"segment manager created"}
{"level":"info","time":"2025-08-13T20:13:27-07:00","message":"closing segment manager"}
{"level":"info","time":"2025-08-13T20:13:27-07:00","message":"segment manager closed"}
--- PASS: TestManager_MultipleOpenSegments (0.01s)
=== RUN   TestReadCloserWithOnClose
--- PASS: TestReadCloserWithOnClose (0.00s)
=== RUN   TestReadCloserWithOnClose_NilCallback
--- PASS: TestReadCloserWithOnClose_NilCallback (0.00s)
=== RUN   TestManager_ValidateOpenSegment
{"level":"info","segmentsPath":"/var/folders/w5/nl65sjbn1ssb99yw7_w9y85w0000gn/T/TestManager_ValidateOpenSegment3643880824/001/segments","time":"2025-08-13T20:13:27-07:00","message":"creating segment manager"}
{"level":"info","path":"/var/folders/w5/nl65sjbn1ssb99yw7_w9y85w0000gn/T/TestManager_ValidateOpenSegment3643880824/001/segments","time":"2025-08-13T20:13:27-07:00","message":"loading segments"}
{"level":"info","path":"/var/folders/w5/nl65sjbn1ssb99yw7_w9y85w0000gn/T/TestManager_ValidateOpenSegment3643880824/001/segments/segment_test.seg","time":"2025-08-13T20:13:27-07:00","message":"validating open segment"}
{"level":"info","path":"/var/folders/w5/nl65sjbn1ssb99yw7_w9y85w0000gn/T/TestManager_ValidateOpenSegment3643880824/001/segments/segment_test.seg","valid_data_size":97,"maxSupportedSize":268435456,"time":"2025-08-13T20:13:27-07:00","message":"finished validating open segment"}
{"level":"info","path":"/var/folders/w5/nl65sjbn1ssb99yw7_w9y85w0000gn/T/TestManager_ValidateOpenSegment3643880824/001/segments","time":"2025-08-13T20:13:27-07:00","message":"finished loading segments"}
{"level":"info","path":"/var/folders/w5/nl65sjbn1ssb99yw7_w9y85w0000gn/T/TestManager_ValidateOpenSegment3643880824/001/segments","time":"2025-08-13T20:13:27-07:00","message":"finished finalizing open segments"}
{"level":"info","time":"2025-08-13T20:13:27-07:00","message":"segment manager created"}
{"level":"info","time":"2025-08-13T20:13:27-07:00","message":"closing segment manager"}
{"level":"info","time":"2025-08-13T20:13:27-07:00","message":"segment manager closed"}
--- PASS: TestManager_ValidateOpenSegment (0.01s)
=== RUN   TestManager_ValidateOpenSegmentWithCorruption
{"level":"info","segmentsPath":"/var/folders/w5/nl65sjbn1ssb99yw7_w9y85w0000gn/T/TestManager_ValidateOpenSegmentWithCorruption3668314480/001/segments","time":"2025-08-13T20:13:27-07:00","message":"creating segment manager"}
{"level":"info","path":"/var/folders/w5/nl65sjbn1ssb99yw7_w9y85w0000gn/T/TestManager_ValidateOpenSegmentWithCorruption3668314480/001/segments","time":"2025-08-13T20:13:27-07:00","message":"loading segments"}
{"level":"info","path":"/var/folders/w5/nl65sjbn1ssb99yw7_w9y85w0000gn/T/TestManager_ValidateOpenSegmentWithCorruption3668314480/001/segments/segment_corrupt.seg","time":"2025-08-13T20:13:27-07:00","message":"validating open segment"}
{"level":"info","path":"/var/folders/w5/nl65sjbn1ssb99yw7_w9y85w0000gn/T/TestManager_ValidateOpenSegmentWithCorruption3668314480/001/segments/segment_corrupt.seg","valid_data_size":37,"maxSupportedSize":268435456,"time":"2025-08-13T20:13:27-07:00","message":"finished validating open segment"}
{"level":"info","path":"/var/folders/w5/nl65sjbn1ssb99yw7_w9y85w0000gn/T/TestManager_ValidateOpenSegmentWithCorruption3668314480/001/segments","time":"2025-08-13T20:13:27-07:00","message":"finished loading segments"}
{"level":"info","path":"/var/folders/w5/nl65sjbn1ssb99yw7_w9y85w0000gn/T/TestManager_ValidateOpenSegmentWithCorruption3668314480/001/segments","time":"2025-08-13T20:13:27-07:00","message":"finished finalizing open segments"}
{"level":"info","time":"2025-08-13T20:13:27-07:00","message":"segment manager created"}
{"level":"info","time":"2025-08-13T20:13:27-07:00","message":"closing segment manager"}
{"level":"info","time":"2025-08-13T20:13:27-07:00","message":"segment manager closed"}
--- PASS: TestManager_ValidateOpenSegmentWithCorruption (0.01s)
=== RUN   TestManager_Close
{"level":"info","segmentsPath":"/var/folders/w5/nl65sjbn1ssb99yw7_w9y85w0000gn/T/TestManager_Close1410121825/001/segments","time":"2025-08-13T20:13:27-07:00","message":"creating segment manager"}
{"level":"info","path":"/var/folders/w5/nl65sjbn1ssb99yw7_w9y85w0000gn/T/TestManager_Close1410121825/001/segments","time":"2025-08-13T20:13:27-07:00","message":"loading segments"}
{"level":"info","path":"/var/folders/w5/nl65sjbn1ssb99yw7_w9y85w0000gn/T/TestManager_Close1410121825/001/segments","time":"2025-08-13T20:13:27-07:00","message":"finished loading segments"}
{"level":"info","path":"/var/folders/w5/nl65sjbn1ssb99yw7_w9y85w0000gn/T/TestManager_Close1410121825/001/segments","time":"2025-08-13T20:13:27-07:00","message":"finished finalizing open segments"}
{"level":"info","time":"2025-08-13T20:13:27-07:00","message":"segment manager created"}
{"level":"info","path":"/var/folders/w5/nl65sjbn1ssb99yw7_w9y85w0000gn/T/TestManager_Close1410121825/001/segments/segment_1755141207139480000.seg","time":"2025-08-13T20:13:27-07:00","message":"creating new segment"}
{"level":"info","time":"2025-08-13T20:13:27-07:00","message":"closing segment manager"}
{"level":"info","time":"2025-08-13T20:13:27-07:00","message":"segment manager closed"}
    manager_test.go:755: Segment file should be closed after manager.Close()
--- PASS: TestManager_Close (0.00s)
PASS
ok  	github.com/tigrisdata/ocache/server/storage/segment	(cached)
=== RUN   TestValidateFileEntry
=== RUN   TestValidateFileEntry/metadata_nil
{"level":"debug","context":"test","key":"key1","filepath":"/path/to/file","reason":"metadata not found","time":"2025-08-13T20:13:27-07:00","message":"stale entry"}
=== RUN   TestValidateFileEntry/matching_file_path
=== RUN   TestValidateFileEntry/different_file_path
{"level":"debug","context":"test","key":"key3","old_file":"/path/to/old.dat","new_file":"/path/to/new.dat","reason":"metadata updated","time":"2025-08-13T20:13:27-07:00","message":"stale entry"}
=== RUN   TestValidateFileEntry/already_compacted
{"level":"debug","context":"test","key":"key4","file":"/path/to/compacted.dat","reason":"already compacted","time":"2025-08-13T20:13:27-07:00","message":"stale entry"}
=== RUN   TestValidateFileEntry/inline_value
{"level":"debug","context":"test","key":"key5","filepath":"/path/to/inline.dat","value_type":"INLINE","reason":"not raw file","time":"2025-08-13T20:13:27-07:00","message":"stale entry"}
--- PASS: TestValidateFileEntry (0.00s)
    --- PASS: TestValidateFileEntry/metadata_nil (0.00s)
    --- PASS: TestValidateFileEntry/matching_file_path (0.00s)
    --- PASS: TestValidateFileEntry/different_file_path (0.00s)
    --- PASS: TestValidateFileEntry/already_compacted (0.00s)
    --- PASS: TestValidateFileEntry/inline_value (0.00s)
PASS
ok  	github.com/tigrisdata/ocache/server/utils	(cached)
FAIL
